Archive member included to satisfy reference by file (symbol)

app/libapp.a(main.c.obj)      (--whole-archive)
app/libapp.a(ir_hal.c.obj)    (--whole-archive)
app/libapp.a(irdb_protocol.c.obj)
                              (--whole-archive)
app/libapp.a(irdb_loader.c.obj)
                              (--whole-archive)
app/libapp.a(ir_service.c.obj)
                              (--whole-archive)
app/libapp.a(ir_learning.c.obj)
                              (--whole-archive)
app/libapp.a(ir_learning_app.c.obj)
                              (--whole-archive)
zephyr/libzephyr.a(heap.c.obj)
                              (--whole-archive)
zephyr/libzephyr.a(cbprintf_packaged.c.obj)
                              (--whole-archive)
zephyr/libzephyr.a(printk.c.obj)
                              (--whole-archive)
zephyr/libzephyr.a(sem.c.obj)
                              (--whole-archive)
zephyr/libzephyr.a(thread_entry.c.obj)
                              (--whole-archive)
zephyr/libzephyr.a(cbprintf_complete.c.obj)
                              (--whole-archive)
zephyr/libzephyr.a(assert.c.obj)
                              (--whole-archive)
zephyr/libzephyr.a(mpsc_pbuf.c.obj)
                              (--whole-archive)
zephyr/libzephyr.a(dec.c.obj)
                              (--whole-archive)
zephyr/libzephyr.a(hex.c.obj)
                              (--whole-archive)
zephyr/libzephyr.a(rb.c.obj)  (--whole-archive)
zephyr/libzephyr.a(timeutil.c.obj)
                              (--whole-archive)
zephyr/libzephyr.a(bitarray.c.obj)
                              (--whole-archive)
zephyr/libzephyr.a(onoff.c.obj)
                              (--whole-archive)
zephyr/libzephyr.a(notify.c.obj)
                              (--whole-archive)
zephyr/libzephyr.a(ring_buffer.c.obj)
                              (--whole-archive)
zephyr/libzephyr.a(last_section_id.c.obj)
                              (--whole-archive)
zephyr/libzephyr.a(configs.c.obj)
                              (--whole-archive)
zephyr/libzephyr.a(log_core.c.obj)
                              (--whole-archive)
zephyr/libzephyr.a(log_mgmt.c.obj)
                              (--whole-archive)
zephyr/libzephyr.a(log_cache.c.obj)
                              (--whole-archive)
zephyr/libzephyr.a(log_msg.c.obj)
                              (--whole-archive)
zephyr/libzephyr.a(log_output.c.obj)
                              (--whole-archive)
zephyr/libzephyr.a(log_backend_rtt.c.obj)
                              (--whole-archive)
zephyr/libzephyr.a(mem_attr.c.obj)
                              (--whole-archive)
zephyr/libzephyr.a(tracing_none.c.obj)
                              (--whole-archive)
zephyr/libzephyr.a(kernel_shell.c.obj)
                              (--whole-archive)
zephyr/libzephyr.a(cycles.c.obj)
                              (--whole-archive)
zephyr/libzephyr.a(sleep.c.obj)
                              (--whole-archive)
zephyr/libzephyr.a(uptime.c.obj)
                              (--whole-archive)
zephyr/libzephyr.a(version.c.obj)
                              (--whole-archive)
zephyr/libzephyr.a(log-level.c.obj)
                              (--whole-archive)
zephyr/libzephyr.a(thread.c.obj)
                              (--whole-archive)
zephyr/libzephyr.a(list.c.obj)
                              (--whole-archive)
zephyr/libzephyr.a(stacks.c.obj)
                              (--whole-archive)
zephyr/libzephyr.a(device_service.c.obj)
                              (--whole-archive)
zephyr/libzephyr.a(devmem_service.c.obj)
                              (--whole-archive)
zephyr/libzephyr.a(shell_uart.c.obj)
                              (--whole-archive)
zephyr/libzephyr.a(shell.c.obj)
                              (--whole-archive)
zephyr/libzephyr.a(shell_fprintf.c.obj)
                              (--whole-archive)
zephyr/libzephyr.a(shell_utils.c.obj)
                              (--whole-archive)
zephyr/libzephyr.a(shell_ops.c.obj)
                              (--whole-archive)
zephyr/libzephyr.a(shell_log_backend.c.obj)
                              (--whole-archive)
zephyr/libzephyr.a(shell_help.c.obj)
                              (--whole-archive)
zephyr/libzephyr.a(shell_cmds.c.obj)
                              (--whole-archive)
zephyr/libzephyr.a(shell_history.c.obj)
                              (--whole-archive)
zephyr/libzephyr.a(shell_wildcard.c.obj)
                              (--whole-archive)
zephyr/libzephyr.a(banner.c.obj)
                              (--whole-archive)
zephyr/libzephyr.a(flash_map_partition_manager.c.obj)
                              (--whole-archive)
zephyr/libzephyr.a(nrf_cc3xx_platform_abort_zephyr.c.obj)
                              (--whole-archive)
zephyr/libzephyr.a(nrf_cc3xx_platform_mutex_zephyr.c.obj)
                              (--whole-archive)
zephyr/arch/common/libarch__common.a(sw_isr_common.c.obj)
                              (--whole-archive)
[...]
Memory Configuration

Name             Origin             Length             Attributes
FLASH            0x0000000000000000 0x0000000000100000 xr
RAM              0x0000000020000000 0x0000000000040000 xw
IDT_LIST         0x00000000ffff7fff 0x0000000000008000 xw
*default*        0x0000000000000000 0xffffffffffffffff

Linker script and memory map

                0x00000000000118b8                vfprintf = __d_vfprintf
                0x0000000000012274                vfscanf = __d_vfscanf
LOAD zephyr/CMakeFiles/zephyr_pre0.dir/misc/empty_file.c.obj
LOAD zephyr/CMakeFiles/offsets.dir/./arch/arm/core/offsets/offsets.c.obj
LOAD app/libapp.a
LOAD zephyr/libzephyr.a
LOAD zephyr/arch/common/libarch__common.a
LOAD zephyr/arch/arch/arm/core/libarch__arm__core.a
LOAD zephyr/arch/arch/arm/core/cortex_m/libarch__arm__core__cortex_m.a
LOAD zephyr/arch/arch/arm/core/mpu/libarch__arm__core__mpu.a
LOAD zephyr/lib/libc/picolibc/liblib__libc__picolibc.a
LOAD zephyr/lib/libc/common/liblib__libc__common.a
LOAD zephyr/lib/posix/options/liblib__posix__options.a
LOAD zephyr/soc/soc/nrf52840/libsoc__nordic.a
LOAD zephyr/drivers/clock_control/libdrivers__clock_control.a
LOAD zephyr/drivers/console/libdrivers__console.a
LOAD zephyr/drivers/gpio/libdrivers__gpio.a
LOAD zephyr/drivers/pinctrl/libdrivers__pinctrl.a
LOAD zephyr/drivers/pwm/libdrivers__pwm.a
LOAD zephyr/drivers/serial/libdrivers__serial.a
LOAD zephyr/drivers/timer/libdrivers__timer.a
LOAD modules/nrf/drivers/hw_cc3xx/lib..__nrf__drivers__hw_cc3xx.a
LOAD modules/hal_nordic/modules/hal_nordic/nrfx/libmodules__hal_nordic__nrfx.a
LOAD modules/segger/libmodules__segger.a
LOAD zephyr/kernel/libkernel.a
LOAD zephyr/arch/common/libisr_tables.a
LOAD C:/ncs/v3.0.2/nrfxlib/crypto/nrf_cc310_platform/lib/cortex-m4/hard-float/no-interrupts/libnrf_cc310_platform_0.9.19.a
LOAD c:\ncs\toolchains\0b393f9e1b\opt\zephyr-sdk\arm-zephyr-eabi\bin\../lib/gcc/../../picolibc/arm-zephyr-eabi/lib/thumb/v7e-m+fp/hard\libc.a
LOAD c:/ncs/toolchains/0b393f9e1b/opt/zephyr-sdk/arm-zephyr-eabi/bin/../lib/gcc/arm-zephyr-eabi/12.2.0/thumb/v7e-m+fp/hard\libgcc.a
                0x0000000000000020                _region_min_align = 0x20

.rel.plt        0x0000000000000000        0x0
 *(SORT_BY_ALIGNMENT(.rel.plt))
                [!provide]                        PROVIDE (__rel_iplt_start = .)
 *(SORT_BY_ALIGNMENT(.rel.iplt))
 .rel.iplt      0x0000000000000000        0x0 app/libapp.a(main.c.obj)
                [!provide]                        PROVIDE (__rel_iplt_end = .)

.rela.plt       0x0000000000000000        0x0
 *(SORT_BY_ALIGNMENT(.rela.plt))
                [!provide]                        PROVIDE (__rela_iplt_start = .)
 *(SORT_BY_ALIGNMENT(.rela.iplt))
                [!provide]                        PROVIDE (__rela_iplt_end = .)

.rel.dyn
 *(SORT_BY_ALIGNMENT(.rel.*))

.rela.dyn
 *(SORT_BY_ALIGNMENT(.rela.*))

/DISCARD/
 *(SORT_BY_ALIGNMENT(.plt))

/DISCARD/
 *(SORT_BY_ALIGNMENT(.iplt))
                0x0000000000000000                __rom_region_start = 0x0

rom_start       0x0000000000000000      0x100
                0x0000000000000000                __rom_start_address = .
 FILL mask 0x00
                0x0000000000000000                . = (. + (0x0 - (. - __rom_start_address)))
                0x0000000000000000                . = ALIGN (0x4)
                0x0000000000000000                . = ALIGN (0x80)
                0x0000000000000000                . = ALIGN (0x100)
                0x0000000000000000                _vector_start = .
 *(SORT_BY_ALIGNMENT(.exc_vector_table))
 *(SORT_BY_ALIGNMENT(.exc_vector_table.*))
 .exc_vector_table._vector_table_section
                0x0000000000000000       0x40 zephyr/arch/arch/arm/core/cortex_m/libarch__arm__core__cortex_m.a(vector_table.S.obj)
                0x0000000000000000                _vector_table
 *(SORT_BY_ALIGNMENT(.vectors))
                0x0000000000000100                _vector_end = .
                0x0000000000000040                . = ALIGN (0x4)
 *(SORT_BY_ALIGNMENT(.gnu.linkonce.irq_vector_table*))
 .gnu.linkonce.irq_vector_table
                0x0000000000000040       0xc0 zephyr/arch/common/libisr_tables.a(isr_tables.c.obj)
                0x0000000000000040                _irq_vector_table
                0x0000000000000100                _vector_end = .

text            0x0000000000000100    0x17e20
                0x0000000000000100                __text_region_start = .
 *(SORT_BY_ALIGNMENT(.text))
 .text          0x0000000000000100      0x378 c:/ncs/toolchains/0b393f9e1b/opt/zephyr-sdk/arm-zephyr-eabi/bin/../lib/gcc/arm-zephyr-eabi/12.2.0/thumb/v7e-m+fp/hard\libgcc.a(_arm_addsubdf3.o)
                0x0000000000000100                __aeabi_drsub
                0x0000000000000108                __aeabi_dsub
                0x0000000000000108                __subdf3
                0x000000000000010c                __aeabi_dadd
                0x000000000000010c                __adddf3
                0x0000000000000384                __floatunsidf
                0x0000000000000384                __aeabi_ui2d
                0x00000000000003a4                __floatsidf
                0x00000000000003a4                __aeabi_i2d
                0x00000000000003c8                __aeabi_f2d
                0x00000000000003c8                __extendsfdf2
                0x000000000000040c                __floatundidf
                0x000000000000040c                __aeabi_ul2d
                0x000000000000041c                __floatdidf
                0x000000000000041c                __aeabi_l2d
 .text          0x0000000000000478      0x110 c:/ncs/toolchains/0b393f9e1b/opt/zephyr-sdk/arm-zephyr-eabi/bin/../lib/gcc/arm-zephyr-eabi/12.2.0/thumb/v7e-m+fp/hard\libgcc.a(_arm_cmpdf2.o)
                0x0000000000000478                __gtdf2
                0x0000000000000478                __gedf2
                0x0000000000000480                __ltdf2
                0x0000000000000480                __ledf2
                0x0000000000000488                __nedf2
                0x0000000000000488                __eqdf2
                0x0000000000000488                __cmpdf2
                0x0000000000000504                __aeabi_cdrcmple
                0x0000000000000514                __aeabi_cdcmpeq
                0x0000000000000514                __aeabi_cdcmple
                0x0000000000000524                __aeabi_dcmpeq
                0x0000000000000538                __aeabi_dcmplt
                0x000000000000054c                __aeabi_dcmple
                0x0000000000000560                __aeabi_dcmpge
                0x0000000000000574                __aeabi_dcmpgt
 .text          0x0000000000000588       0xa0 c:/ncs/toolchains/0b393f9e1b/opt/zephyr-sdk/arm-zephyr-eabi/bin/../lib/gcc/arm-zephyr-eabi/12.2.0/thumb/v7e-m+fp/hard\libgcc.a(_arm_truncdfsf2.o)
                0x0000000000000588                __truncdfsf2
                0x0000000000000588                __aeabi_d2f
 .text          0x0000000000000628       0xa0 c:/ncs/toolchains/0b393f9e1b/opt/zephyr-sdk/arm-zephyr-eabi/bin/../lib/gcc/arm-zephyr-eabi/12.2.0/thumb/v7e-m+fp/hard\libgcc.a(_aeabi_ldivmod.o)
                0x0000000000000628                __aeabi_ldivmod
 .text          0x00000000000006c8       0x30 c:/ncs/toolchains/0b393f9e1b/opt/zephyr-sdk/arm-zephyr-eabi/bin/../lib/gcc/arm-zephyr-eabi/12.2.0/thumb/v7e-m+fp/hard\libgcc.a(_aeabi_uldivmod.o)
                0x00000000000006c8                __aeabi_uldivmod
 .text          0x00000000000006f8        0x4 c:/ncs/toolchains/0b393f9e1b/opt/zephyr-sdk/arm-zephyr-eabi/bin/../lib/gcc/arm-zephyr-eabi/12.2.0/thumb/v7e-m+fp/hard\libgcc.a(_dvmd_tls.o)
                0x00000000000006f8                __aeabi_idiv0
                0x00000000000006f8                __aeabi_ldiv0
 .text          0x00000000000006fc       0x14 c:\ncs\toolchains\0b393f9e1b\opt\zephyr-sdk\arm-zephyr-eabi\bin\../lib/gcc/../../picolibc/arm-zephyr-eabi/lib/thumb/v7e-m+fp/hard\libc.a(strcmp.S.o)
                0x00000000000006fc                strcmp
 .text          0x0000000000000710       0x10 c:\ncs\toolchains\0b393f9e1b\opt\zephyr-sdk\arm-zephyr-eabi\bin\../lib/gcc/../../picolibc/arm-zephyr-eabi/lib/thumb/v7e-m+fp/hard\libc.a(strcpy.S.o)
                0x0000000000000710                strcpy
 .text          0x0000000000000720       0x10 c:\ncs\toolchains\0b393f9e1b\opt\zephyr-sdk\arm-zephyr-eabi\bin\../lib/gcc/../../picolibc/arm-zephyr-eabi/lib/thumb/v7e-m+fp/hard\libc.a(strlen.S.o)
                0x0000000000000720                strlen
 .text          0x0000000000000730      0x2a0 c:/ncs/toolchains/0b393f9e1b/opt/zephyr-sdk/arm-zephyr-eabi/bin/../lib/gcc/arm-zephyr-eabi/12.2.0/thumb/v7e-m+fp/hard\libgcc.a(_udivmoddi4.o)
                0x0000000000000730                __udivmoddi4
 *(SORT_BY_ALIGNMENT(.text.*))
 .text.pwm_set  0x00000000000009d0       0x9c app/libapp.a(ir_hal.c.obj)
 *fill*         0x0000000000000a6c        0x4 
 .text.cmd_kernel_uptime
                0x0000000000000a70      0x150 zephyr/libzephyr.a(uptime.c.obj)
 .text.k_work_queue_start
                0x0000000000000bc0      0x108 zephyr/kernel/libkernel.a(work.c.obj)
                0x0000000000000bc0                k_work_queue_start
 .text.__atod_engine
                0x0000000000000cc8      0x1c8 c:\ncs\toolchains\0b393f9e1b\opt\zephyr-sdk\arm-zephyr-eabi\bin\../lib/gcc/../../picolibc/arm-zephyr-eabi/lib/thumb/v7e-m+fp/hard\libc.a(libc_tinystdio_atod_ryu.c.o)
                0x0000000000000cc8                __atod_engine
 .text.test_send
                0x0000000000000e90       0xc8 app/libapp.a(main.c.obj)
 .text.test_receive
                0x0000000000000f58       0xe0 app/libapp.a(main.c.obj)
 .text.rx_callback
                0x0000000000001038      0x108 app/libapp.a(main.c.obj)
 .text.cmd_list
                0x0000000000001140       0x3c app/libapp.a(main.c.obj)
 .text.cmd_load
                0x000000000000117c       0x9c app/libapp.a(main.c.obj)
 .text.cmd_receive
                0x0000000000001218       0x80 app/libapp.a(main.c.obj)
 .text.cmd_send
                0x0000000000001298       0x68 app/libapp.a(main.c.obj)
 .text.main     0x0000000000001300      0x244 app/libapp.a(main.c.obj)
                0x0000000000001300                main
 .text.k_cycle_get_64
                0x0000000000001544       0x34 app/libapp.a(ir_hal.c.obj)
 .text.gpio_callback_handler
                0x0000000000001578       0x14 app/libapp.a(ir_hal.c.obj)
 .text.z_impl_gpio_pin_configure
                0x000000000000158c      0x1a0 app/libapp.a(ir_hal.c.obj)
 .text.z_impl_gpio_pin_interrupt_configure
                0x000000000000172c      0x130 app/libapp.a(ir_hal.c.obj)
 .text.ir_hal_init
                0x000000000000185c      0x178 app/libapp.a(ir_hal.c.obj)
                0x000000000000185c                ir_hal_init
 .text.ir_hal_tx_start
                0x00000000000019d4       0x60 app/libapp.a(ir_hal.c.obj)
                0x00000000000019d4                ir_hal_tx_start
 .text.ir_hal_tx_stop
                0x0000000000001a34       0x14 app/libapp.a(ir_hal.c.obj)
                0x0000000000001a34                ir_hal_tx_stop
 .text.ir_hal_tx_pulse
                0x0000000000001a48       0x34 app/libapp.a(ir_hal.c.obj)
                0x0000000000001a48                ir_hal_tx_pulse
 .text.ir_hal_rx_start
                0x0000000000001a7c       0x98 app/libapp.a(ir_hal.c.obj)
                0x0000000000001a7c                ir_hal_rx_start
 .text.ir_hal_rx_stop
                0x0000000000001b14       0x50 app/libapp.a(ir_hal.c.obj)
                0x0000000000001b14                ir_hal_rx_stop
 .text.strcasecmp
                0x0000000000001b64       0x74 app/libapp.a(irdb_protocol.c.obj)
 .text.timing_match
                0x0000000000001bd8       0x38 app/libapp.a(irdb_protocol.c.obj)
 .text.parse_csv_line
                0x0000000000001c10       0x7c app/libapp.a(irdb_protocol.c.obj)
 .text.irdb_get_protocol_params
                0x0000000000001c8c       0x2c app/libapp.a(irdb_protocol.c.obj)
                0x0000000000001c8c                irdb_get_protocol_params
 .text.irdb_parse_csv
                0x0000000000001cb8      0x14c app/libapp.a(irdb_protocol.c.obj)
                0x0000000000001cb8                irdb_parse_csv
 .text.irdb_encode_to_raw
                0x0000000000001e04      0x208 app/libapp.a(irdb_protocol.c.obj)
                0x0000000000001e04                irdb_encode_to_raw
 .text.rx_timeout_handler
                0x000000000000200c       0xb4 app/libapp.a(ir_service.c.obj)
 .text.hal_rx_callback
                0x00000000000020c0       0x4c app/libapp.a(ir_service.c.obj)
 .text.ir_service_init
                0x000000000000210c       0x88 app/libapp.a(ir_service.c.obj)
                0x000000000000210c                ir_service_init
 .text.ir_service_load_embedded_csv
                0x0000000000002194       0x98 app/libapp.a(ir_service.c.obj)
                0x0000000000002194                ir_service_load_embedded_csv
 .text.ir_service_send_entry
                0x000000000000222c      0x110 app/libapp.a(ir_service.c.obj)
                0x000000000000222c                ir_service_send_entry
 .text.ir_service_send_command
                0x000000000000233c       0x8c app/libapp.a(ir_service.c.obj)
                0x000000000000233c                ir_service_send_command
 .text.ir_service_start_receive
                0x00000000000023c8       0xc4 app/libapp.a(ir_service.c.obj)
                0x00000000000023c8                ir_service_start_receive
 .text.ir_service_stop_receive
                0x000000000000248c       0x50 app/libapp.a(ir_service.c.obj)
                0x000000000000248c                ir_service_stop_receive
 .text.ir_service_list_functions
                0x00000000000024dc       0xac app/libapp.a(ir_service.c.obj)
                0x00000000000024dc                ir_service_list_functions
 .text.signal_end_handler
                0x0000000000002588       0x70 app/libapp.a(ir_learning.c.obj)
 .text.learning_timeout_handler
                0x00000000000025f8       0x58 app/libapp.a(ir_learning.c.obj)
 .text.k_cycle_get_64
                0x0000000000002650       0x34 app/libapp.a(ir_learning.c.obj)
 .text.learning_rx_callback
                0x0000000000002684       0xb8 app/libapp.a(ir_learning.c.obj)
 .text.ir_learning_init
                0x000000000000273c       0x9c app/libapp.a(ir_learning.c.obj)
                0x000000000000273c                ir_learning_init
 .text.ir_learning_start
                0x00000000000027d8      0x144 app/libapp.a(ir_learning.c.obj)
                0x00000000000027d8                ir_learning_start
 .text.ir_learning_replay
                0x000000000000291c       0xf0 app/libapp.a(ir_learning.c.obj)
                0x000000000000291c                ir_learning_replay
 .text.ir_learning_load
                0x0000000000002a0c       0x3c app/libapp.a(ir_learning.c.obj)
                0x0000000000002a0c                ir_learning_load
 .text.ir_learning_delete
                0x0000000000002a48       0x3c app/libapp.a(ir_learning.c.obj)
                0x0000000000002a48                ir_learning_delete
 .text.ir_learning_list
                0x0000000000002a84       0x20 app/libapp.a(ir_learning.c.obj)
                0x0000000000002a84                ir_learning_list
 .text.ir_learning_export_raw
                0x0000000000002aa4       0x9c app/libapp.a(ir_learning.c.obj)
                0x0000000000002aa4                ir_learning_export_raw
 .text.ir_learning_analyze
                0x0000000000002b40      0x150 app/libapp.a(ir_learning.c.obj)
                0x0000000000002b40                ir_learning_analyze
 .text.learning_callback
                0x0000000000002c90      0x25c app/libapp.a(ir_learning_app.c.obj)
 .text.cmd_export
                0x0000000000002eec       0xa0 app/libapp.a(ir_learning_app.c.obj)
 .text.cmd_analyze
                0x0000000000002f8c       0xe4 app/libapp.a(ir_learning_app.c.obj)
 .text.cmd_compare
                0x0000000000003070      0x130 app/libapp.a(ir_learning_app.c.obj)
 .text.cmd_delete
                0x00000000000031a0       0x48 app/libapp.a(ir_learning_app.c.obj)
 .text.cmd_list_learned
                0x00000000000031e8       0x40 app/libapp.a(ir_learning_app.c.obj)
 .text.cmd_learn
                0x0000000000003228       0x8c app/libapp.a(ir_learning_app.c.obj)
 .text.cmd_replay
                0x00000000000032b4       0xc0 app/libapp.a(ir_learning_app.c.obj)
 .text.sys_heap_free
                0x0000000000003374       0xb0 zephyr/libzephyr.a(heap.c.obj)
                0x0000000000003374                sys_heap_free
 .text.sys_heap_aligned_alloc
                0x0000000000003424      0x158 zephyr/libzephyr.a(heap.c.obj)
                0x0000000000003424                sys_heap_aligned_alloc
 .text.sys_heap_aligned_realloc
                0x000000000000357c      0x1c0 zephyr/libzephyr.a(heap.c.obj)
                0x000000000000357c                sys_heap_aligned_realloc
 .text.sys_heap_init
                0x000000000000373c      0x184 zephyr/libzephyr.a(heap.c.obj)
                0x000000000000373c                sys_heap_init
 .text.cbvprintf_package
                0x00000000000038c0      0x538 zephyr/libzephyr.a(cbprintf_packaged.c.obj)
                0x00000000000038c0                cbvprintf_package
 .text.__printk_hook_install
                0x0000000000003df8        0xc zephyr/libzephyr.a(printk.c.obj)
                0x0000000000003df8                __printk_hook_install
 .text.z_thread_entry
                0x0000000000003e04       0x34 zephyr/libzephyr.a(thread_entry.c.obj)
                0x0000000000003e04                z_thread_entry
 .text.mpsc_pbuf_init
                0x0000000000003e38       0x68 zephyr/libzephyr.a(mpsc_pbuf.c.obj)
                0x0000000000003e38                mpsc_pbuf_init
 .text.process_complete
                0x0000000000003ea0       0xe8 zephyr/libzephyr.a(onoff.c.obj)
 .text.process_event
                0x0000000000003f88      0x3a4 zephyr/libzephyr.a(onoff.c.obj)
 .text.transition_complete
                0x000000000000432c       0x64 zephyr/libzephyr.a(onoff.c.obj)
 .text.onoff_request
                0x0000000000004390      0x168 zephyr/libzephyr.a(onoff.c.obj)
                0x0000000000004390                onoff_request
 .text.sys_notify_finalize
                0x00000000000044f8       0x58 zephyr/libzephyr.a(notify.c.obj)
                0x00000000000044f8                sys_notify_finalize
 .text.ring_buf_put
                0x0000000000004550       0x64 zephyr/libzephyr.a(ring_buffer.c.obj)
                0x0000000000004550                ring_buf_put
 .text.ring_buf_get
                0x00000000000045b4       0x6c zephyr/libzephyr.a(ring_buffer.c.obj)
                0x00000000000045b4                ring_buf_get
 .text.log_backend_is_active
                0x0000000000004620       0x30 zephyr/libzephyr.a(log_core.c.obj)
 .text.log_backend_init
                0x0000000000004650       0x30 zephyr/libzephyr.a(log_core.c.obj)
 .text.log_backend_is_ready
                0x0000000000004680       0x34 zephyr/libzephyr.a(log_core.c.obj)
 .text.log_backend_panic
                0x00000000000046b4       0x30 zephyr/libzephyr.a(log_core.c.obj)
 .text.log_backend_msg_process
                0x00000000000046e4       0x4c zephyr/libzephyr.a(log_core.c.obj)
 .text.activate_foreach_backend
                0x0000000000004730       0x50 zephyr/libzephyr.a(log_core.c.obj)
 .text.z_log_init
                0x0000000000004780       0xec zephyr/libzephyr.a(log_core.c.obj)
 .text.msg_process
                0x000000000000486c       0x70 zephyr/libzephyr.a(log_core.c.obj)
 .text.log_format_func_t_get
                0x00000000000048dc        0xc zephyr/libzephyr.a(log_core.c.obj)
                0x00000000000048dc                log_format_func_t_get
 .text.log_set_timestamp_func
                0x00000000000048e8       0x24 zephyr/libzephyr.a(log_core.c.obj)
                0x00000000000048e8                log_set_timestamp_func
 .text.log_core_init
                0x000000000000490c       0x30 zephyr/libzephyr.a(log_core.c.obj)
                0x000000000000490c                log_core_init
 .text.z_impl_log_panic
                0x000000000000493c       0x7c zephyr/libzephyr.a(log_core.c.obj)
                0x000000000000493c                z_impl_log_panic
 .text.z_log_notify_backend_enabled
                0x00000000000049b8        0xc zephyr/libzephyr.a(log_core.c.obj)
                0x00000000000049b8                z_log_notify_backend_enabled
 .text.z_log_dropped
                0x00000000000049c4       0x40 zephyr/libzephyr.a(log_core.c.obj)
                0x00000000000049c4                z_log_dropped
 .text.z_log_msg_commit
                0x0000000000004a04       0x20 zephyr/libzephyr.a(log_core.c.obj)
                0x0000000000004a04                z_log_msg_commit
 .text.get_dynamic_filter
                0x0000000000004a24        0xc zephyr/libzephyr.a(log_mgmt.c.obj)
 .text.log_backend_id_get
                0x0000000000004a30       0x2c zephyr/libzephyr.a(log_mgmt.c.obj)
 .text.log_backend_id_set
                0x0000000000004a5c       0x2c zephyr/libzephyr.a(log_mgmt.c.obj)
 .text.log_backend_activate
                0x0000000000004a88       0x38 zephyr/libzephyr.a(log_mgmt.c.obj)
 .text.log_backend_is_active
                0x0000000000004ac0       0x30 zephyr/libzephyr.a(log_mgmt.c.obj)
 .text.log_backend_deactivate
                0x0000000000004af0       0x34 zephyr/libzephyr.a(log_mgmt.c.obj)
 .text.log_src_cnt_get
                0x0000000000004b24       0x14 zephyr/libzephyr.a(log_mgmt.c.obj)
                0x0000000000004b24                log_src_cnt_get
 .text.log_source_name_get
                0x0000000000004b38       0x1c zephyr/libzephyr.a(log_mgmt.c.obj)
                0x0000000000004b38                log_source_name_get
 .text.log_compiled_level_get
                0x0000000000004b54       0x20 zephyr/libzephyr.a(log_mgmt.c.obj)
                0x0000000000004b54                log_compiled_level_get
 .text.filter_get
                0x0000000000004b74       0x64 zephyr/libzephyr.a(log_mgmt.c.obj)
 .text.z_log_runtime_filters_init
                0x0000000000004bd8       0x44 zephyr/libzephyr.a(log_mgmt.c.obj)
                0x0000000000004bd8                z_log_runtime_filters_init
 .text.filter_set
                0x0000000000004c1c       0xd0 zephyr/libzephyr.a(log_mgmt.c.obj)
                0x0000000000004c1c                filter_set
 .text.log_backend_enable
                0x0000000000004cec       0x34 zephyr/libzephyr.a(log_mgmt.c.obj)
                0x0000000000004cec                log_backend_enable
 .text.z_log_msg_runtime_vcreate
                0x0000000000004d20      0x10c zephyr/libzephyr.a(log_msg.c.obj)
                0x0000000000004d20                z_log_msg_runtime_vcreate
 .text.log_msg_get_source_id
                0x0000000000004e2c       0x18 zephyr/libzephyr.a(log_msg.c.obj)
                0x0000000000004e2c                log_msg_get_source_id
 .text.print_formatted
                0x0000000000004e44       0x24 zephyr/libzephyr.a(log_output.c.obj)
 .text.timestamp_print
                0x0000000000004e68       0x8c zephyr/libzephyr.a(log_output.c.obj)
 .text.color_print
                0x0000000000004ef4       0x2c zephyr/libzephyr.a(log_output.c.obj)
 .text.ids_print
                0x0000000000004f20       0x70 zephyr/libzephyr.a(log_output.c.obj)
 .text.prefix_print
                0x0000000000004f90       0xb0 zephyr/libzephyr.a(log_output.c.obj)
 .text.newline_print
                0x0000000000005040       0x28 zephyr/libzephyr.a(log_output.c.obj)
 .text.hexdump_line_print
                0x0000000000005068       0xc4 zephyr/libzephyr.a(log_output.c.obj)
 .text.log_output_process
                0x000000000000512c       0xb0 zephyr/libzephyr.a(log_output.c.obj)
                0x000000000000512c                log_output_process
 .text.log_output_timestamp_freq_set
                0x00000000000051dc       0x2c zephyr/libzephyr.a(log_output.c.obj)
                0x00000000000051dc                log_output_timestamp_freq_set
 .text.log_backend_rtt_init
                0x0000000000005208       0x1c zephyr/libzephyr.a(log_backend_rtt.c.obj)
 .text.panic    0x0000000000005224       0x18 zephyr/libzephyr.a(log_backend_rtt.c.obj)
 .text.format_set
                0x000000000000523c        0xc zephyr/libzephyr.a(log_backend_rtt.c.obj)
 .text.on_failed_write
                0x0000000000005248       0x1c zephyr/libzephyr.a(log_backend_rtt.c.obj)
 .text.on_write
                0x0000000000005264       0x38 zephyr/libzephyr.a(log_backend_rtt.c.obj)
 .text.data_out_block_mode
                0x000000000000529c       0x4c zephyr/libzephyr.a(log_backend_rtt.c.obj)
 .text.process  0x00000000000052e8       0x20 zephyr/libzephyr.a(log_backend_rtt.c.obj)
 .text.mem_attr_get_regions
                0x0000000000005308        0xc zephyr/libzephyr.a(mem_attr.c.obj)
                0x0000000000005308                mem_attr_get_regions
 .text.cmd_kernel_cycles
                0x0000000000005314       0x1c zephyr/libzephyr.a(cycles.c.obj)
 .text.cmd_kernel_sleep
                0x0000000000005330       0x38 zephyr/libzephyr.a(sleep.c.obj)
 .text.cmd_kernel_version
                0x0000000000005368       0x18 zephyr/libzephyr.a(version.c.obj)
 .text.cmd_kernel_log_level_set
                0x0000000000005380       0x80 zephyr/libzephyr.a(log-level.c.obj)
 .text.cmd_kernel_thread_list
                0x0000000000005400       0x34 zephyr/libzephyr.a(list.c.obj)
 .text.shell_tdata_dump
                0x0000000000005434       0xc0 zephyr/libzephyr.a(list.c.obj)
 .text.cmd_kernel_thread_stacks
                0x00000000000054f4       0xc0 zephyr/libzephyr.a(stacks.c.obj)
 .text.shell_stack_dump
                0x00000000000055b4       0x60 zephyr/libzephyr.a(stacks.c.obj)
 .text.get_device_name
                0x0000000000005614       0x20 zephyr/libzephyr.a(device_service.c.obj)
 .text.cmd_device_list
                0x0000000000005634       0xc4 zephyr/libzephyr.a(device_service.c.obj)
 .text.memory_read
                0x00000000000056f8       0x40 zephyr/libzephyr.a(devmem_service.c.obj)
 .text.memory_write
                0x0000000000005738       0x38 zephyr/libzephyr.a(devmem_service.c.obj)
 .text.cmd_devmem
                0x0000000000005770       0x84 zephyr/libzephyr.a(devmem_service.c.obj)
 .text.set_bypass
                0x00000000000057f4       0x50 zephyr/libzephyr.a(devmem_service.c.obj)
 .text.cmd_load
                0x0000000000005844       0xc0 zephyr/libzephyr.a(devmem_service.c.obj)
 .text.bypass_cb
                0x0000000000005904      0x17c zephyr/libzephyr.a(devmem_service.c.obj)
 .text.memory_dump
                0x0000000000005a80       0xd8 zephyr/libzephyr.a(devmem_service.c.obj)
 .text.cmd_dump
                0x0000000000005b58      0x114 zephyr/libzephyr.a(devmem_service.c.obj)
 .text.irq_init
                0x0000000000005c6c       0x4c zephyr/libzephyr.a(shell_uart.c.obj)
 .text.uart_rx_handle
                0x0000000000005cb8       0xd4 zephyr/libzephyr.a(shell_uart.c.obj)
 .text.uart_tx_handle
                0x0000000000005d8c       0x94 zephyr/libzephyr.a(shell_uart.c.obj)
 .text.enable_shell_uart
                0x0000000000005e20       0x38 zephyr/libzephyr.a(shell_uart.c.obj)
 .text.instance_uninit
                0x0000000000005e58       0x88 zephyr/libzephyr.a(shell.c.obj)
 .text.state_set
                0x0000000000005ee0       0x4c zephyr/libzephyr.a(shell.c.obj)
 .text.kill_handler
                0x0000000000005f2c       0x2c zephyr/libzephyr.a(shell.c.obj)
 .text.z_clear_eos
                0x0000000000005f58       0x20 zephyr/libzephyr.a(shell.c.obj)
 .text.shell_internal_help_print
                0x0000000000005f78       0x20 zephyr/libzephyr.a(shell.c.obj)
 .text.cmd_precheck
                0x0000000000005f98       0x28 zephyr/libzephyr.a(shell.c.obj)
 .text.exec_cmd
                0x0000000000005fc0       0xc8 zephyr/libzephyr.a(shell.c.obj)
 .text.wildcard_check_report
                0x0000000000006088       0x30 zephyr/libzephyr.a(shell.c.obj)
 .text.execute  0x00000000000060b8      0x238 zephyr/libzephyr.a(shell.c.obj)
 .text.tab_prepare
                0x00000000000062f0       0xb4 zephyr/libzephyr.a(shell.c.obj)
 .text.autocomplete
                0x00000000000063a4       0xc0 zephyr/libzephyr.a(shell.c.obj)
 .text.tab_item_print
                0x0000000000006464       0xa8 zephyr/libzephyr.a(shell.c.obj)
 .text.tab_options_print
                0x000000000000650c       0xa8 zephyr/libzephyr.a(shell.c.obj)
 .text.common_beginning_find
                0x00000000000065b4       0xd0 zephyr/libzephyr.a(shell.c.obj)
 .text.ctrl_metakeys_handle
                0x0000000000006684       0xec zephyr/libzephyr.a(shell.c.obj)
 .text.state_collect
                0x0000000000006770      0x328 zephyr/libzephyr.a(shell.c.obj)
 .text.shell_process
                0x0000000000006a98       0x70 zephyr/libzephyr.a(shell.c.obj)
                0x0000000000006a98                shell_process
 .text.shell_start
                0x0000000000006b08       0xcc zephyr/libzephyr.a(shell.c.obj)
                0x0000000000006b08                shell_start
 .text.shell_thread
                0x0000000000006bd4       0xcc zephyr/libzephyr.a(shell.c.obj)
                0x0000000000006bd4                shell_thread
 .text.shell_vfprintf
                0x0000000000006ca0      0x18c zephyr/libzephyr.a(shell.c.obj)
                0x0000000000006ca0                shell_vfprintf
 .text.cmd_help
                0x0000000000006e2c       0x44 zephyr/libzephyr.a(shell.c.obj)
 .text.shell_hexdump_line
                0x0000000000006e70       0xe4 zephyr/libzephyr.a(shell.c.obj)
                0x0000000000006e70                shell_hexdump_line
 .text.shell_prompt_change
                0x0000000000006f54       0x90 zephyr/libzephyr.a(shell.c.obj)
                0x0000000000006f54                shell_prompt_change
 .text.instance_init
                0x0000000000006fe4       0xd8 zephyr/libzephyr.a(shell.c.obj)
 .text.shell_init
                0x00000000000070bc       0xb0 zephyr/libzephyr.a(shell.c.obj)
                0x00000000000070bc                shell_init
 .text.shell_set_bypass
                0x000000000000716c       0x38 zephyr/libzephyr.a(shell.c.obj)
                0x000000000000716c                shell_set_bypass
 .text.z_shell_fprintf_fmt
                0x00000000000071a4       0x24 zephyr/libzephyr.a(shell_fprintf.c.obj)
                0x00000000000071a4                z_shell_fprintf_fmt
 .text.buffer_trim
                0x00000000000071c8       0x5c zephyr/libzephyr.a(shell_utils.c.obj)
 .text.make_argv
                0x0000000000007224      0x194 zephyr/libzephyr.a(shell_utils.c.obj)
 .text.z_shell_make_argv
                0x00000000000073b8       0x4c zephyr/libzephyr.a(shell_utils.c.obj)
                0x00000000000073b8                z_shell_make_argv
 .text.z_shell_cmd_get
                0x0000000000007404       0xa8 zephyr/libzephyr.a(shell_utils.c.obj)
                0x0000000000007404                z_shell_cmd_get
 .text.z_shell_spaces_trim
                0x00000000000074ac       0x78 zephyr/libzephyr.a(shell_utils.c.obj)
                0x00000000000074ac                z_shell_spaces_trim
 .text.shell_strtoul
                0x0000000000007524       0x5c zephyr/libzephyr.a(shell_utils.c.obj)
                0x0000000000007524                shell_strtoul
 .text.shift_calc
                0x0000000000007580       0x44 zephyr/libzephyr.a(shell_ops.c.obj)
 .text.z_cursor_save
                0x00000000000075c4       0x20 zephyr/libzephyr.a(shell_ops.c.obj)
 .text.z_clear_eos
                0x00000000000075e4       0x20 zephyr/libzephyr.a(shell_ops.c.obj)
 .text.z_cursor_restore
                0x0000000000007604       0x20 zephyr/libzephyr.a(shell_ops.c.obj)
 .text.vt100_bgcolor_set
                0x0000000000007624       0x38 zephyr/libzephyr.a(shell_ops.c.obj)
 .text.z_shell_op_cursor_vert_move
                0x000000000000765c       0x34 zephyr/libzephyr.a(shell_ops.c.obj)
                0x000000000000765c                z_shell_op_cursor_vert_move
 .text.z_shell_op_cursor_horiz_move
                0x0000000000007690       0x34 zephyr/libzephyr.a(shell_ops.c.obj)
                0x0000000000007690                z_shell_op_cursor_horiz_move
 .text.char_replace
                0x00000000000076c4       0x54 zephyr/libzephyr.a(shell_ops.c.obj)
 .text.z_shell_op_cond_next_line
                0x0000000000007718       0x20 zephyr/libzephyr.a(shell_ops.c.obj)
                0x0000000000007718                z_shell_op_cond_next_line
 .text.z_shell_op_cursor_position_synchronize
                0x0000000000007738       0x5c zephyr/libzephyr.a(shell_ops.c.obj)
                0x0000000000007738                z_shell_op_cursor_position_synchronize
 .text.z_shell_print_cmd
                0x0000000000007794       0x80 zephyr/libzephyr.a(shell_ops.c.obj)
                0x0000000000007794                z_shell_print_cmd
 .text.z_shell_write
                0x0000000000007814       0xb0 zephyr/libzephyr.a(shell_ops.c.obj)
                0x0000000000007814                z_shell_write
 .text.z_shell_vt100_color_set
                0x00000000000078c4       0x54 zephyr/libzephyr.a(shell_ops.c.obj)
                0x00000000000078c4                z_shell_vt100_color_set
 .text.z_shell_fprintf
                0x0000000000007918       0xec zephyr/libzephyr.a(shell_ops.c.obj)
                0x0000000000007918                z_shell_fprintf
 .text.z_shell_op_word_remove
                0x0000000000007a04       0xa0 zephyr/libzephyr.a(shell_ops.c.obj)
                0x0000000000007a04                z_shell_op_word_remove
 .text.reprint_from_cursor
                0x0000000000007aa4       0x88 zephyr/libzephyr.a(shell_ops.c.obj)
 .text.print_prompt
                0x0000000000007b2c       0x14 zephyr/libzephyr.a(shell_ops.c.obj)
 .text.z_shell_backend_rx_buffer_flush
                0x0000000000007b40       0x54 zephyr/libzephyr.a(shell_ops.c.obj)
                0x0000000000007b40                z_shell_backend_rx_buffer_flush
 .text.formatted_text_print
                0x0000000000007b94      0x104 zephyr/libzephyr.a(shell_help.c.obj)
 .text.help_item_print
                0x0000000000007c98       0x60 zephyr/libzephyr.a(shell_help.c.obj)
 .text.z_shell_help_cmd_print
                0x0000000000007cf8       0x44 zephyr/libzephyr.a(shell_help.c.obj)
                0x0000000000007cf8                z_shell_help_cmd_print
 .text.z_shell_help_request
                0x0000000000007d3c       0x2c zephyr/libzephyr.a(shell_help.c.obj)
                0x0000000000007d3c                z_shell_help_request
 .text.cmd_clear
                0x0000000000007d68       0x3c zephyr/libzephyr.a(shell_cmds.c.obj)
 .text.z_cursor_save
                0x0000000000007da4       0x20 zephyr/libzephyr.a(shell_cmds.c.obj)
 .text.z_cursor_restore
                0x0000000000007dc4       0x20 zephyr/libzephyr.a(shell_cmds.c.obj)
 .text.cmd_resize_default
                0x0000000000007de4       0x30 zephyr/libzephyr.a(shell_cmds.c.obj)
 .text.cmd_shell_stats_show
                0x0000000000007e14       0x14 zephyr/libzephyr.a(shell_cmds.c.obj)
 .text.cmd_echo
                0x0000000000007e28       0x50 zephyr/libzephyr.a(shell_cmds.c.obj)
 .text.cmd_prompt_off
                0x0000000000007e78       0x10 zephyr/libzephyr.a(shell_cmds.c.obj)
 .text.cmd_backends
                0x0000000000007e88       0x78 zephyr/libzephyr.a(shell_cmds.c.obj)
 .text.cmd_history
                0x0000000000007f00       0x44 zephyr/libzephyr.a(shell_cmds.c.obj)
 .text.cursor_position_get
                0x0000000000007f44      0x148 zephyr/libzephyr.a(shell_cmds.c.obj)
 .text.cmd_resize
                0x000000000000808c       0x50 zephyr/libzephyr.a(shell_cmds.c.obj)
 .text.cmd_get_retval
                0x00000000000080dc       0x1c zephyr/libzephyr.a(shell_cmds.c.obj)
 .text.commands_expand
                0x00000000000080f8       0x8c zephyr/libzephyr.a(shell_wildcard.c.obj)
 .text.boot_banner
                0x0000000000008184       0x18 zephyr/libzephyr.a(banner.c.obj)
                0x0000000000008184                boot_banner
 .text.nrf_cc3xx_platform_abort_init
                0x000000000000819c       0x10 zephyr/libzephyr.a(nrf_cc3xx_platform_abort_zephyr.c.obj)
                0x000000000000819c                nrf_cc3xx_platform_abort_init
 .text.mutex_flags_unknown
                0x00000000000081ac       0x50 zephyr/libzephyr.a(nrf_cc3xx_platform_mutex_zephyr.c.obj)
 .text.mutex_unlock_platform
                0x00000000000081fc       0x58 zephyr/libzephyr.a(nrf_cc3xx_platform_mutex_zephyr.c.obj)
 .text.mutex_lock_platform
                0x0000000000008254       0x64 zephyr/libzephyr.a(nrf_cc3xx_platform_mutex_zephyr.c.obj)
 .text.mutex_free_platform
                0x00000000000082b8       0x5c zephyr/libzephyr.a(nrf_cc3xx_platform_mutex_zephyr.c.obj)
 .text.mutex_init_platform
                0x0000000000008314       0x88 zephyr/libzephyr.a(nrf_cc3xx_platform_mutex_zephyr.c.obj)
 .text.nrf_cc3xx_platform_mutex_init
                0x000000000000839c       0x28 zephyr/libzephyr.a(nrf_cc3xx_platform_mutex_zephyr.c.obj)
                0x000000000000839c                nrf_cc3xx_platform_mutex_init
 .text.esf_dump
                0x00000000000083c4      0x150 zephyr/arch/arch/arm/core/libarch__arm__core.a(fatal.c.obj)
 .text.z_arm_fatal_error
                0x0000000000008514       0x50 zephyr/arch/arch/arm/core/libarch__arm__core.a(fatal.c.obj)
                0x0000000000008514                z_arm_fatal_error
 .text.z_SysNmiOnReset
                0x0000000000008564        0x8 zephyr/arch/arch/arm/core/libarch__arm__core.a(nmi_on_reset.S.obj)
                0x0000000000008564                z_SysNmiOnReset
 .text.z_tls_copy
                0x000000000000856c       0x28 zephyr/arch/arch/arm/core/libarch__arm__core.a(tls.c.obj)
 .text.arch_tls_stack_setup
                0x0000000000008594       0x28 zephyr/arch/arch/arm/core/libarch__arm__core.a(tls.c.obj)
                0x0000000000008594                arch_tls_stack_setup
 .text._HandlerModeExit
                0x00000000000085bc       0x28 zephyr/arch/arch/arm/core/cortex_m/libarch__arm__core__cortex_m.a(exc_exit.c.obj)
                0x00000000000085bc                z_arm_int_exit
                0x00000000000085bc                z_arm_exc_exit
 .text.z_arm_is_synchronous_svc
                0x00000000000085e4       0x3c zephyr/arch/arch/arm/core/cortex_m/libarch__arm__core__cortex_m.a(fault.c.obj)
 .text.get_esf  0x0000000000008620       0x68 zephyr/arch/arch/arm/core/cortex_m/libarch__arm__core__cortex_m.a(fault.c.obj)
 .text.bus_fault
                0x0000000000008688      0x1c8 zephyr/arch/arch/arm/core/cortex_m/libarch__arm__core__cortex_m.a(fault.c.obj)
 .text.usage_fault
                0x0000000000008850      0x174 zephyr/arch/arch/arm/core/cortex_m/libarch__arm__core__cortex_m.a(fault.c.obj)
 .text.debug_monitor
                0x00000000000089c4       0x38 zephyr/arch/arch/arm/core/cortex_m/libarch__arm__core__cortex_m.a(fault.c.obj)
 .text.reserved_exception
                0x00000000000089fc       0x4c zephyr/arch/arch/arm/core/cortex_m/libarch__arm__core__cortex_m.a(fault.c.obj)
 .text.mem_manage_fault
                0x0000000000008a48      0x224 zephyr/arch/arch/arm/core/cortex_m/libarch__arm__core__cortex_m.a(fault.c.obj)
 .text.hard_fault
                0x0000000000008c6c      0x194 zephyr/arch/arch/arm/core/cortex_m/libarch__arm__core__cortex_m.a(fault.c.obj)
 .text.z_arm_fault
                0x0000000000008e00       0xa8 zephyr/arch/arch/arm/core/cortex_m/libarch__arm__core__cortex_m.a(fault.c.obj)
                0x0000000000008e00                z_arm_fault
 .text.z_arm_fault_init
                0x0000000000008ea8       0x18 zephyr/arch/arch/arm/core/cortex_m/libarch__arm__core__cortex_m.a(fault.c.obj)
                0x0000000000008ea8                z_arm_fault_init
 .text.__fault  0x0000000000008ec0       0x14 zephyr/arch/arch/arm/core/cortex_m/libarch__arm__core__cortex_m.a(fault_s.S.obj)
                0x0000000000008ec0                z_arm_usage_fault
                0x0000000000008ec0                z_arm_mpu_fault
                0x0000000000008ec0                z_arm_exc_spurious
                0x0000000000008ec0                z_arm_debug_monitor
                0x0000000000008ec0                z_arm_hard_fault
                0x0000000000008ec0                z_arm_bus_fault
 .text._reset_section
                0x0000000000008ed4       0x64 zephyr/arch/arch/arm/core/cortex_m/libarch__arm__core__cortex_m.a(reset.S.obj)
                0x0000000000008ed4                __start
                0x0000000000008ed4                z_arm_reset
 .text.z_arm_clear_arm_mpu_config
                0x0000000000008f38       0x28 zephyr/arch/arch/arm/core/cortex_m/libarch__arm__core__cortex_m.a(scb.c.obj)
                0x0000000000008f38                z_arm_clear_arm_mpu_config
 .text.z_arm_init_arch_hw_at_boot
                0x0000000000008f60       0x54 zephyr/arch/arch/arm/core/cortex_m/libarch__arm__core__cortex_m.a(scb.c.obj)
                0x0000000000008f60                z_arm_init_arch_hw_at_boot
 .text.z_impl_k_thread_abort
                0x0000000000008fb4       0x34 zephyr/arch/arch/arm/core/cortex_m/libarch__arm__core__cortex_m.a(thread_abort.c.obj)
                0x0000000000008fb4                z_impl_k_thread_abort
 .text.z_arm_pendsv
                0x0000000000008fe8       0xa4 zephyr/arch/arch/arm/core/cortex_m/libarch__arm__core__cortex_m.a(swap_helper.S.obj)
                0x0000000000008fe8                z_arm_pendsv
 .text.z_arm_svc
                0x000000000000908c       0x24 zephyr/arch/arch/arm/core/cortex_m/libarch__arm__core__cortex_m.a(swap_helper.S.obj)
                0x000000000000908c                z_arm_svc
 .text.__NVIC_EnableIRQ
                0x00000000000090b0       0x1c zephyr/arch/arch/arm/core/cortex_m/libarch__arm__core__cortex_m.a(irq_manage.c.obj)
 .text.__NVIC_SetPriority
                0x00000000000090cc       0x28 zephyr/arch/arch/arm/core/cortex_m/libarch__arm__core__cortex_m.a(irq_manage.c.obj)
 .text.arch_irq_is_enabled
                0x00000000000090f4       0x1c zephyr/arch/arch/arm/core/cortex_m/libarch__arm__core__cortex_m.a(irq_manage.c.obj)
                0x00000000000090f4                arch_irq_is_enabled
 .text.z_arm_irq_priority_set
                0x0000000000009110       0x48 zephyr/arch/arch/arm/core/cortex_m/libarch__arm__core__cortex_m.a(irq_manage.c.obj)
                0x0000000000009110                z_arm_irq_priority_set
 .text.z_arm_floating_point_init
                0x0000000000009158       0x38 zephyr/arch/arch/arm/core/cortex_m/libarch__arm__core__cortex_m.a(prep_c.c.obj)
 .text.z_prep_c
                0x0000000000009190       0x30 zephyr/arch/arch/arm/core/cortex_m/libarch__arm__core__cortex_m.a(prep_c.c.obj)
                0x0000000000009190                z_prep_c
 .text.arch_new_thread
                0x00000000000091c0       0x7c zephyr/arch/arch/arm/core/cortex_m/libarch__arm__core__cortex_m.a(thread.c.obj)
                0x00000000000091c0                arch_new_thread
 .text.z_arm_mpu_stack_guard_and_fpu_adjust
                0x000000000000923c       0x8c zephyr/arch/arch/arm/core/cortex_m/libarch__arm__core__cortex_m.a(thread.c.obj)
                0x000000000000923c                z_arm_mpu_stack_guard_and_fpu_adjust
 .text.z_check_thread_stack_fail
                0x00000000000092c8       0x60 zephyr/arch/arch/arm/core/cortex_m/libarch__arm__core__cortex_m.a(thread.c.obj)
                0x00000000000092c8                z_check_thread_stack_fail
 .text.arch_float_disable
                0x0000000000009328       0x50 zephyr/arch/arch/arm/core/cortex_m/libarch__arm__core__cortex_m.a(thread.c.obj)
                0x0000000000009328                arch_float_disable
 .text.arch_switch_to_main_thread
                0x0000000000009378       0x48 zephyr/arch/arch/arm/core/cortex_m/libarch__arm__core__cortex_m.a(thread.c.obj)
                0x0000000000009378                arch_switch_to_main_thread
 .text.z_arm_cpu_idle_init
                0x00000000000093c0        0xc zephyr/arch/arch/arm/core/cortex_m/libarch__arm__core__cortex_m.a(cpu_idle.c.obj)
                0x00000000000093c0                z_arm_cpu_idle_init
 .text.z_arm_interrupt_init
                0x00000000000093cc       0x34 zephyr/arch/arch/arm/core/cortex_m/libarch__arm__core__cortex_m.a(irq_init.c.obj)
                0x00000000000093cc                z_arm_interrupt_init
 .text._isr_wrapper
                0x0000000000009400       0x20 zephyr/arch/arch/arm/core/cortex_m/libarch__arm__core__cortex_m.a(isr_wrapper.c.obj)
                0x0000000000009400                _isr_wrapper
 .text.z_arm_configure_static_mpu_regions
                0x0000000000009420       0x1c zephyr/arch/arch/arm/core/mpu/libarch__arm__core__mpu.a(arm_core_mpu.c.obj)
                0x0000000000009420                z_arm_configure_static_mpu_regions
 .text.z_arm_configure_dynamic_mpu_regions
                0x000000000000943c       0x2c zephyr/arch/arch/arm/core/mpu/libarch__arm__core__mpu.a(arm_core_mpu.c.obj)
                0x000000000000943c                z_arm_configure_dynamic_mpu_regions
 .text.region_init
                0x0000000000009468       0x28 zephyr/arch/arch/arm/core/mpu/libarch__arm__core__mpu.a(arm_mpu.c.obj)
 .text.region_allocate_and_init
                0x0000000000009490       0x54 zephyr/arch/arch/arm/core/mpu/libarch__arm__core__mpu.a(arm_mpu.c.obj)
 .text.mpu_configure_regions
                0x00000000000094e4       0x7c zephyr/arch/arch/arm/core/mpu/libarch__arm__core__mpu.a(arm_mpu.c.obj)
 .text.mpu_configure_static_mpu_regions
                0x0000000000009560       0x14 zephyr/arch/arch/arm/core/mpu/libarch__arm__core__mpu.a(arm_mpu.c.obj)
 .text.mpu_configure_dynamic_mpu_regions
                0x0000000000009574       0x3c zephyr/arch/arch/arm/core/mpu/libarch__arm__core__mpu.a(arm_mpu.c.obj)
 .text.mpu_configure_regions_from_dt
                0x00000000000095b0      0x1f0 zephyr/arch/arch/arm/core/mpu/libarch__arm__core__mpu.a(arm_mpu.c.obj)
 .text.arm_core_mpu_enable
                0x00000000000097a0       0x18 zephyr/arch/arch/arm/core/mpu/libarch__arm__core__mpu.a(arm_mpu.c.obj)
                0x00000000000097a0                arm_core_mpu_enable
 .text.arm_core_mpu_disable
                0x00000000000097b8       0x14 zephyr/arch/arch/arm/core/mpu/libarch__arm__core__mpu.a(arm_mpu.c.obj)
                0x00000000000097b8                arm_core_mpu_disable
 .text.arm_core_mpu_configure_static_mpu_regions
                0x00000000000097cc       0x44 zephyr/arch/arch/arm/core/mpu/libarch__arm__core__mpu.a(arm_mpu.c.obj)
                0x00000000000097cc                arm_core_mpu_configure_static_mpu_regions
 .text.arm_core_mpu_configure_dynamic_mpu_regions
                0x0000000000009810       0x44 zephyr/arch/arch/arm/core/mpu/libarch__arm__core__mpu.a(arm_mpu.c.obj)
                0x0000000000009810                arm_core_mpu_configure_dynamic_mpu_regions
 .text.z_arm_mpu_init
                0x0000000000009854      0x110 zephyr/arch/arch/arm/core/mpu/libarch__arm__core__mpu.a(arm_mpu.c.obj)
                0x0000000000009854                z_arm_mpu_init
 .text.cbvprintf
                0x0000000000009964       0x34 zephyr/lib/libc/picolibc/liblib__libc__picolibc.a(cbprintf.c.obj)
                0x0000000000009964                cbvprintf
 .text.z_impl_zephyr_fputc
                0x0000000000009998       0x10 zephyr/lib/libc/picolibc/liblib__libc__picolibc.a(stdio.c.obj)
                0x0000000000009998                z_impl_zephyr_fputc
 .text.__stdout_hook_install
                0x00000000000099a8       0x18 zephyr/lib/libc/picolibc/liblib__libc__picolibc.a(stdio.c.obj)
                0x00000000000099a8                __stdout_hook_install
 .text.malloc_lock
                0x00000000000099c0       0x3c zephyr/lib/libc/common/liblib__libc__common.a(malloc.c.obj)
 .text.malloc_prepare
                0x00000000000099fc       0x24 zephyr/lib/libc/common/liblib__libc__common.a(malloc.c.obj)
 .text.realloc  0x0000000000009a20       0x40 zephyr/lib/libc/common/liblib__libc__common.a(malloc.c.obj)
                0x0000000000009a20                realloc
 .text.free     0x0000000000009a60       0x20 zephyr/lib/libc/common/liblib__libc__common.a(malloc.c.obj)
                0x0000000000009a60                free
 .text.rangematch
                0x0000000000009a80      0x148 zephyr/lib/posix/options/liblib__posix__options.a(fnmatch.c.obj)
 .text.fnmatchx
                0x0000000000009bc8      0x28c zephyr/lib/posix/options/liblib__posix__options.a(fnmatch.c.obj)
 .text.getopt_init
                0x0000000000009e54       0x48 zephyr/lib/posix/options/liblib__posix__options.a(getopt.c.obj)
                0x0000000000009e54                getopt_init
 .text.getopt   0x0000000000009e9c      0x130 zephyr/lib/posix/options/liblib__posix__options.a(getopt.c.obj)
                0x0000000000009e9c                getopt
 .text.z_getopt_global_state_update
                0x0000000000009fcc       0x34 zephyr/lib/posix/options/liblib__posix__options.a(getopt_common.c.obj)
                0x0000000000009fcc                z_getopt_global_state_update
 .text.getopt_state_get
                0x000000000000a000        0x8 zephyr/lib/posix/options/liblib__posix__options.a(getopt_common.c.obj)
                0x000000000000a000                getopt_state_get
 .text.nordicsemi_nrf52_init
                0x000000000000a008       0x34 zephyr/soc/soc/nrf52840/libsoc__nordic.a(soc.c.obj)
 .text.arch_busy_wait
                0x000000000000a03c       0x18 zephyr/soc/soc/nrf52840/libsoc__nordic.a(soc.c.obj)
                0x000000000000a03c                arch_busy_wait
 .text.get_hf_flags
                0x000000000000a054        0x8 zephyr/drivers/clock_control/libdrivers__clock_control.a(clock_control_nrf.c.obj)
 .text.get_subsys
                0x000000000000a05c        0xc zephyr/drivers/clock_control/libdrivers__clock_control.a(clock_control_nrf.c.obj)
 .text.onoff_start
                0x000000000000a068       0x34 zephyr/drivers/clock_control/libdrivers__clock_control.a(clock_control_nrf.c.obj)
 .text.generic_hfclk_stop
                0x000000000000a09c       0x34 zephyr/drivers/clock_control/libdrivers__clock_control.a(clock_control_nrf.c.obj)
 .text.sys_notify_init_spinwait
                0x000000000000a0d0       0x38 zephyr/drivers/clock_control/libdrivers__clock_control.a(clock_control_nrf.c.obj)
 .text.nrf_clock_is_running
                0x000000000000a108       0x60 zephyr/drivers/clock_control/libdrivers__clock_control.a(clock_control_nrf.c.obj)
 .text.generic_hfclk_start
                0x000000000000a168       0x70 zephyr/drivers/clock_control/libdrivers__clock_control.a(clock_control_nrf.c.obj)
 .text.get_status
                0x000000000000a1d8       0x38 zephyr/drivers/clock_control/libdrivers__clock_control.a(clock_control_nrf.c.obj)
 .text.stop     0x000000000000a210       0x54 zephyr/drivers/clock_control/libdrivers__clock_control.a(clock_control_nrf.c.obj)
 .text.onoff_stop
                0x000000000000a264       0x20 zephyr/drivers/clock_control/libdrivers__clock_control.a(clock_control_nrf.c.obj)
 .text.clock_event_handler
                0x000000000000a284       0x74 zephyr/drivers/clock_control/libdrivers__clock_control.a(clock_control_nrf.c.obj)
 .text.lfclk_spinwait
                0x000000000000a2f8       0xcc zephyr/drivers/clock_control/libdrivers__clock_control.a(clock_control_nrf.c.obj)
 .text.api_blocking_start
                0x000000000000a3c4       0x3c zephyr/drivers/clock_control/libdrivers__clock_control.a(clock_control_nrf.c.obj)
 .text.clk_init
                0x000000000000a400       0x60 zephyr/drivers/clock_control/libdrivers__clock_control.a(clock_control_nrf.c.obj)
 .text.z_nrf_clock_control_lf_on
                0x000000000000a460       0x9c zephyr/drivers/clock_control/libdrivers__clock_control.a(clock_control_nrf.c.obj)
                0x000000000000a460                z_nrf_clock_control_lf_on
 .text.console_out
                0x000000000000a4fc       0x28 zephyr/drivers/console/libdrivers__console.a(uart_console.c.obj)
 .text.uart_console_hook_install
                0x000000000000a524       0x18 zephyr/drivers/console/libdrivers__console.a(uart_console.c.obj)
 .text.uart_console_init
                0x000000000000a53c       0x1c zephyr/drivers/console/libdrivers__console.a(uart_console.c.obj)
 .text.get_dev  0x000000000000a558       0x1c zephyr/drivers/gpio/libdrivers__gpio.a(gpio_nrfx.c.obj)
 .text.gpio_manage_callback
                0x000000000000a574       0x94 zephyr/drivers/gpio/libdrivers__gpio.a(gpio_nrfx.c.obj)
 .text.nrf_gpio_pin_port_decode
                0x000000000000a608       0x70 zephyr/drivers/gpio/libdrivers__gpio.a(gpio_nrfx.c.obj)
 .text.gpio_fire_callbacks
                0x000000000000a678       0x70 zephyr/drivers/gpio/libdrivers__gpio.a(gpio_nrfx.c.obj)
 .text.gpio_nrfx_pin_interrupt_configure
                0x000000000000a6e8       0xe0 zephyr/drivers/gpio/libdrivers__gpio.a(gpio_nrfx.c.obj)
 .text.gpio_nrfx_pin_configure
                0x000000000000a7c8      0x1e8 zephyr/drivers/gpio/libdrivers__gpio.a(gpio_nrfx.c.obj)
 .text.gpio_nrfx_init
                0x000000000000a9b0       0x54 zephyr/drivers/gpio/libdrivers__gpio.a(gpio_nrfx.c.obj)
 .text.nrf_gpio_pin_port_decode
                0x000000000000aa04       0x70 zephyr/drivers/pinctrl/libdrivers__pinctrl.a(pinctrl_nrf.c.obj)
 .text.nrf_gpio_cfg
                0x000000000000aa74       0x48 zephyr/drivers/pinctrl/libdrivers__pinctrl.a(pinctrl_nrf.c.obj)
 .text.pinctrl_configure_pins
                0x000000000000aabc      0x29c zephyr/drivers/pinctrl/libdrivers__pinctrl.a(pinctrl_nrf.c.obj)
                0x000000000000aabc                pinctrl_configure_pins
 .text.nrf_pwm_configure
                0x000000000000ad58       0x3c zephyr/drivers/pwm/libdrivers__pwm.a(pwm_nrfx.c.obj)
 .text.nrf_pwm_pin_get
                0x000000000000ad94       0x38 zephyr/drivers/pwm/libdrivers__pwm.a(pwm_nrfx.c.obj)
 .text.nrf_gpio_pin_port_decode
                0x000000000000adcc       0x70 zephyr/drivers/pwm/libdrivers__pwm.a(pwm_nrfx.c.obj)
 .text.pwm_period_check_and_set
                0x000000000000ae3c       0xa0 zephyr/drivers/pwm/libdrivers__pwm.a(pwm_nrfx.c.obj)
 .text.pwm_nrfx_set_cycles
                0x000000000000aedc      0x174 zephyr/drivers/pwm/libdrivers__pwm.a(pwm_nrfx.c.obj)
 .text.pwm_nrfx_init
                0x000000000000b050       0x64 zephyr/drivers/pwm/libdrivers__pwm.a(pwm_nrfx.c.obj)
 .text.uarte_nrfx_poll_out
                0x000000000000b0b4       0x68 zephyr/drivers/serial/libdrivers__serial.a(uart_nrfx_uarte.c.obj)
 .text.endtx_stoptx_ppi_init
                0x000000000000b11c       0x68 zephyr/drivers/serial/libdrivers__serial.a(uart_nrfx_uarte.c.obj)
 .text.uarte_instance_init
                0x000000000000b184       0x38 zephyr/drivers/serial/libdrivers__serial.a(uart_nrfx_uarte.c.obj)
 .text.set_comparator
                0x000000000000b1bc       0x14 zephyr/drivers/timer/libdrivers__timer.a(nrf_rtc_timer.c.obj)
 .text.event_enable
                0x000000000000b1d0       0x14 zephyr/drivers/timer/libdrivers__timer.a(nrf_rtc_timer.c.obj)
 .text.event_disable
                0x000000000000b1e4       0x14 zephyr/drivers/timer/libdrivers__timer.a(nrf_rtc_timer.c.obj)
 .text.counter  0x000000000000b1f8        0xc zephyr/drivers/timer/libdrivers__timer.a(nrf_rtc_timer.c.obj)
 .text.set_alarm
                0x000000000000b204       0x88 zephyr/drivers/timer/libdrivers__timer.a(nrf_rtc_timer.c.obj)
 .text.int_event_disable_rtc
                0x000000000000b28c       0x18 zephyr/drivers/timer/libdrivers__timer.a(nrf_rtc_timer.c.obj)
 .text.nrf_rtc_prescaler_set
                0x000000000000b2a4       0x34 zephyr/drivers/timer/libdrivers__timer.a(nrf_rtc_timer.c.obj)
 .text.channel_processing_check_and_clear
                0x000000000000b2d8       0x60 zephyr/drivers/timer/libdrivers__timer.a(nrf_rtc_timer.c.obj)
 .text.compare_int_lock
                0x000000000000b338       0x4c zephyr/drivers/timer/libdrivers__timer.a(nrf_rtc_timer.c.obj)
 .text.sys_clock_timeout_handler
                0x000000000000b384       0x50 zephyr/drivers/timer/libdrivers__timer.a(nrf_rtc_timer.c.obj)
 .text.compare_int_unlock
                0x000000000000b3d4       0x60 zephyr/drivers/timer/libdrivers__timer.a(nrf_rtc_timer.c.obj)
 .text.z_nrf_rtc_timer_read
                0x000000000000b434       0x40 zephyr/drivers/timer/libdrivers__timer.a(nrf_rtc_timer.c.obj)
                0x000000000000b434                z_nrf_rtc_timer_read
 .text.process_channel
                0x000000000000b474       0x7c zephyr/drivers/timer/libdrivers__timer.a(nrf_rtc_timer.c.obj)
 .text.rtc_nrf_isr
                0x000000000000b4f0       0x40 zephyr/drivers/timer/libdrivers__timer.a(nrf_rtc_timer.c.obj)
                0x000000000000b4f0                rtc_nrf_isr
 .text.compare_set_nolocks
                0x000000000000b530       0xac zephyr/drivers/timer/libdrivers__timer.a(nrf_rtc_timer.c.obj)
 .text.sys_clock_driver_init
                0x000000000000b5dc       0x9c zephyr/drivers/timer/libdrivers__timer.a(nrf_rtc_timer.c.obj)
 .text.sys_clock_set_timeout
                0x000000000000b678       0x74 zephyr/drivers/timer/libdrivers__timer.a(nrf_rtc_timer.c.obj)
                0x000000000000b678                sys_clock_set_timeout
 .text.sys_clock_elapsed
                0x000000000000b6ec       0x14 zephyr/drivers/timer/libdrivers__timer.a(nrf_rtc_timer.c.obj)
                0x000000000000b6ec                sys_clock_elapsed
 .text.__NVIC_SystemReset
                0x000000000000b700       0x24 modules/hal_nordic/modules/hal_nordic/nrfx/libmodules__hal_nordic__nrfx.a(system_nrf52840.c.obj)
 .text.nvmc_wait
                0x000000000000b724       0x10 modules/hal_nordic/modules/hal_nordic/nrfx/libmodules__hal_nordic__nrfx.a(system_nrf52840.c.obj)
                0x000000000000b724                nvmc_wait
 .text.nvmc_config
                0x000000000000b734       0x14 modules/hal_nordic/modules/hal_nordic/nrfx/libmodules__hal_nordic__nrfx.a(system_nrf52840.c.obj)
                0x000000000000b734                nvmc_config
 .text.SystemInit
                0x000000000000b748      0x194 modules/hal_nordic/modules/hal_nordic/nrfx/libmodules__hal_nordic__nrfx.a(system_nrf52840.c.obj)
                0x000000000000b748                SystemInit
 .text.nrfx_flag32_alloc
                0x000000000000b8dc       0x48 modules/hal_nordic/modules/hal_nordic/nrfx/libmodules__hal_nordic__nrfx.a(nrfx_flag32_allocator.c.obj)
                0x000000000000b8dc                nrfx_flag32_alloc
 .text.nrfx_flag32_free
                0x000000000000b924       0x44 modules/hal_nordic/modules/hal_nordic/nrfx/libmodules__hal_nordic__nrfx.a(nrfx_flag32_allocator.c.obj)
                0x000000000000b924                nrfx_flag32_free
 .text.nrfx_gppi_channels_enable
                0x000000000000b968        0xc modules/hal_nordic/modules/hal_nordic/nrfx/libmodules__hal_nordic__nrfx.a(nrfx_gppi_ppi.c.obj)
                0x000000000000b968                nrfx_gppi_channels_enable
 .text.nrfx_gppi_channel_endpoints_setup
                0x000000000000b974       0x14 modules/hal_nordic/modules/hal_nordic/nrfx/libmodules__hal_nordic__nrfx.a(nrfx_gppi_ppi.c.obj)
                0x000000000000b974                nrfx_gppi_channel_endpoints_setup
 .text.nrf_clock_is_running
                0x000000000000b988       0x60 modules/hal_nordic/modules/hal_nordic/nrfx/libmodules__hal_nordic__nrfx.a(nrfx_clock.c.obj)
 .text.clock_stop
                0x000000000000b9e8       0xa4 modules/hal_nordic/modules/hal_nordic/nrfx/libmodules__hal_nordic__nrfx.a(nrfx_clock.c.obj)
 .text.nrfx_clock_init
                0x000000000000ba8c       0x28 modules/hal_nordic/modules/hal_nordic/nrfx/libmodules__hal_nordic__nrfx.a(nrfx_clock.c.obj)
                0x000000000000ba8c                nrfx_clock_init
 .text.nrfx_clock_enable
                0x000000000000bab4       0x4c modules/hal_nordic/modules/hal_nordic/nrfx/libmodules__hal_nordic__nrfx.a(nrfx_clock.c.obj)
                0x000000000000bab4                nrfx_clock_enable
 .text.nrfx_clock_start
                0x000000000000bb00      0x124 modules/hal_nordic/modules/hal_nordic/nrfx/libmodules__hal_nordic__nrfx.a(nrfx_clock.c.obj)
                0x000000000000bb00                nrfx_clock_start
 .text.nrfx_clock_stop
                0x000000000000bc24       0x38 modules/hal_nordic/modules/hal_nordic/nrfx/libmodules__hal_nordic__nrfx.a(nrfx_clock.c.obj)
                0x000000000000bc24                nrfx_clock_stop
 .text.nrfx_power_clock_irq_handler
                0x000000000000bc5c       0xb0 modules/hal_nordic/modules/hal_nordic/nrfx/libmodules__hal_nordic__nrfx.a(nrfx_clock.c.obj)
                0x000000000000bc5c                nrfx_power_clock_irq_handler
 .text.nrf_gpio_latches_read_and_clear
                0x000000000000bd0c       0x44 modules/hal_nordic/modules/hal_nordic/nrfx/libmodules__hal_nordic__nrfx.a(nrfx_gpiote.c.obj)
 .text.get_pin_idx
                0x000000000000bd50       0x14 modules/hal_nordic/modules/hal_nordic/nrfx/libmodules__hal_nordic__nrfx.a(nrfx_gpiote.c.obj)
 .text.get_cb   0x000000000000bd64        0x8 modules/hal_nordic/modules/hal_nordic/nrfx/libmodules__hal_nordic__nrfx.a(nrfx_gpiote.c.obj)
 .text.latch_pending_read_and_check
                0x000000000000bd6c       0x50 modules/hal_nordic/modules/hal_nordic/nrfx/libmodules__hal_nordic__nrfx.a(nrfx_gpiote.c.obj)
 .text.nrf_gpio_pin_port_decode
                0x000000000000bdbc       0x70 modules/hal_nordic/modules/hal_nordic/nrfx/libmodules__hal_nordic__nrfx.a(nrfx_gpiote.c.obj)
 .text.gpiote_output_configure
                0x000000000000be2c       0xf8 modules/hal_nordic/modules/hal_nordic/nrfx/libmodules__hal_nordic__nrfx.a(nrfx_gpiote.c.obj)
 .text.nrf_gpio_cfg_default
                0x000000000000bf24       0x2c modules/hal_nordic/modules/hal_nordic/nrfx/libmodules__hal_nordic__nrfx.a(nrfx_gpiote.c.obj)
 .text.gpiote_channel_get
                0x000000000000bf50       0x60 modules/hal_nordic/modules/hal_nordic/nrfx/libmodules__hal_nordic__nrfx.a(nrfx_gpiote.c.obj)
 .text.nrf_gpiote_in_event_get
                0x000000000000bfb0       0x34 modules/hal_nordic/modules/hal_nordic/nrfx/libmodules__hal_nordic__nrfx.a(nrfx_gpiote.c.obj)
 .text.pin_trigger_enable
                0x000000000000bfe4       0xc4 modules/hal_nordic/modules/hal_nordic/nrfx/libmodules__hal_nordic__nrfx.a(nrfx_gpiote.c.obj)
 .text.release_handler
                0x000000000000c0a8       0x84 modules/hal_nordic/modules/hal_nordic/nrfx/libmodules__hal_nordic__nrfx.a(nrfx_gpiote.c.obj)
 .text.pin_handler_set
                0x000000000000c12c       0x88 modules/hal_nordic/modules/hal_nordic/nrfx/libmodules__hal_nordic__nrfx.a(nrfx_gpiote.c.obj)
 .text.gpiote_input_configure
                0x000000000000c1b4      0x16c modules/hal_nordic/modules/hal_nordic/nrfx/libmodules__hal_nordic__nrfx.a(nrfx_gpiote.c.obj)
 .text.pin_uninit
                0x000000000000c320       0x34 modules/hal_nordic/modules/hal_nordic/nrfx/libmodules__hal_nordic__nrfx.a(nrfx_gpiote.c.obj)
 .text.gpiote_init
                0x000000000000c354       0x4c modules/hal_nordic/modules/hal_nordic/nrfx/libmodules__hal_nordic__nrfx.a(nrfx_gpiote.c.obj)
 .text.port_event_handle
                0x000000000000c3a0       0xc4 modules/hal_nordic/modules/hal_nordic/nrfx/libmodules__hal_nordic__nrfx.a(nrfx_gpiote.c.obj)
 .text.nrfx_gpiote_0_irq_handler
                0x000000000000c464       0x14 modules/hal_nordic/modules/hal_nordic/nrfx/libmodules__hal_nordic__nrfx.a(nrfx_gpiote.c.obj)
                0x000000000000c464                nrfx_gpiote_0_irq_handler
 .text.nrfx_ppi_channel_alloc
                0x000000000000c478       0x10 modules/hal_nordic/modules/hal_nordic/nrfx/libmodules__hal_nordic__nrfx.a(nrfx_ppi.c.obj)
                0x000000000000c478                nrfx_ppi_channel_alloc
 .text.pwm_stopped_check
                0x000000000000c488       0x48 modules/hal_nordic/modules/hal_nordic/nrfx/libmodules__hal_nordic__nrfx.a(nrfx_pwm.c.obj)
 .text.nrf_gpio_pin_port_decode
                0x000000000000c4d0       0x70 modules/hal_nordic/modules/hal_nordic/nrfx/libmodules__hal_nordic__nrfx.a(nrfx_pwm.c.obj)
 .text.nrf_gpio_cfg_output
                0x000000000000c540       0x2c modules/hal_nordic/modules/hal_nordic/nrfx/libmodules__hal_nordic__nrfx.a(nrfx_pwm.c.obj)
 .text.nrf_pwm_configure
                0x000000000000c56c       0x3c modules/hal_nordic/modules/hal_nordic/nrfx/libmodules__hal_nordic__nrfx.a(nrfx_pwm.c.obj)
 .text.nrf_pwm_seq_ptr_set
                0x000000000000c5a8       0x54 modules/hal_nordic/modules/hal_nordic/nrfx/libmodules__hal_nordic__nrfx.a(nrfx_pwm.c.obj)
 .text.nrf_pwm_seq_cnt_set
                0x000000000000c5fc       0x7c modules/hal_nordic/modules/hal_nordic/nrfx/libmodules__hal_nordic__nrfx.a(nrfx_pwm.c.obj)
 .text.nrf_pwm_seq_refresh_set
                0x000000000000c678       0x5c modules/hal_nordic/modules/hal_nordic/nrfx/libmodules__hal_nordic__nrfx.a(nrfx_pwm.c.obj)
 .text.nrf_pwm_seq_end_delay_set
                0x000000000000c6d4       0x5c modules/hal_nordic/modules/hal_nordic/nrfx/libmodules__hal_nordic__nrfx.a(nrfx_pwm.c.obj)
 .text.nrf_pwm_sequence_set
                0x000000000000c730       0x58 modules/hal_nordic/modules/hal_nordic/nrfx/libmodules__hal_nordic__nrfx.a(nrfx_pwm.c.obj)
 .text.nrf_pwm_seqstart_task_get
                0x000000000000c788       0x38 modules/hal_nordic/modules/hal_nordic/nrfx/libmodules__hal_nordic__nrfx.a(nrfx_pwm.c.obj)
 .text.nrfx_pwm_init
                0x000000000000c7c0       0x54 modules/hal_nordic/modules/hal_nordic/nrfx/libmodules__hal_nordic__nrfx.a(nrfx_pwm.c.obj)
                0x000000000000c7c0                nrfx_pwm_init
 .text.nrfx_pwm_simple_playback
                0x000000000000c814       0xec modules/hal_nordic/modules/hal_nordic/nrfx/libmodules__hal_nordic__nrfx.a(nrfx_pwm.c.obj)
                0x000000000000c814                nrfx_pwm_simple_playback
 .text.nrfx_pwm_stop
                0x000000000000c900       0x78 modules/hal_nordic/modules/hal_nordic/nrfx/libmodules__hal_nordic__nrfx.a(nrfx_pwm.c.obj)
                0x000000000000c900                nrfx_pwm_stop
 .text.nrfx_pwm_stopped_check
                0x000000000000c978       0x44 modules/hal_nordic/modules/hal_nordic/nrfx/libmodules__hal_nordic__nrfx.a(nrfx_pwm.c.obj)
                0x000000000000c978                nrfx_pwm_stopped_check
 .text.nrfx_pwm_0_irq_handler
                0x000000000000c9bc       0x14 modules/hal_nordic/modules/hal_nordic/nrfx/libmodules__hal_nordic__nrfx.a(nrfx_pwm.c.obj)
                0x000000000000c9bc                nrfx_pwm_0_irq_handler
 .text._DoInit  0x000000000000c9d0       0x64 modules/segger/libmodules__segger.a(SEGGER_RTT.c.obj)
 .text.SEGGER_RTT_StrongCheckInit
                0x000000000000ca34       0x38 modules/segger/libmodules__segger.a(SEGGER_RTT.c.obj)
 .text.SEGGER_RTT_WriteSkipNoLock
                0x000000000000ca6c       0xd0 modules/segger/libmodules__segger.a(SEGGER_RTT.c.obj)
                0x000000000000ca6c                SEGGER_RTT_WriteSkipNoLock
 .text.SEGGER_RTT_HasDataUp
                0x000000000000cb3c       0x20 modules/segger/libmodules__segger.a(SEGGER_RTT.c.obj)
                0x000000000000cb3c                SEGGER_RTT_HasDataUp
 .text.z_device_state_init
                0x000000000000cb5c       0x4c zephyr/kernel/libkernel.a(device.c.obj)
                0x000000000000cb5c                z_device_state_init
 .text.z_device_get_all_static
                0x000000000000cba8       0x20 zephyr/kernel/libkernel.a(device.c.obj)
                0x000000000000cba8                z_device_get_all_static
 .text.reason_to_str
                0x000000000000cbc8       0x40 zephyr/kernel/libkernel.a(fatal.c.obj)
 .text.thread_name_get
                0x000000000000cc08       0x20 zephyr/kernel/libkernel.a(fatal.c.obj)
 .text.k_sys_fatal_error_handler
                0x000000000000cc28       0x38 zephyr/kernel/libkernel.a(fatal.c.obj)
                0x000000000000cc28                k_sys_fatal_error_handler
 .text.z_fatal_error
                0x000000000000cc60       0xfc zephyr/kernel/libkernel.a(fatal.c.obj)
                0x000000000000cc60                z_fatal_error
 .text.z_sys_init_run_level
                0x000000000000cd5c       0x34 zephyr/kernel/libkernel.a(init.c.obj)
 .text.init_idle_thread
                0x000000000000cd90       0x60 zephyr/kernel/libkernel.a(init.c.obj)
 .text.thread_schedule_new
                0x000000000000cdf0       0x1c zephyr/kernel/libkernel.a(init.c.obj)
 .text.z_init_static_threads
                0x000000000000ce0c       0xc4 zephyr/kernel/libkernel.a(init.c.obj)
 .text.bg_thread_main
                0x000000000000ced0       0x38 zephyr/kernel/libkernel.a(init.c.obj)
 .text.switch_to_main_thread
                0x000000000000cf08       0x14 zephyr/kernel/libkernel.a(init.c.obj)
 .text.z_bss_zero
                0x000000000000cf1c       0x18 zephyr/kernel/libkernel.a(init.c.obj)
                0x000000000000cf1c                z_bss_zero
 .text.z_init_cpu
                0x000000000000cf34       0x48 zephyr/kernel/libkernel.a(init.c.obj)
                0x000000000000cf34                z_init_cpu
 .text.prepare_multithreading
                0x000000000000cf7c       0x60 zephyr/kernel/libkernel.a(init.c.obj)
 .text.z_cstart
                0x000000000000cfdc       0x98 zephyr/kernel/libkernel.a(init.c.obj)
                0x000000000000cfdc                z_cstart
 .text.unpend_thread_no_timeout
                0x000000000000d074       0x44 zephyr/kernel/libkernel.a(mem_slab.c.obj)
 .text.init_mem_slab_obj_core_list
                0x000000000000d0b8       0x58 zephyr/kernel/libkernel.a(mem_slab.c.obj)
 .text.k_mem_slab_alloc
                0x000000000000d110      0x124 zephyr/kernel/libkernel.a(mem_slab.c.obj)
                0x000000000000d110                k_mem_slab_alloc
 .text.k_mem_slab_free
                0x000000000000d234      0x168 zephyr/kernel/libkernel.a(mem_slab.c.obj)
                0x000000000000d234                k_mem_slab_free
 .text.idle     0x000000000000d39c       0x48 zephyr/kernel/libkernel.a(idle.c.obj)
                0x000000000000d39c                idle
 .text.arch_spin_relax
                0x000000000000d3e4       0x44 zephyr/kernel/libkernel.a(idle.c.obj)
                0x000000000000d3e4                arch_spin_relax
 .text.unpend_thread_no_timeout
                0x000000000000d428       0x44 zephyr/kernel/libkernel.a(mutex.c.obj)
 .text.z_impl_k_mutex_lock
                0x000000000000d46c      0x230 zephyr/kernel/libkernel.a(mutex.c.obj)
                0x000000000000d46c                z_impl_k_mutex_lock
 .text.z_impl_k_mutex_unlock
                0x000000000000d69c      0x19c zephyr/kernel/libkernel.a(mutex.c.obj)
                0x000000000000d69c                z_impl_k_mutex_unlock
 .text.unpend_thread_no_timeout
                0x000000000000d838       0x44 zephyr/kernel/libkernel.a(sem.c.obj)
 .text.z_impl_k_sem_give
                0x000000000000d87c       0xf0 zephyr/kernel/libkernel.a(sem.c.obj)
                0x000000000000d87c                z_impl_k_sem_give
 .text.z_impl_k_sem_take
                0x000000000000d96c      0x124 zephyr/kernel/libkernel.a(sem.c.obj)
                0x000000000000d96c                z_impl_k_sem_take
 .text.thread_schedule_new
                0x000000000000da90       0x1c zephyr/kernel/libkernel.a(thread.c.obj)
 .text.z_impl_k_thread_name_set
                0x000000000000daac       0x24 zephyr/kernel/libkernel.a(thread.c.obj)
                0x000000000000daac                z_impl_k_thread_name_set
 .text.k_thread_state_str
                0x000000000000dad0       0x78 zephyr/kernel/libkernel.a(thread.c.obj)
                0x000000000000dad0                k_thread_state_str
 .text.z_setup_new_thread
                0x000000000000db48      0x190 zephyr/kernel/libkernel.a(thread.c.obj)
                0x000000000000db48                z_setup_new_thread
 .text.z_impl_k_thread_create
                0x000000000000dcd8       0x7c zephyr/kernel/libkernel.a(thread.c.obj)
                0x000000000000dcd8                z_impl_k_thread_create
 .text.z_swap_irqlock
                0x000000000000dd54       0x34 zephyr/kernel/libkernel.a(sched.c.obj)
 .text.unpend_thread_no_timeout
                0x000000000000dd88       0x44 zephyr/kernel/libkernel.a(sched.c.obj)
 .text.z_sched_lock
                0x000000000000ddcc       0x68 zephyr/kernel/libkernel.a(sched.c.obj)
 .text.ready_thread
                0x000000000000de34      0x110 zephyr/kernel/libkernel.a(sched.c.obj)
 .text.unready_thread
                0x000000000000df44       0xbc zephyr/kernel/libkernel.a(sched.c.obj)
 .text.z_dummy_thread_init
                0x000000000000e000       0x24 zephyr/kernel/libkernel.a(sched.c.obj)
 .text.thread_halt_spin
                0x000000000000e024      0x170 zephyr/kernel/libkernel.a(sched.c.obj)
 .text.add_thread_timeout
                0x000000000000e194       0x20 zephyr/kernel/libkernel.a(sched.c.obj)
 .text.move_thread_to_end_of_prio_q
                0x000000000000e1b4      0x138 zephyr/kernel/libkernel.a(sched.c.obj)
                0x000000000000e1b4                move_thread_to_end_of_prio_q
 .text.z_ready_thread
                0x000000000000e2ec       0xa8 zephyr/kernel/libkernel.a(sched.c.obj)
                0x000000000000e2ec                z_ready_thread
 .text.z_unpend_thread_no_timeout
                0x000000000000e394       0xa4 zephyr/kernel/libkernel.a(sched.c.obj)
                0x000000000000e394                z_unpend_thread_no_timeout
 .text.z_sched_wake_thread
                0x000000000000e438       0xbc zephyr/kernel/libkernel.a(sched.c.obj)
                0x000000000000e438                z_sched_wake_thread
 .text.z_pend_curr
                0x000000000000e4f4      0x100 zephyr/kernel/libkernel.a(sched.c.obj)
                0x000000000000e4f4                z_pend_curr
 .text.z_unpend1_no_timeout
                0x000000000000e5f4       0xb0 zephyr/kernel/libkernel.a(sched.c.obj)
                0x000000000000e5f4                z_unpend1_no_timeout
 .text.z_thread_prio_set
                0x000000000000e6a4      0x184 zephyr/kernel/libkernel.a(sched.c.obj)
                0x000000000000e6a4                z_thread_prio_set
 .text.z_reschedule
                0x000000000000e828       0x90 zephyr/kernel/libkernel.a(sched.c.obj)
                0x000000000000e828                z_reschedule
 .text.z_reschedule_irqlock
                0x000000000000e8b8       0x2c zephyr/kernel/libkernel.a(sched.c.obj)
                0x000000000000e8b8                z_reschedule_irqlock
 .text.k_sched_lock
                0x000000000000e8e4       0x98 zephyr/kernel/libkernel.a(sched.c.obj)
                0x000000000000e8e4                k_sched_lock
 .text.k_sched_unlock
                0x000000000000e97c      0x168 zephyr/kernel/libkernel.a(sched.c.obj)
                0x000000000000e97c                k_sched_unlock
 .text.z_sched_init
                0x000000000000eae4       0x10 zephyr/kernel/libkernel.a(sched.c.obj)
                0x000000000000eae4                z_sched_init
 .text.z_impl_k_yield
                0x000000000000eaf4      0x144 zephyr/kernel/libkernel.a(sched.c.obj)
                0x000000000000eaf4                z_impl_k_yield
 .text.z_tick_sleep
                0x000000000000ec38      0x13c zephyr/kernel/libkernel.a(sched.c.obj)
 .text.z_impl_k_sleep
                0x000000000000ed74       0x8c zephyr/kernel/libkernel.a(sched.c.obj)
                0x000000000000ed74                z_impl_k_sleep
 .text.z_impl_k_usleep
                0x000000000000ee00       0x78 zephyr/kernel/libkernel.a(sched.c.obj)
                0x000000000000ee00                z_impl_k_usleep
 .text.z_impl_k_wakeup
                0x000000000000ee78       0xec zephyr/kernel/libkernel.a(sched.c.obj)
                0x000000000000ee78                z_impl_k_wakeup
 .text.z_impl_k_sched_current_thread_query
                0x000000000000ef64        0xc zephyr/kernel/libkernel.a(sched.c.obj)
                0x000000000000ef64                z_impl_k_sched_current_thread_query
 .text.z_thread_abort
                0x000000000000ef70      0x2d4 zephyr/kernel/libkernel.a(sched.c.obj)
                0x000000000000ef70                z_thread_abort
 .text.z_sched_wake
                0x000000000000f244       0xd0 zephyr/kernel/libkernel.a(sched.c.obj)
                0x000000000000f244                z_sched_wake
 .text.z_sched_wait
                0x000000000000f314       0x24 zephyr/kernel/libkernel.a(sched.c.obj)
                0x000000000000f314                z_sched_wait
 .text.slice_timeout
                0x000000000000f338       0x6c zephyr/kernel/libkernel.a(timeslicing.c.obj)
 .text.thread_is_sliceable
                0x000000000000f3a4       0x4c zephyr/kernel/libkernel.a(timeslicing.c.obj)
                0x000000000000f3a4                thread_is_sliceable
 .text.z_reset_time_slice
                0x000000000000f3f0       0x50 zephyr/kernel/libkernel.a(timeslicing.c.obj)
                0x000000000000f3f0                z_reset_time_slice
 .text.z_time_slice
                0x000000000000f440      0x10c zephyr/kernel/libkernel.a(timeslicing.c.obj)
                0x000000000000f440                z_time_slice
 .text.z_spin_lock_valid
                0x000000000000f54c       0x20 zephyr/kernel/libkernel.a(spinlock_validate.c.obj)
                0x000000000000f54c                z_spin_lock_valid
 .text.z_spin_unlock_valid
                0x000000000000f56c       0x34 zephyr/kernel/libkernel.a(spinlock_validate.c.obj)
                0x000000000000f56c                z_spin_unlock_valid
 .text.z_spin_lock_set_owner
                0x000000000000f5a0       0x10 zephyr/kernel/libkernel.a(spinlock_validate.c.obj)
                0x000000000000f5a0                z_spin_lock_set_owner
 .text.z_thread_monitor_exit
                0x000000000000f5b0       0xb4 zephyr/kernel/libkernel.a(thread_monitor.c.obj)
                0x000000000000f5b0                z_thread_monitor_exit
 .text.k_thread_foreach_unlocked
                0x000000000000f664      0x14c zephyr/kernel/libkernel.a(thread_monitor.c.obj)
                0x000000000000f664                k_thread_foreach_unlocked
 .text.z_data_copy
                0x000000000000f7b0       0x34 zephyr/kernel/libkernel.a(xip.c.obj)
                0x000000000000f7b0                z_data_copy
 .text.first    0x000000000000f7e4       0x14 zephyr/kernel/libkernel.a(timeout.c.obj)
 .text.next     0x000000000000f7f8       0x18 zephyr/kernel/libkernel.a(timeout.c.obj)
 .text.elapsed  0x000000000000f810       0x18 zephyr/kernel/libkernel.a(timeout.c.obj)
 .text.z_add_timeout
                0x000000000000f828      0x1a8 zephyr/kernel/libkernel.a(timeout.c.obj)
                0x000000000000f828                z_add_timeout
 .text.z_abort_timeout
                0x000000000000f9d0       0xc8 zephyr/kernel/libkernel.a(timeout.c.obj)
                0x000000000000f9d0                z_abort_timeout
 .text.sys_clock_announce
                0x000000000000fa98      0x190 zephyr/kernel/libkernel.a(timeout.c.obj)
                0x000000000000fa98                sys_clock_announce
 .text.sys_clock_tick_get
                0x000000000000fc28       0xb0 zephyr/kernel/libkernel.a(timeout.c.obj)
                0x000000000000fc28                sys_clock_tick_get
 .text.z_timer_expiration_handler
                0x000000000000fcd8      0x220 zephyr/kernel/libkernel.a(timer.c.obj)
                0x000000000000fcd8                z_timer_expiration_handler
 .text.z_impl_k_timer_start
                0x000000000000fef8      0x120 zephyr/kernel/libkernel.a(timer.c.obj)
                0x000000000000fef8                z_impl_k_timer_start
 .text.is_condition_met
                0x0000000000010018       0x98 zephyr/kernel/libkernel.a(poll.c.obj)
 .text.register_event
                0x00000000000100b0      0x11c zephyr/kernel/libkernel.a(poll.c.obj)
 .text.clear_event_registration
                0x00000000000101cc      0x104 zephyr/kernel/libkernel.a(poll.c.obj)
 .text.register_events
                0x00000000000102d0       0xf4 zephyr/kernel/libkernel.a(poll.c.obj)
 .text.clear_event_registrations
                0x00000000000103c4       0xa8 zephyr/kernel/libkernel.a(poll.c.obj)
 .text.signal_poller
                0x000000000001046c       0x80 zephyr/kernel/libkernel.a(poll.c.obj)
 .text.k_poll_event_init
                0x00000000000104ec       0xb0 zephyr/kernel/libkernel.a(poll.c.obj)
                0x00000000000104ec                k_poll_event_init
 .text.z_impl_k_poll
                0x000000000001059c      0x23c zephyr/kernel/libkernel.a(poll.c.obj)
                0x000000000001059c                z_impl_k_poll
 .text.z_handle_obj_poll_events
                0x00000000000107d8       0xac zephyr/kernel/libkernel.a(poll.c.obj)
                0x00000000000107d8                z_handle_obj_poll_events
 .text.z_impl_k_poll_signal_raise
                0x0000000000010884       0xc0 zephyr/kernel/libkernel.a(poll.c.obj)
                0x0000000000010884                z_impl_k_poll_signal_raise
 .text.z_heap_aligned_alloc
                0x0000000000010944       0x70 zephyr/kernel/libkernel.a(mempool.c.obj)
 .text.k_aligned_alloc
                0x00000000000109b4       0x74 zephyr/kernel/libkernel.a(mempool.c.obj)
                0x00000000000109b4                k_aligned_alloc
 .text.k_thread_system_pool_assign
                0x0000000000010a28        0xc zephyr/kernel/libkernel.a(mempool.c.obj)
                0x0000000000010a28                k_thread_system_pool_assign
 .text.statics_init
                0x0000000000010a34       0x58 zephyr/kernel/libkernel.a(kheap.c.obj)
 .text.k_heap_aligned_alloc
                0x0000000000010a8c      0x16c zephyr/kernel/libkernel.a(kheap.c.obj)
                0x0000000000010a8c                k_heap_aligned_alloc
 .text.k_heap_free
                0x0000000000010bf8       0xac zephyr/kernel/libkernel.a(kheap.c.obj)
                0x0000000000010bf8                k_heap_free
 .text.k_sys_work_q_init
                0x0000000000010ca4       0x38 zephyr/kernel/libkernel.a(system_work_q.c.obj)
 .text.queue_submit_locked
                0x0000000000010cdc       0x7c zephyr/kernel/libkernel.a(work.c.obj)
 .text.submit_to_queue_locked
                0x0000000000010d58       0x88 zephyr/kernel/libkernel.a(work.c.obj)
 .text.finalize_cancel_locked
                0x0000000000010de0       0x5c zephyr/kernel/libkernel.a(work.c.obj)
 .text.work_queue_main
                0x0000000000010e3c      0x230 zephyr/kernel/libkernel.a(work.c.obj)
 .text.z_work_submit_to_queue
                0x000000000001106c       0xe8 zephyr/kernel/libkernel.a(work.c.obj)
                0x000000000001106c                z_work_submit_to_queue
 .text.nrf_cc3xx_platform_init_no_rng
                0x0000000000011154       0x38 C:/ncs/v3.0.2/nrfxlib/crypto/nrf_cc310_platform/lib/cortex-m4/hard-float/no-interrupts/libnrf_cc310_platform_0.9.19.a(nrf_cc3xx_platform.c.obj)
                0x0000000000011154                nrf_cc3xx_platform_init_no_rng
 .text.nrf_cc3xx_platform_abort
                0x000000000001118c       0x24 C:/ncs/v3.0.2/nrfxlib/crypto/nrf_cc310_platform/lib/cortex-m4/hard-float/no-interrupts/libnrf_cc310_platform_0.9.19.a(nrf_cc3xx_platform_abort.c.obj)
 .text.CC_PalAbort
                0x00000000000111b0       0x38 C:/ncs/v3.0.2/nrfxlib/crypto/nrf_cc310_platform/lib/cortex-m4/hard-float/no-interrupts/libnrf_cc310_platform_0.9.19.a(nrf_cc3xx_platform_abort.c.obj)
                0x00000000000111b0                CC_PalAbort
 .text.nrf_cc3xx_platform_set_abort
                0x00000000000111e8       0x10 C:/ncs/v3.0.2/nrfxlib/crypto/nrf_cc310_platform/lib/cortex-m4/hard-float/no-interrupts/libnrf_cc310_platform_0.9.19.a(nrf_cc3xx_platform_abort.c.obj)
                0x00000000000111e8                nrf_cc3xx_platform_set_abort
 .text.mutex_free
                0x00000000000111f8       0x34 C:/ncs/v3.0.2/nrfxlib/crypto/nrf_cc310_platform/lib/cortex-m4/hard-float/no-interrupts/libnrf_cc310_platform_0.9.19.a(nrf_cc3xx_platform_mutex.c.obj)
 .text.mutex_lock
                0x000000000001122c       0x48 C:/ncs/v3.0.2/nrfxlib/crypto/nrf_cc310_platform/lib/cortex-m4/hard-float/no-interrupts/libnrf_cc310_platform_0.9.19.a(nrf_cc3xx_platform_mutex.c.obj)
 .text.mutex_unlock
                0x0000000000011274       0x38 C:/ncs/v3.0.2/nrfxlib/crypto/nrf_cc310_platform/lib/cortex-m4/hard-float/no-interrupts/libnrf_cc310_platform_0.9.19.a(nrf_cc3xx_platform_mutex.c.obj)
 .text.mutex_init
                0x00000000000112ac       0x20 C:/ncs/v3.0.2/nrfxlib/crypto/nrf_cc310_platform/lib/cortex-m4/hard-float/no-interrupts/libnrf_cc310_platform_0.9.19.a(nrf_cc3xx_platform_mutex.c.obj)
 .text.nrf_cc3xx_platform_set_mutexes
                0x00000000000112cc       0x6c C:/ncs/v3.0.2/nrfxlib/crypto/nrf_cc310_platform/lib/cortex-m4/hard-float/no-interrupts/libnrf_cc310_platform_0.9.19.a(nrf_cc3xx_platform_mutex.c.obj)
                0x00000000000112cc                nrf_cc3xx_platform_set_mutexes
 .text.CC_LibInitNoRng
                0x0000000000011338       0x64 C:/ncs/v3.0.2/nrfxlib/crypto/nrf_cc310_platform/lib/cortex-m4/hard-float/no-interrupts/libnrf_cc310_platform_0.9.19.a(cc_lib.c.obj)
                0x0000000000011338                CC_LibInitNoRng
 .text.CC_HalInit
                0x000000000001139c        0x4 C:/ncs/v3.0.2/nrfxlib/crypto/nrf_cc310_platform/lib/cortex-m4/hard-float/no-interrupts/libnrf_cc310_platform_0.9.19.a(cc_hal.c.obj)
                0x000000000001139c                CC_HalInit
 .text.CC_HalTerminate
                0x00000000000113a0        0x4 C:/ncs/v3.0.2/nrfxlib/crypto/nrf_cc310_platform/lib/cortex-m4/hard-float/no-interrupts/libnrf_cc310_platform_0.9.19.a(cc_hal.c.obj)
                0x00000000000113a0                CC_HalTerminate
 .text.CC_HalMaskInterrupt
                0x00000000000113a4        0xc C:/ncs/v3.0.2/nrfxlib/crypto/nrf_cc310_platform/lib/cortex-m4/hard-float/no-interrupts/libnrf_cc310_platform_0.9.19.a(cc_hal.c.obj)
                0x00000000000113a4                CC_HalMaskInterrupt
 .text.CC_PalInit
                0x00000000000113b0       0x5c C:/ncs/v3.0.2/nrfxlib/crypto/nrf_cc310_platform/lib/cortex-m4/hard-float/no-interrupts/libnrf_cc310_platform_0.9.19.a(cc_pal.c.obj)
                0x00000000000113b0                CC_PalInit
 .text.CC_PalTerminate
                0x000000000001140c       0x34 C:/ncs/v3.0.2/nrfxlib/crypto/nrf_cc310_platform/lib/cortex-m4/hard-float/no-interrupts/libnrf_cc310_platform_0.9.19.a(cc_pal.c.obj)
                0x000000000001140c                CC_PalTerminate
 .text.CC_PalDmaInit
                0x0000000000011440        0x4 C:/ncs/v3.0.2/nrfxlib/crypto/nrf_cc310_platform/lib/cortex-m4/hard-float/no-interrupts/libnrf_cc310_platform_0.9.19.a(cc_pal_dma.c.obj)
                0x0000000000011440                CC_PalDmaInit
 .text.CC_PalDmaTerminate
                0x0000000000011444        0x4 C:/ncs/v3.0.2/nrfxlib/crypto/nrf_cc310_platform/lib/cortex-m4/hard-float/no-interrupts/libnrf_cc310_platform_0.9.19.a(cc_pal_dma.c.obj)
                0x0000000000011444                CC_PalDmaTerminate
 .text.CC_PalMutexCreate
                0x0000000000011448       0x14 C:/ncs/v3.0.2/nrfxlib/crypto/nrf_cc310_platform/lib/cortex-m4/hard-float/no-interrupts/libnrf_cc310_platform_0.9.19.a(cc_pal_mutex.c.obj)
                0x0000000000011448                CC_PalMutexCreate
 .text.CC_PalMutexDestroy
                0x000000000001145c       0x14 C:/ncs/v3.0.2/nrfxlib/crypto/nrf_cc310_platform/lib/cortex-m4/hard-float/no-interrupts/libnrf_cc310_platform_0.9.19.a(cc_pal_mutex.c.obj)
                0x000000000001145c                CC_PalMutexDestroy
 .text.CC_PalPowerSaveModeInit
                0x0000000000011470       0x3c C:/ncs/v3.0.2/nrfxlib/crypto/nrf_cc310_platform/lib/cortex-m4/hard-float/no-interrupts/libnrf_cc310_platform_0.9.19.a(cc_pal_pm.c.obj)
                0x0000000000011470                CC_PalPowerSaveModeInit
 .text.CC_PalPowerSaveModeSelect
                0x00000000000114ac       0x84 C:/ncs/v3.0.2/nrfxlib/crypto/nrf_cc310_platform/lib/cortex-m4/hard-float/no-interrupts/libnrf_cc310_platform_0.9.19.a(cc_pal_pm.c.obj)
                0x00000000000114ac                CC_PalPowerSaveModeSelect
 .text.snprintf
                0x0000000000011530       0x58 c:\ncs\toolchains\0b393f9e1b\opt\zephyr-sdk\arm-zephyr-eabi\bin\../lib/gcc/../../picolibc/arm-zephyr-eabi/lib/thumb/v7e-m+fp/hard\libc.a(libc_tinystdio_snprintf.c.o)
                0x0000000000011530                snprintf
 .text.sscanf   0x0000000000011588       0x40 c:\ncs\toolchains\0b393f9e1b\opt\zephyr-sdk\arm-zephyr-eabi\bin\../lib/gcc/../../picolibc/arm-zephyr-eabi/lib/thumb/v7e-m+fp/hard\libc.a(libc_tinystdio_sscanf.c.o)
                0x0000000000011588                sscanf
 .text.strtol   0x00000000000115c8       0xec c:\ncs\toolchains\0b393f9e1b\opt\zephyr-sdk\arm-zephyr-eabi\bin\../lib/gcc/../../picolibc/arm-zephyr-eabi/lib/thumb/v7e-m+fp/hard\libc.a(libc_tinystdio_strtol.c.o)
                0x00000000000115c8                strtol
 .text.strtoul  0x00000000000116b4       0xcc c:\ncs\toolchains\0b393f9e1b\opt\zephyr-sdk\arm-zephyr-eabi\bin\../lib/gcc/../../picolibc/arm-zephyr-eabi/lib/thumb/v7e-m+fp/hard\libc.a(libc_tinystdio_strtoul.c.o)
                0x00000000000116b4                strtoul
 .text.skip_to_arg
                0x0000000000011780      0x138 c:\ncs\toolchains\0b393f9e1b\opt\zephyr-sdk\arm-zephyr-eabi\bin\../lib/gcc/../../picolibc/arm-zephyr-eabi/lib/thumb/v7e-m+fp/hard\libc.a(libc_tinystdio_vfprintf.c.o)
 .text.vfprintf
                0x00000000000118b8      0x9bc c:\ncs\toolchains\0b393f9e1b\opt\zephyr-sdk\arm-zephyr-eabi\bin\../lib/gcc/../../picolibc/arm-zephyr-eabi/lib/thumb/v7e-m+fp/hard\libc.a(libc_tinystdio_vfprintf.c.o)
                0x00000000000118b8                __d_vfprintf
 .text.vfscanf  0x0000000000012274      0x8d0 c:\ncs\toolchains\0b393f9e1b\opt\zephyr-sdk\arm-zephyr-eabi\bin\../lib/gcc/../../picolibc/arm-zephyr-eabi/lib/thumb/v7e-m+fp/hard\libc.a(libc_tinystdio_vfscanf.c.o)
                0x0000000000012274                __d_vfscanf
 .text.div10    0x0000000000012b44       0x28 c:\ncs\toolchains\0b393f9e1b\opt\zephyr-sdk\arm-zephyr-eabi\bin\../lib/gcc/../../picolibc/arm-zephyr-eabi/lib/thumb/v7e-m+fp/hard\libc.a(libc_tinystdio_dtoa_ryu.c.o)
 .text.__dtoa_engine
                0x0000000000012b6c      0x4b0 c:\ncs\toolchains\0b393f9e1b\opt\zephyr-sdk\arm-zephyr-eabi\bin\../lib/gcc/../../picolibc/arm-zephyr-eabi/lib/thumb/v7e-m+fp/hard\libc.a(libc_tinystdio_dtoa_ryu.c.o)
                0x0000000000012b6c                __dtoa_engine
 .text.__log10Pow2
                0x000000000001301c        0xc c:\ncs\toolchains\0b393f9e1b\opt\zephyr-sdk\arm-zephyr-eabi\bin\../lib/gcc/../../picolibc/arm-zephyr-eabi/lib/thumb/v7e-m+fp/hard\libc.a(libc_tinystdio_ryu_log10.c.o)
                0x000000000001301c                __log10Pow2
 .text.__log10Pow5
                0x0000000000013028        0xc c:\ncs\toolchains\0b393f9e1b\opt\zephyr-sdk\arm-zephyr-eabi\bin\../lib/gcc/../../picolibc/arm-zephyr-eabi/lib/thumb/v7e-m+fp/hard\libc.a(libc_tinystdio_ryu_log10.c.o)
                0x0000000000013028                __log10Pow5
 .text.__log2pow5
                0x0000000000013034        0xc c:\ncs\toolchains\0b393f9e1b\opt\zephyr-sdk\arm-zephyr-eabi\bin\../lib/gcc/../../picolibc/arm-zephyr-eabi/lib/thumb/v7e-m+fp/hard\libc.a(libc_tinystdio_ryu_log2pow5.c.o)
                0x0000000000013034                __log2pow5
 .text.__ceil_log2pow5
                0x0000000000013040       0x10 c:\ncs\toolchains\0b393f9e1b\opt\zephyr-sdk\arm-zephyr-eabi\bin\../lib/gcc/../../picolibc/arm-zephyr-eabi/lib/thumb/v7e-m+fp/hard\libc.a(libc_tinystdio_ryu_log2pow5.c.o)
                0x0000000000013040                __ceil_log2pow5
 .text.__pow5bits
                0x0000000000013050       0x10 c:\ncs\toolchains\0b393f9e1b\opt\zephyr-sdk\arm-zephyr-eabi\bin\../lib/gcc/../../picolibc/arm-zephyr-eabi/lib/thumb/v7e-m+fp/hard\libc.a(libc_tinystdio_ryu_pow5bits.c.o)
                0x0000000000013050                __pow5bits
 .text.__pow5Factor
                0x0000000000013060       0x30 c:\ncs\toolchains\0b393f9e1b\opt\zephyr-sdk\arm-zephyr-eabi\bin\../lib/gcc/../../picolibc/arm-zephyr-eabi/lib/thumb/v7e-m+fp/hard\libc.a(libc_tinystdio_ryu_table.c.o)
                0x0000000000013060                __pow5Factor
 .text.__double_computePow5
                0x0000000000013090       0xe8 c:\ncs\toolchains\0b393f9e1b\opt\zephyr-sdk\arm-zephyr-eabi\bin\../lib/gcc/../../picolibc/arm-zephyr-eabi/lib/thumb/v7e-m+fp/hard\libc.a(libc_tinystdio_ryu_table.c.o)
                0x0000000000013090                __double_computePow5
 .text.__double_computeInvPow5
                0x0000000000013178       0xf8 c:\ncs\toolchains\0b393f9e1b\opt\zephyr-sdk\arm-zephyr-eabi\bin\../lib/gcc/../../picolibc/arm-zephyr-eabi/lib/thumb/v7e-m+fp/hard\libc.a(libc_tinystdio_ryu_table.c.o)
                0x0000000000013178                __double_computeInvPow5
 .text._OffsetAbsSyms
                0x0000000000013270        0x2 zephyr/CMakeFiles/offsets.dir/./arch/arm/core/offsets/offsets.c.obj
                0x0000000000013270                _OffsetAbsSyms
 .text.z_log_msg_runtime_create
                0x0000000000013272       0x1e app/libapp.a(main.c.obj)
 .text.gpio_add_callback
                0x0000000000013290       0x14 app/libapp.a(ir_hal.c.obj)
 .text.pwm_set_cycles
                0x00000000000132a4       0x1e app/libapp.a(ir_hal.c.obj)
 .text.pwm_set_dt
                0x00000000000132c2       0x1a app/libapp.a(ir_hal.c.obj)
 .text.z_log_msg_runtime_create