Archive member included to satisfy reference by file (symbol)

app/libapp.a(main.c.obj)      (--whole-archive)
app/libapp.a(ir_hal.c.obj)    (--whole-archive)
app/libapp.a(irdb_protocol.c.obj)
                              (--whole-archive)
app/libapp.a(irdb_loader.c.obj)
                              (--whole-archive)
app/libapp.a(ir_service.c.obj)
                              (--whole-archive)
app/libapp.a(ir_learning.c.obj)
                              (--whole-archive)
app/libapp.a(ir_learning_app.c.obj)
                              (--whole-archive)
zephyr/libzephyr.a(crc32c_sw.c.obj)
                              (--whole-archive)
zephyr/libzephyr.a(crc32_sw.c.obj)
                              (--whole-archive)
zephyr/libzephyr.a(crc24_sw.c.obj)
                              (--whole-archive)
zephyr/libzephyr.a(crc16_sw.c.obj)
                              (--whole-archive)
zephyr/libzephyr.a(crc8_sw.c.obj)
                              (--whole-archive)
zephyr/libzephyr.a(crc7_sw.c.obj)
                              (--whole-archive)
zephyr/libzephyr.a(crc4_sw.c.obj)
                              (--whole-archive)
zephyr/libzephyr.a(heap.c.obj)
                              (--whole-archive)
zephyr/libzephyr.a(cbprintf_packaged.c.obj)
                              (--whole-archive)
zephyr/libzephyr.a(printk.c.obj)
                              (--whole-archive)
zephyr/libzephyr.a(sem.c.obj)
                              (--whole-archive)
zephyr/libzephyr.a(thread_entry.c.obj)
                              (--whole-archive)
zephyr/libzephyr.a(cbprintf_complete.c.obj)
                              (--whole-archive)
zephyr/libzephyr.a(assert.c.obj)
                              (--whole-archive)
zephyr/libzephyr.a(mpsc_pbuf.c.obj)
                              (--whole-archive)
zephyr/libzephyr.a(dec.c.obj)
                              (--whole-archive)
zephyr/libzephyr.a(hex.c.obj)
                              (--whole-archive)
zephyr/libzephyr.a(rb.c.obj)  (--whole-archive)
zephyr/libzephyr.a(timeutil.c.obj)
                              (--whole-archive)
zephyr/libzephyr.a(bitarray.c.obj)
                              (--whole-archive)
zephyr/libzephyr.a(onoff.c.obj)
                              (--whole-archive)
zephyr/libzephyr.a(notify.c.obj)
                              (--whole-archive)
zephyr/libzephyr.a(ring_buffer.c.obj)
                              (--whole-archive)
zephyr/libzephyr.a(last_section_id.c.obj)
                              (--whole-archive)
zephyr/libzephyr.a(configs.c.obj)
                              (--whole-archive)
zephyr/libzephyr.a(thread_info.c.obj)
                              (--whole-archive)
zephyr/libzephyr.a(nvs.c.obj)
                              (--whole-archive)
zephyr/libzephyr.a(log_core.c.obj)
                              (--whole-archive)
zephyr/libzephyr.a(log_mgmt.c.obj)
                              (--whole-archive)
zephyr/libzephyr.a(log_cache.c.obj)
                              (--whole-archive)
zephyr/libzephyr.a(log_msg.c.obj)
                              (--whole-archive)
zephyr/libzephyr.a(log_output.c.obj)
                              (--whole-archive)
zephyr/libzephyr.a(log_backend_rtt.c.obj)
                              (--whole-archive)
zephyr/libzephyr.a(mem_attr.c.obj)
                              (--whole-archive)
zephyr/libzephyr.a(flash_map.c.obj)
                              (--whole-archive)
zephyr/libzephyr.a(flash_map_layout.c.obj)
                              (--whole-archive)
zephyr/libzephyr.a(tracing_none.c.obj)
                              (--whole-archive)
zephyr/libzephyr.a(kernel_shell.c.obj)
                              (--whole-archive)
zephyr/libzephyr.a(cycles.c.obj)
                              (--whole-archive)
zephyr/libzephyr.a(sleep.c.obj)
                              (--whole-archive)
zephyr/libzephyr.a(uptime.c.obj)
                              (--whole-archive)
zephyr/libzephyr.a(version.c.obj)
                              (--whole-archive)
zephyr/libzephyr.a(log-level.c.obj)
                              (--whole-archive)
zephyr/libzephyr.a(thread.c.obj)
                              (--whole-archive)
zephyr/libzephyr.a(list.c.obj)
                              (--whole-archive)
zephyr/libzephyr.a(stacks.c.obj)
                              (--whole-archive)
zephyr/libzephyr.a(device_service.c.obj)
                              (--whole-archive)
zephyr/libzephyr.a(devmem_service.c.obj)
                              (--whole-archive)
zephyr/libzephyr.a(shell_uart.c.obj)
                              (--whole-archive)
zephyr/libzephyr.a(shell.c.obj)
                              (--whole-archive)
zephyr/libzephyr.a(shell_fprintf.c.obj)
                              (--whole-archive)
zephyr/libzephyr.a(shell_utils.c.obj)
                              (--whole-archive)
zephyr/libzephyr.a(shell_ops.c.obj)
                              (--whole-archive)
[...]
Memory Configuration

Name             Origin             Length             Attributes
FLASH            0x0000000000000000 0x00000000000f4000 xr
RAM              0x0000000020000000 0x0000000000040000 xw
IDT_LIST         0x00000000ffff7fff 0x0000000000008000 xw
*default*        0x0000000000000000 0xffffffffffffffff

Linker script and memory map

                0x0000000000018840                vfprintf = __d_vfprintf
                0x00000000000191fc                vfscanf = __d_vfscanf
LOAD zephyr/CMakeFiles/zephyr_pre0.dir/misc/empty_file.c.obj
LOAD zephyr/CMakeFiles/offsets.dir/./arch/arm/core/offsets/offsets.c.obj
LOAD app/libapp.a
LOAD zephyr/libzephyr.a
LOAD zephyr/arch/common/libarch__common.a
LOAD zephyr/arch/arch/arm/core/libarch__arm__core.a
LOAD zephyr/arch/arch/arm/core/cortex_m/libarch__arm__core__cortex_m.a
LOAD zephyr/arch/arch/arm/core/mpu/libarch__arm__core__mpu.a
LOAD zephyr/lib/libc/picolibc/liblib__libc__picolibc.a
LOAD zephyr/lib/libc/common/liblib__libc__common.a
LOAD zephyr/lib/posix/options/liblib__posix__options.a
LOAD zephyr/soc/soc/nrf52840/libsoc__nordic.a
LOAD zephyr/subsys/fs/libsubsys__fs.a
LOAD zephyr/drivers/clock_control/libdrivers__clock_control.a
LOAD zephyr/drivers/console/libdrivers__console.a
LOAD zephyr/drivers/flash/libdrivers__flash.a
LOAD zephyr/drivers/gpio/libdrivers__gpio.a
LOAD zephyr/drivers/pinctrl/libdrivers__pinctrl.a
LOAD zephyr/drivers/pwm/libdrivers__pwm.a
LOAD zephyr/drivers/serial/libdrivers__serial.a
LOAD zephyr/drivers/timer/libdrivers__timer.a
LOAD modules/nrf/drivers/hw_cc3xx/lib..__nrf__drivers__hw_cc3xx.a
LOAD modules/hal_nordic/modules/hal_nordic/nrfx/libmodules__hal_nordic__nrfx.a
LOAD modules/littlefs/libmodules__littlefs.a
LOAD modules/segger/libmodules__segger.a
LOAD zephyr/kernel/libkernel.a
LOAD zephyr/arch/common/libisr_tables.a
LOAD C:/ncs/v3.0.2/nrfxlib/crypto/nrf_cc310_platform/lib/cortex-m4/hard-float/no-interrupts/libnrf_cc310_platform_0.9.19.a
LOAD c:\ncs\toolchains\0b393f9e1b\opt\zephyr-sdk\arm-zephyr-eabi\bin\../lib/gcc/../../picolibc/arm-zephyr-eabi/lib/thumb/v7e-m+fp/hard\libc.a
LOAD c:/ncs/toolchains/0b393f9e1b/opt/zephyr-sdk/arm-zephyr-eabi/bin/../lib/gcc/arm-zephyr-eabi/12.2.0/thumb/v7e-m+fp/hard\libgcc.a
                0x0000000000000020                _region_min_align = 0x20

.rel.plt        0x0000000000000000        0x0
 *(SORT_BY_ALIGNMENT(.rel.plt))
                [!provide]                        PROVIDE (__rel_iplt_start = .)
 *(SORT_BY_ALIGNMENT(.rel.iplt))
 .rel.iplt      0x0000000000000000        0x0 app/libapp.a(main.c.obj)
                [!provide]                        PROVIDE (__rel_iplt_end = .)

.rela.plt       0x0000000000000000        0x0
 *(SORT_BY_ALIGNMENT(.rela.plt))
                [!provide]                        PROVIDE (__rela_iplt_start = .)
 *(SORT_BY_ALIGNMENT(.rela.iplt))
                [!provide]                        PROVIDE (__rela_iplt_end = .)

.rel.dyn
 *(SORT_BY_ALIGNMENT(.rel.*))

.rela.dyn
 *(SORT_BY_ALIGNMENT(.rela.*))

/DISCARD/
 *(SORT_BY_ALIGNMENT(.plt))

/DISCARD/
 *(SORT_BY_ALIGNMENT(.iplt))
                0x0000000000000000                __rom_region_start = 0x0

rom_start       0x0000000000000000      0x100
                0x0000000000000000                __rom_start_address = .
 FILL mask 0x00
                0x0000000000000000                . = (. + (0x0 - (. - __rom_start_address)))
                0x0000000000000000                . = ALIGN (0x4)
                0x0000000000000000                . = ALIGN (0x80)
                0x0000000000000000                . = ALIGN (0x100)
                0x0000000000000000                _vector_start = .
 *(SORT_BY_ALIGNMENT(.exc_vector_table))
 *(SORT_BY_ALIGNMENT(.exc_vector_table.*))
 .exc_vector_table._vector_table_section
                0x0000000000000000       0x40 zephyr/arch/arch/arm/core/cortex_m/libarch__arm__core__cortex_m.a(vector_table.S.obj)
                0x0000000000000000                _vector_table
 *(SORT_BY_ALIGNMENT(.vectors))
                0x0000000000000100                _vector_end = .
                0x0000000000000040                . = ALIGN (0x4)
 *(SORT_BY_ALIGNMENT(.gnu.linkonce.irq_vector_table*))
 .gnu.linkonce.irq_vector_table
                0x0000000000000040       0xc0 zephyr/arch/common/libisr_tables.a(isr_tables.c.obj)
                0x0000000000000040                _irq_vector_table
                0x0000000000000100                _vector_end = .

text            0x0000000000000100    0x208e8
                0x0000000000000100                __text_region_start = .
 *(SORT_BY_ALIGNMENT(.text))
 .text          0x0000000000000100      0x378 c:/ncs/toolchains/0b393f9e1b/opt/zephyr-sdk/arm-zephyr-eabi/bin/../lib/gcc/arm-zephyr-eabi/12.2.0/thumb/v7e-m+fp/hard\libgcc.a(_arm_addsubdf3.o)
                0x0000000000000100                __aeabi_drsub
                0x0000000000000108                __aeabi_dsub
                0x0000000000000108                __subdf3
                0x000000000000010c                __aeabi_dadd
                0x000000000000010c                __adddf3
                0x0000000000000384                __floatunsidf
                0x0000000000000384                __aeabi_ui2d
                0x00000000000003a4                __floatsidf
                0x00000000000003a4                __aeabi_i2d
                0x00000000000003c8                __aeabi_f2d
                0x00000000000003c8                __extendsfdf2
                0x000000000000040c                __floatundidf
                0x000000000000040c                __aeabi_ul2d
                0x000000000000041c                __floatdidf
                0x000000000000041c                __aeabi_l2d
 .text          0x0000000000000478      0x110 c:/ncs/toolchains/0b393f9e1b/opt/zephyr-sdk/arm-zephyr-eabi/bin/../lib/gcc/arm-zephyr-eabi/12.2.0/thumb/v7e-m+fp/hard\libgcc.a(_arm_cmpdf2.o)
                0x0000000000000478                __gtdf2
                0x0000000000000478                __gedf2
                0x0000000000000480                __ltdf2
                0x0000000000000480                __ledf2
                0x0000000000000488                __nedf2
                0x0000000000000488                __eqdf2
                0x0000000000000488                __cmpdf2
                0x0000000000000504                __aeabi_cdrcmple
                0x0000000000000514                __aeabi_cdcmpeq
                0x0000000000000514                __aeabi_cdcmple
                0x0000000000000524                __aeabi_dcmpeq
                0x0000000000000538                __aeabi_dcmplt
                0x000000000000054c                __aeabi_dcmple
                0x0000000000000560                __aeabi_dcmpge
                0x0000000000000574                __aeabi_dcmpgt
 .text          0x0000000000000588       0xa0 c:/ncs/toolchains/0b393f9e1b/opt/zephyr-sdk/arm-zephyr-eabi/bin/../lib/gcc/arm-zephyr-eabi/12.2.0/thumb/v7e-m+fp/hard\libgcc.a(_arm_truncdfsf2.o)
                0x0000000000000588                __truncdfsf2
                0x0000000000000588                __aeabi_d2f
 .text          0x0000000000000628       0xa0 c:/ncs/toolchains/0b393f9e1b/opt/zephyr-sdk/arm-zephyr-eabi/bin/../lib/gcc/arm-zephyr-eabi/12.2.0/thumb/v7e-m+fp/hard\libgcc.a(_aeabi_ldivmod.o)
                0x0000000000000628                __aeabi_ldivmod
 .text          0x00000000000006c8       0x30 c:/ncs/toolchains/0b393f9e1b/opt/zephyr-sdk/arm-zephyr-eabi/bin/../lib/gcc/arm-zephyr-eabi/12.2.0/thumb/v7e-m+fp/hard\libgcc.a(_aeabi_uldivmod.o)
                0x00000000000006c8                __aeabi_uldivmod
 .text          0x00000000000006f8        0x4 c:/ncs/toolchains/0b393f9e1b/opt/zephyr-sdk/arm-zephyr-eabi/bin/../lib/gcc/arm-zephyr-eabi/12.2.0/thumb/v7e-m+fp/hard\libgcc.a(_dvmd_tls.o)
                0x00000000000006f8                __aeabi_idiv0
                0x00000000000006f8                __aeabi_ldiv0
 .text          0x00000000000006fc       0x14 c:\ncs\toolchains\0b393f9e1b\opt\zephyr-sdk\arm-zephyr-eabi\bin\../lib/gcc/../../picolibc/arm-zephyr-eabi/lib/thumb/v7e-m+fp/hard\libc.a(strcmp.S.o)
                0x00000000000006fc                strcmp
 .text          0x0000000000000710       0x10 c:\ncs\toolchains\0b393f9e1b\opt\zephyr-sdk\arm-zephyr-eabi\bin\../lib/gcc/../../picolibc/arm-zephyr-eabi/lib/thumb/v7e-m+fp/hard\libc.a(strcpy.S.o)
                0x0000000000000710                strcpy
 .text          0x0000000000000720       0x10 c:\ncs\toolchains\0b393f9e1b\opt\zephyr-sdk\arm-zephyr-eabi\bin\../lib/gcc/../../picolibc/arm-zephyr-eabi/lib/thumb/v7e-m+fp/hard\libc.a(strlen.S.o)
                0x0000000000000720                strlen
 .text          0x0000000000000730       0x26 c:/ncs/toolchains/0b393f9e1b/opt/zephyr-sdk/arm-zephyr-eabi/bin/../lib/gcc/arm-zephyr-eabi/12.2.0/thumb/v7e-m+fp/hard\libgcc.a(_popcountsi2.o)
                0x0000000000000730                __popcountsi2
 .text          0x0000000000000756      0x2a0 c:/ncs/toolchains/0b393f9e1b/opt/zephyr-sdk/arm-zephyr-eabi/bin/../lib/gcc/arm-zephyr-eabi/12.2.0/thumb/v7e-m+fp/hard\libgcc.a(_udivmoddi4.o)
                0x0000000000000756                __udivmoddi4
 *(SORT_BY_ALIGNMENT(.text.*))
 *fill*         0x00000000000009f6        0x2 
 .text.pwm_set  0x00000000000009f8       0x9c app/libapp.a(ir_hal.c.obj)
 *fill*         0x0000000000000a94        0x4 
 .text.cmd_kernel_uptime
                0x0000000000000a98      0x150 zephyr/libzephyr.a(uptime.c.obj)
 .text.k_work_queue_start
                0x0000000000000be8      0x108 zephyr/kernel/libkernel.a(work.c.obj)
                0x0000000000000be8                k_work_queue_start
 .text.__atod_engine
                0x0000000000000cf0      0x1c8 c:\ncs\toolchains\0b393f9e1b\opt\zephyr-sdk\arm-zephyr-eabi\bin\../lib/gcc/../../picolibc/arm-zephyr-eabi/lib/thumb/v7e-m+fp/hard\libc.a(libc_tinystdio_atod_ryu.c.o)
                0x0000000000000cf0                __atod_engine
 .text.test_send
                0x0000000000000eb8       0xc8 app/libapp.a(main.c.obj)
 .text.test_receive
                0x0000000000000f80       0xe0 app/libapp.a(main.c.obj)
 .text.rx_callback
                0x0000000000001060      0x108 app/libapp.a(main.c.obj)
 .text.cmd_list
                0x0000000000001168       0x3c app/libapp.a(main.c.obj)
 .text.cmd_load
                0x00000000000011a4       0x9c app/libapp.a(main.c.obj)
 .text.cmd_load_file
                0x0000000000001240       0xd8 app/libapp.a(main.c.obj)
 .text.cmd_receive
                0x0000000000001318       0x80 app/libapp.a(main.c.obj)
 .text.cmd_send
                0x0000000000001398       0x68 app/libapp.a(main.c.obj)
 .text.main     0x0000000000001400      0x244 app/libapp.a(main.c.obj)
                0x0000000000001400                main
 .text.gpio_pin_get
                0x0000000000001644       0x58 app/libapp.a(ir_hal.c.obj)
 .text.gpio_callback_handler
                0x000000000000169c       0xa4 app/libapp.a(ir_hal.c.obj)
 .text.z_impl_gpio_pin_configure
                0x0000000000001740      0x1a0 app/libapp.a(ir_hal.c.obj)
 .text.z_impl_gpio_pin_interrupt_configure
                0x00000000000018e0      0x130 app/libapp.a(ir_hal.c.obj)
 .text.ir_hal_init
                0x0000000000001a10      0x1c8 app/libapp.a(ir_hal.c.obj)
                0x0000000000001a10                ir_hal_init
 .text.ir_hal_tx_start
                0x0000000000001bd8       0x60 app/libapp.a(ir_hal.c.obj)
                0x0000000000001bd8                ir_hal_tx_start
 .text.ir_hal_tx_stop
                0x0000000000001c38       0x14 app/libapp.a(ir_hal.c.obj)
                0x0000000000001c38                ir_hal_tx_stop
 .text.ir_hal_tx_pulse
                0x0000000000001c4c       0x34 app/libapp.a(ir_hal.c.obj)
                0x0000000000001c4c                ir_hal_tx_pulse
 .text.ir_hal_rx_start
                0x0000000000001c80       0x90 app/libapp.a(ir_hal.c.obj)
                0x0000000000001c80                ir_hal_rx_start
 .text.ir_hal_rx_stop
                0x0000000000001d10       0x50 app/libapp.a(ir_hal.c.obj)
                0x0000000000001d10                ir_hal_rx_stop
 .text.strcasecmp
                0x0000000000001d60       0x74 app/libapp.a(irdb_protocol.c.obj)
 .text.timing_match
                0x0000000000001dd4       0x38 app/libapp.a(irdb_protocol.c.obj)
 .text.parse_csv_line
                0x0000000000001e0c       0x7c app/libapp.a(irdb_protocol.c.obj)
 .text.irdb_get_protocol_params
                0x0000000000001e88       0x2c app/libapp.a(irdb_protocol.c.obj)
                0x0000000000001e88                irdb_get_protocol_params
 .text.irdb_parse_csv
                0x0000000000001eb4      0x14c app/libapp.a(irdb_protocol.c.obj)
                0x0000000000001eb4                irdb_parse_csv
 .text.irdb_encode_to_raw
                0x0000000000002000      0x208 app/libapp.a(irdb_protocol.c.obj)
                0x0000000000002000                irdb_encode_to_raw
 .text.irdb_build_path
                0x0000000000002208       0x24 app/libapp.a(irdb_loader.c.obj)
                0x0000000000002208                irdb_build_path
 .text.irdb_load_from_file
                0x000000000000222c       0xf0 app/libapp.a(irdb_loader.c.obj)
                0x000000000000222c                irdb_load_from_file
 .text.irdb_load_from_http
                0x000000000000231c       0x3c app/libapp.a(irdb_loader.c.obj)
                0x000000000000231c                irdb_load_from_http
 .text.rx_timeout_handler
                0x0000000000002358       0xb4 app/libapp.a(ir_service.c.obj)
 .text.hal_rx_callback
                0x000000000000240c       0x4c app/libapp.a(ir_service.c.obj)
 .text.ir_service_init
                0x0000000000002458       0x88 app/libapp.a(ir_service.c.obj)
                0x0000000000002458                ir_service_init
 .text.ir_service_load_remote
                0x00000000000024e0      0x114 app/libapp.a(ir_service.c.obj)
                0x00000000000024e0                ir_service_load_remote
 .text.ir_service_load_embedded_csv
                0x00000000000025f4       0x98 app/libapp.a(ir_service.c.obj)
                0x00000000000025f4                ir_service_load_embedded_csv
 .text.ir_service_send_entry
                0x000000000000268c      0x110 app/libapp.a(ir_service.c.obj)
                0x000000000000268c                ir_service_send_entry
 .text.ir_service_send_command
                0x000000000000279c       0x8c app/libapp.a(ir_service.c.obj)
                0x000000000000279c                ir_service_send_command
 .text.ir_service_start_receive
                0x0000000000002828       0xc4 app/libapp.a(ir_service.c.obj)
                0x0000000000002828                ir_service_start_receive
 .text.ir_service_stop_receive
                0x00000000000028ec       0x50 app/libapp.a(ir_service.c.obj)
                0x00000000000028ec                ir_service_stop_receive
 .text.ir_service_list_functions
                0x000000000000293c       0xac app/libapp.a(ir_service.c.obj)
                0x000000000000293c                ir_service_list_functions
 .text.signal_end_handler
                0x00000000000029e8       0x70 app/libapp.a(ir_learning.c.obj)
 .text.learning_timeout_handler
                0x0000000000002a58       0x58 app/libapp.a(ir_learning.c.obj)
 .text.learning_rx_callback
                0x0000000000002ab0      0x170 app/libapp.a(ir_learning.c.obj)
 .text.ir_learning_init
                0x0000000000002c20      0x100 app/libapp.a(ir_learning.c.obj)
                0x0000000000002c20                ir_learning_init
 .text.ir_learning_start
                0x0000000000002d20      0x188 app/libapp.a(ir_learning.c.obj)
                0x0000000000002d20                ir_learning_start
 .text.ir_learning_replay
                0x0000000000002ea8       0xf0 app/libapp.a(ir_learning.c.obj)
                0x0000000000002ea8                ir_learning_replay
 .text.ir_learning_load
                0x0000000000002f98      0x10c app/libapp.a(ir_learning.c.obj)
                0x0000000000002f98                ir_learning_load
 .text.ir_learning_delete
                0x00000000000030a4       0x8c app/libapp.a(ir_learning.c.obj)
                0x00000000000030a4                ir_learning_delete
 .text.ir_learning_list
                0x0000000000003130       0x84 app/libapp.a(ir_learning.c.obj)
                0x0000000000003130                ir_learning_list
 .text.ir_learning_export_raw
                0x00000000000031b4       0x9c app/libapp.a(ir_learning.c.obj)
                0x00000000000031b4                ir_learning_export_raw
 .text.ir_learning_analyze
                0x0000000000003250      0x150 app/libapp.a(ir_learning.c.obj)
                0x0000000000003250                ir_learning_analyze
 .text.learning_callback
                0x00000000000033a0      0x25c app/libapp.a(ir_learning_app.c.obj)
 .text.cmd_export
                0x00000000000035fc       0xa0 app/libapp.a(ir_learning_app.c.obj)
 .text.cmd_analyze
                0x000000000000369c       0xe4 app/libapp.a(ir_learning_app.c.obj)
 .text.cmd_compare
                0x0000000000003780      0x130 app/libapp.a(ir_learning_app.c.obj)
 .text.cmd_delete
                0x00000000000038b0       0x48 app/libapp.a(ir_learning_app.c.obj)
 .text.cmd_list_learned
                0x00000000000038f8       0x40 app/libapp.a(ir_learning_app.c.obj)
 .text.cmd_learn
                0x0000000000003938       0x8c app/libapp.a(ir_learning_app.c.obj)
 .text.cmd_replay
                0x00000000000039c4       0xc0 app/libapp.a(ir_learning_app.c.obj)
 .text.sys_heap_free
                0x0000000000003a84       0xb0 zephyr/libzephyr.a(heap.c.obj)
                0x0000000000003a84                sys_heap_free
 .text.sys_heap_aligned_alloc
                0x0000000000003b34      0x158 zephyr/libzephyr.a(heap.c.obj)
                0x0000000000003b34                sys_heap_aligned_alloc
 .text.sys_heap_aligned_realloc
                0x0000000000003c8c      0x1c0 zephyr/libzephyr.a(heap.c.obj)
                0x0000000000003c8c                sys_heap_aligned_realloc
 .text.sys_heap_init
                0x0000000000003e4c      0x184 zephyr/libzephyr.a(heap.c.obj)
                0x0000000000003e4c                sys_heap_init
 .text.cbvprintf_package
                0x0000000000003fd0      0x538 zephyr/libzephyr.a(cbprintf_packaged.c.obj)
                0x0000000000003fd0                cbvprintf_package
 .text.__printk_hook_install
                0x0000000000004508        0xc zephyr/libzephyr.a(printk.c.obj)
                0x0000000000004508                __printk_hook_install
 .text.z_thread_entry
                0x0000000000004514       0x34 zephyr/libzephyr.a(thread_entry.c.obj)
                0x0000000000004514                z_thread_entry
 .text.mpsc_pbuf_init
                0x0000000000004548       0x68 zephyr/libzephyr.a(mpsc_pbuf.c.obj)
                0x0000000000004548                mpsc_pbuf_init
 .text.process_complete
                0x00000000000045b0       0xe8 zephyr/libzephyr.a(onoff.c.obj)
 .text.process_event
                0x0000000000004698      0x3a4 zephyr/libzephyr.a(onoff.c.obj)
 .text.transition_complete
                0x0000000000004a3c       0x64 zephyr/libzephyr.a(onoff.c.obj)
 .text.onoff_request
                0x0000000000004aa0      0x168 zephyr/libzephyr.a(onoff.c.obj)
                0x0000000000004aa0                onoff_request
 .text.sys_notify_finalize
                0x0000000000004c08       0x58 zephyr/libzephyr.a(notify.c.obj)
                0x0000000000004c08                sys_notify_finalize
 .text.ring_buf_put
                0x0000000000004c60       0x64 zephyr/libzephyr.a(ring_buffer.c.obj)
                0x0000000000004c60                ring_buf_put
 .text.ring_buf_get
                0x0000000000004cc4       0x6c zephyr/libzephyr.a(ring_buffer.c.obj)
                0x0000000000004cc4                ring_buf_get
 .text.log_backend_is_active
                0x0000000000004d30       0x30 zephyr/libzephyr.a(log_core.c.obj)
 .text.log_backend_init
                0x0000000000004d60       0x30 zephyr/libzephyr.a(log_core.c.obj)
 .text.log_backend_is_ready
                0x0000000000004d90       0x34 zephyr/libzephyr.a(log_core.c.obj)
 .text.log_backend_panic
                0x0000000000004dc4       0x30 zephyr/libzephyr.a(log_core.c.obj)
 .text.log_backend_msg_process
                0x0000000000004df4       0x4c zephyr/libzephyr.a(log_core.c.obj)
 .text.activate_foreach_backend
                0x0000000000004e40       0x50 zephyr/libzephyr.a(log_core.c.obj)
 .text.z_log_init
                0x0000000000004e90       0xec zephyr/libzephyr.a(log_core.c.obj)
 .text.msg_process
                0x0000000000004f7c       0x70 zephyr/libzephyr.a(log_core.c.obj)
 .text.log_format_func_t_get
                0x0000000000004fec        0xc zephyr/libzephyr.a(log_core.c.obj)
                0x0000000000004fec                log_format_func_t_get
 .text.log_set_timestamp_func
                0x0000000000004ff8       0x24 zephyr/libzephyr.a(log_core.c.obj)
                0x0000000000004ff8                log_set_timestamp_func
 .text.log_core_init
                0x000000000000501c       0x30 zephyr/libzephyr.a(log_core.c.obj)
                0x000000000000501c                log_core_init
 .text.z_impl_log_panic
                0x000000000000504c       0x7c zephyr/libzephyr.a(log_core.c.obj)
                0x000000000000504c                z_impl_log_panic
 .text.z_log_notify_backend_enabled
                0x00000000000050c8        0xc zephyr/libzephyr.a(log_core.c.obj)
                0x00000000000050c8                z_log_notify_backend_enabled
 .text.z_log_dropped
                0x00000000000050d4       0x40 zephyr/libzephyr.a(log_core.c.obj)
                0x00000000000050d4                z_log_dropped
 .text.z_log_msg_commit
                0x0000000000005114       0x20 zephyr/libzephyr.a(log_core.c.obj)
                0x0000000000005114                z_log_msg_commit
 .text.get_dynamic_filter
                0x0000000000005134        0xc zephyr/libzephyr.a(log_mgmt.c.obj)
 .text.log_backend_id_get
                0x0000000000005140       0x2c zephyr/libzephyr.a(log_mgmt.c.obj)
 .text.log_backend_id_set
                0x000000000000516c       0x2c zephyr/libzephyr.a(log_mgmt.c.obj)
 .text.log_backend_activate
                0x0000000000005198       0x38 zephyr/libzephyr.a(log_mgmt.c.obj)
 .text.log_backend_is_active
                0x00000000000051d0       0x30 zephyr/libzephyr.a(log_mgmt.c.obj)
 .text.log_backend_deactivate
                0x0000000000005200       0x34 zephyr/libzephyr.a(log_mgmt.c.obj)
 .text.log_src_cnt_get
                0x0000000000005234       0x14 zephyr/libzephyr.a(log_mgmt.c.obj)
                0x0000000000005234                log_src_cnt_get
 .text.log_source_name_get
                0x0000000000005248       0x1c zephyr/libzephyr.a(log_mgmt.c.obj)
                0x0000000000005248                log_source_name_get
 .text.log_compiled_level_get
                0x0000000000005264       0x20 zephyr/libzephyr.a(log_mgmt.c.obj)
                0x0000000000005264                log_compiled_level_get
 .text.filter_get
                0x0000000000005284       0x64 zephyr/libzephyr.a(log_mgmt.c.obj)
 .text.z_log_runtime_filters_init
                0x00000000000052e8       0x44 zephyr/libzephyr.a(log_mgmt.c.obj)
                0x00000000000052e8                z_log_runtime_filters_init
 .text.filter_set
                0x000000000000532c       0xd0 zephyr/libzephyr.a(log_mgmt.c.obj)
                0x000000000000532c                filter_set
 .text.log_backend_enable
                0x00000000000053fc       0x34 zephyr/libzephyr.a(log_mgmt.c.obj)
                0x00000000000053fc                log_backend_enable
 .text.z_log_msg_runtime_vcreate
                0x0000000000005430      0x10c zephyr/libzephyr.a(log_msg.c.obj)
                0x0000000000005430                z_log_msg_runtime_vcreate
 .text.log_msg_get_source_id
                0x000000000000553c       0x18 zephyr/libzephyr.a(log_msg.c.obj)
                0x000000000000553c                log_msg_get_source_id
 .text.print_formatted
                0x0000000000005554       0x24 zephyr/libzephyr.a(log_output.c.obj)
 .text.timestamp_print
                0x0000000000005578       0x8c zephyr/libzephyr.a(log_output.c.obj)
 .text.color_print
                0x0000000000005604       0x2c zephyr/libzephyr.a(log_output.c.obj)
 .text.ids_print
                0x0000000000005630       0x70 zephyr/libzephyr.a(log_output.c.obj)
 .text.prefix_print
                0x00000000000056a0       0xb0 zephyr/libzephyr.a(log_output.c.obj)
 .text.newline_print
                0x0000000000005750       0x28 zephyr/libzephyr.a(log_output.c.obj)
 .text.hexdump_line_print
                0x0000000000005778       0xc4 zephyr/libzephyr.a(log_output.c.obj)
 .text.log_output_process
                0x000000000000583c       0xb0 zephyr/libzephyr.a(log_output.c.obj)
                0x000000000000583c                log_output_process
 .text.log_output_timestamp_freq_set
                0x00000000000058ec       0x2c zephyr/libzephyr.a(log_output.c.obj)
                0x00000000000058ec                log_output_timestamp_freq_set
 .text.log_backend_rtt_init
                0x0000000000005918       0x1c zephyr/libzephyr.a(log_backend_rtt.c.obj)
 .text.panic    0x0000000000005934       0x18 zephyr/libzephyr.a(log_backend_rtt.c.obj)
 .text.format_set
                0x000000000000594c        0xc zephyr/libzephyr.a(log_backend_rtt.c.obj)
 .text.on_failed_write
                0x0000000000005958       0x1c zephyr/libzephyr.a(log_backend_rtt.c.obj)
 .text.on_write
                0x0000000000005974       0x38 zephyr/libzephyr.a(log_backend_rtt.c.obj)
 .text.data_out_block_mode
                0x00000000000059ac       0x4c zephyr/libzephyr.a(log_backend_rtt.c.obj)
 .text.process  0x00000000000059f8       0x20 zephyr/libzephyr.a(log_backend_rtt.c.obj)
 .text.mem_attr_get_regions
                0x0000000000005a18        0xc zephyr/libzephyr.a(mem_attr.c.obj)
                0x0000000000005a18                mem_attr_get_regions
 .text.get_flash_area_from_id
                0x0000000000005a24       0x30 zephyr/libzephyr.a(flash_map.c.obj)
 .text.flash_area_open
                0x0000000000005a54       0x38 zephyr/libzephyr.a(flash_map.c.obj)
                0x0000000000005a54                flash_area_open
 .text.cmd_kernel_cycles
                0x0000000000005a8c       0x1c zephyr/libzephyr.a(cycles.c.obj)
 .text.cmd_kernel_sleep
                0x0000000000005aa8       0x38 zephyr/libzephyr.a(sleep.c.obj)
 .text.cmd_kernel_version
                0x0000000000005ae0       0x18 zephyr/libzephyr.a(version.c.obj)
 .text.cmd_kernel_log_level_set
                0x0000000000005af8       0x80 zephyr/libzephyr.a(log-level.c.obj)
 .text.cmd_kernel_thread_list
                0x0000000000005b78       0x34 zephyr/libzephyr.a(list.c.obj)
 .text.shell_tdata_dump
                0x0000000000005bac       0xc0 zephyr/libzephyr.a(list.c.obj)
 .text.cmd_kernel_thread_stacks
                0x0000000000005c6c       0xc0 zephyr/libzephyr.a(stacks.c.obj)
 .text.shell_stack_dump
                0x0000000000005d2c       0x60 zephyr/libzephyr.a(stacks.c.obj)
 .text.get_device_name
                0x0000000000005d8c       0x20 zephyr/libzephyr.a(device_service.c.obj)
 .text.cmd_device_list
                0x0000000000005dac       0xc4 zephyr/libzephyr.a(device_service.c.obj)
 .text.memory_read
                0x0000000000005e70       0x40 zephyr/libzephyr.a(devmem_service.c.obj)
 .text.memory_write
                0x0000000000005eb0       0x38 zephyr/libzephyr.a(devmem_service.c.obj)
 .text.cmd_devmem
                0x0000000000005ee8       0x84 zephyr/libzephyr.a(devmem_service.c.obj)
 .text.set_bypass
                0x0000000000005f6c       0x50 zephyr/libzephyr.a(devmem_service.c.obj)
 .text.cmd_load
                0x0000000000005fbc       0xc0 zephyr/libzephyr.a(devmem_service.c.obj)
 .text.bypass_cb
                0x000000000000607c      0x17c zephyr/libzephyr.a(devmem_service.c.obj)
 .text.memory_dump
                0x00000000000061f8       0xd8 zephyr/libzephyr.a(devmem_service.c.obj)
 .text.cmd_dump
                0x00000000000062d0      0x114 zephyr/libzephyr.a(devmem_service.c.obj)
 .text.irq_init
                0x00000000000063e4       0x4c zephyr/libzephyr.a(shell_uart.c.obj)
 .text.uart_rx_handle
                0x0000000000006430       0xd4 zephyr/libzephyr.a(shell_uart.c.obj)
 .text.uart_tx_handle
                0x0000000000006504       0x94 zephyr/libzephyr.a(shell_uart.c.obj)
 .text.enable_shell_uart
                0x0000000000006598       0x38 zephyr/libzephyr.a(shell_uart.c.obj)
 .text.instance_uninit
                0x00000000000065d0       0x88 zephyr/libzephyr.a(shell.c.obj)
 .text.state_set
                0x0000000000006658       0x4c zephyr/libzephyr.a(shell.c.obj)
 .text.kill_handler
                0x00000000000066a4       0x2c zephyr/libzephyr.a(shell.c.obj)
 .text.z_clear_eos
                0x00000000000066d0       0x20 zephyr/libzephyr.a(shell.c.obj)
 .text.shell_internal_help_print
                0x00000000000066f0       0x20 zephyr/libzephyr.a(shell.c.obj)
 .text.cmd_precheck
                0x0000000000006710       0x28 zephyr/libzephyr.a(shell.c.obj)
 .text.exec_cmd
                0x0000000000006738       0xc8 zephyr/libzephyr.a(shell.c.obj)
 .text.wildcard_check_report
                0x0000000000006800       0x30 zephyr/libzephyr.a(shell.c.obj)
 .text.execute  0x0000000000006830      0x238 zephyr/libzephyr.a(shell.c.obj)
 .text.tab_prepare
                0x0000000000006a68       0xb4 zephyr/libzephyr.a(shell.c.obj)
 .text.autocomplete
                0x0000000000006b1c       0xc0 zephyr/libzephyr.a(shell.c.obj)
 .text.tab_item_print
                0x0000000000006bdc       0xa8 zephyr/libzephyr.a(shell.c.obj)
 .text.tab_options_print
                0x0000000000006c84       0xa8 zephyr/libzephyr.a(shell.c.obj)
 .text.common_beginning_find
                0x0000000000006d2c       0xd0 zephyr/libzephyr.a(shell.c.obj)
 .text.ctrl_metakeys_handle
                0x0000000000006dfc       0xec zephyr/libzephyr.a(shell.c.obj)
 .text.state_collect
                0x0000000000006ee8      0x328 zephyr/libzephyr.a(shell.c.obj)
 .text.shell_process
                0x0000000000007210       0x70 zephyr/libzephyr.a(shell.c.obj)
                0x0000000000007210                shell_process
 .text.shell_start
                0x0000000000007280       0xcc zephyr/libzephyr.a(shell.c.obj)
                0x0000000000007280                shell_start
 .text.shell_thread
                0x000000000000734c       0xcc zephyr/libzephyr.a(shell.c.obj)
                0x000000000000734c                shell_thread
 .text.shell_vfprintf
                0x0000000000007418      0x18c zephyr/libzephyr.a(shell.c.obj)
                0x0000000000007418                shell_vfprintf
 .text.cmd_help
                0x00000000000075a4       0x44 zephyr/libzephyr.a(shell.c.obj)
 .text.shell_hexdump_line
                0x00000000000075e8       0xe4 zephyr/libzephyr.a(shell.c.obj)
                0x00000000000075e8                shell_hexdump_line
 .text.shell_prompt_change
                0x00000000000076cc       0x90 zephyr/libzephyr.a(shell.c.obj)
                0x00000000000076cc                shell_prompt_change
 .text.instance_init
                0x000000000000775c       0xd8 zephyr/libzephyr.a(shell.c.obj)
 .text.shell_init
                0x0000000000007834       0xb0 zephyr/libzephyr.a(shell.c.obj)
                0x0000000000007834                shell_init
 .text.shell_set_bypass
                0x00000000000078e4       0x38 zephyr/libzephyr.a(shell.c.obj)
                0x00000000000078e4                shell_set_bypass
 .text.z_shell_fprintf_fmt
                0x000000000000791c       0x24 zephyr/libzephyr.a(shell_fprintf.c.obj)
                0x000000000000791c                z_shell_fprintf_fmt
 .text.buffer_trim
                0x0000000000007940       0x5c zephyr/libzephyr.a(shell_utils.c.obj)
 .text.make_argv
                0x000000000000799c      0x194 zephyr/libzephyr.a(shell_utils.c.obj)
 .text.z_shell_make_argv
                0x0000000000007b30       0x4c zephyr/libzephyr.a(shell_utils.c.obj)
                0x0000000000007b30                z_shell_make_argv
 .text.z_shell_cmd_get
                0x0000000000007b7c       0xa8 zephyr/libzephyr.a(shell_utils.c.obj)
                0x0000000000007b7c                z_shell_cmd_get
 .text.z_shell_spaces_trim
                0x0000000000007c24       0x78 zephyr/libzephyr.a(shell_utils.c.obj)
                0x0000000000007c24                z_shell_spaces_trim
 .text.shell_strtoul
                0x0000000000007c9c       0x5c zephyr/libzephyr.a(shell_utils.c.obj)
                0x0000000000007c9c                shell_strtoul
 .text.shift_calc
                0x0000000000007cf8       0x44 zephyr/libzephyr.a(shell_ops.c.obj)
 .text.z_cursor_save
                0x0000000000007d3c       0x20 zephyr/libzephyr.a(shell_ops.c.obj)
 .text.z_clear_eos
                0x0000000000007d5c       0x20 zephyr/libzephyr.a(shell_ops.c.obj)
 .text.z_cursor_restore
                0x0000000000007d7c       0x20 zephyr/libzephyr.a(shell_ops.c.obj)
 .text.vt100_bgcolor_set
                0x0000000000007d9c       0x38 zephyr/libzephyr.a(shell_ops.c.obj)
 .text.z_shell_op_cursor_vert_move
                0x0000000000007dd4       0x34 zephyr/libzephyr.a(shell_ops.c.obj)
                0x0000000000007dd4                z_shell_op_cursor_vert_move
 .text.z_shell_op_cursor_horiz_move
                0x0000000000007e08       0x34 zephyr/libzephyr.a(shell_ops.c.obj)
                0x0000000000007e08                z_shell_op_cursor_horiz_move
 .text.char_replace
                0x0000000000007e3c       0x54 zephyr/libzephyr.a(shell_ops.c.obj)
 .text.z_shell_op_cond_next_line
                0x0000000000007e90       0x20 zephyr/libzephyr.a(shell_ops.c.obj)
                0x0000000000007e90                z_shell_op_cond_next_line
 .text.z_shell_op_cursor_position_synchronize
                0x0000000000007eb0       0x5c zephyr/libzephyr.a(shell_ops.c.obj)
                0x0000000000007eb0                z_shell_op_cursor_position_synchronize
 .text.z_shell_print_cmd
                0x0000000000007f0c       0x80 zephyr/libzephyr.a(shell_ops.c.obj)
                0x0000000000007f0c                z_shell_print_cmd
 .text.z_shell_write
                0x0000000000007f8c       0xb0 zephyr/libzephyr.a(shell_ops.c.obj)
                0x0000000000007f8c                z_shell_write
 .text.z_shell_vt100_color_set
                0x000000000000803c       0x54 zephyr/libzephyr.a(shell_ops.c.obj)
                0x000000000000803c                z_shell_vt100_color_set
 .text.z_shell_fprintf
                0x0000000000008090       0xec zephyr/libzephyr.a(shell_ops.c.obj)
                0x0000000000008090                z_shell_fprintf
 .text.z_shell_op_word_remove
                0x000000000000817c       0xa0 zephyr/libzephyr.a(shell_ops.c.obj)
                0x000000000000817c                z_shell_op_word_remove
 .text.reprint_from_cursor
                0x000000000000821c       0x88 zephyr/libzephyr.a(shell_ops.c.obj)
 .text.print_prompt
                0x00000000000082a4       0x14 zephyr/libzephyr.a(shell_ops.c.obj)
 .text.z_shell_backend_rx_buffer_flush
                0x00000000000082b8       0x54 zephyr/libzephyr.a(shell_ops.c.obj)
                0x00000000000082b8                z_shell_backend_rx_buffer_flush
 .text.formatted_text_print
                0x000000000000830c      0x104 zephyr/libzephyr.a(shell_help.c.obj)
 .text.help_item_print
                0x0000000000008410       0x60 zephyr/libzephyr.a(shell_help.c.obj)
 .text.z_shell_help_cmd_print
                0x0000000000008470       0x44 zephyr/libzephyr.a(shell_help.c.obj)
                0x0000000000008470                z_shell_help_cmd_print
 .text.z_shell_help_request
                0x00000000000084b4       0x2c zephyr/libzephyr.a(shell_help.c.obj)
                0x00000000000084b4                z_shell_help_request
 .text.cmd_clear
                0x00000000000084e0       0x3c zephyr/libzephyr.a(shell_cmds.c.obj)
 .text.z_cursor_save
                0x000000000000851c       0x20 zephyr/libzephyr.a(shell_cmds.c.obj)
 .text.z_cursor_restore
                0x000000000000853c       0x20 zephyr/libzephyr.a(shell_cmds.c.obj)
 .text.cmd_resize_default
                0x000000000000855c       0x30 zephyr/libzephyr.a(shell_cmds.c.obj)
 .text.cmd_shell_stats_show
                0x000000000000858c       0x14 zephyr/libzephyr.a(shell_cmds.c.obj)
 .text.cmd_echo
                0x00000000000085a0       0x50 zephyr/libzephyr.a(shell_cmds.c.obj)
 .text.cmd_prompt_off
                0x00000000000085f0       0x10 zephyr/libzephyr.a(shell_cmds.c.obj)
 .text.cmd_backends
                0x0000000000008600       0x78 zephyr/libzephyr.a(shell_cmds.c.obj)
 .text.cmd_history
                0x0000000000008678       0x44 zephyr/libzephyr.a(shell_cmds.c.obj)
 .text.cursor_position_get
                0x00000000000086bc      0x148 zephyr/libzephyr.a(shell_cmds.c.obj)
 .text.cmd_resize
                0x0000000000008804       0x50 zephyr/libzephyr.a(shell_cmds.c.obj)
 .text.cmd_get_retval
                0x0000000000008854       0x1c zephyr/libzephyr.a(shell_cmds.c.obj)
 .text.commands_expand
                0x0000000000008870       0x8c zephyr/libzephyr.a(shell_wildcard.c.obj)
 .text.boot_banner
                0x00000000000088fc       0x18 zephyr/libzephyr.a(banner.c.obj)
                0x00000000000088fc                boot_banner
 .text.nrf_cc3xx_platform_abort_init
                0x0000000000008914       0x10 zephyr/libzephyr.a(nrf_cc3xx_platform_abort_zephyr.c.obj)
                0x0000000000008914                nrf_cc3xx_platform_abort_init
 .text.mutex_flags_unknown
                0x0000000000008924       0x50 zephyr/libzephyr.a(nrf_cc3xx_platform_mutex_zephyr.c.obj)
 .text.mutex_unlock_platform
                0x0000000000008974       0x58 zephyr/libzephyr.a(nrf_cc3xx_platform_mutex_zephyr.c.obj)
 .text.mutex_lock_platform
                0x00000000000089cc       0x64 zephyr/libzephyr.a(nrf_cc3xx_platform_mutex_zephyr.c.obj)
 .text.mutex_free_platform
                0x0000000000008a30       0x5c zephyr/libzephyr.a(nrf_cc3xx_platform_mutex_zephyr.c.obj)
 .text.mutex_init_platform
                0x0000000000008a8c       0x88 zephyr/libzephyr.a(nrf_cc3xx_platform_mutex_zephyr.c.obj)
 .text.nrf_cc3xx_platform_mutex_init
                0x0000000000008b14       0x28 zephyr/libzephyr.a(nrf_cc3xx_platform_mutex_zephyr.c.obj)
                0x0000000000008b14                nrf_cc3xx_platform_mutex_init
 .text.esf_dump
                0x0000000000008b3c      0x150 zephyr/arch/arch/arm/core/libarch__arm__core.a(fatal.c.obj)
 .text.z_arm_fatal_error
                0x0000000000008c8c       0x50 zephyr/arch/arch/arm/core/libarch__arm__core.a(fatal.c.obj)
                0x0000000000008c8c                z_arm_fatal_error
 .text.z_SysNmiOnReset
                0x0000000000008cdc        0x8 zephyr/arch/arch/arm/core/libarch__arm__core.a(nmi_on_reset.S.obj)
                0x0000000000008cdc                z_SysNmiOnReset
 .text.z_tls_copy
                0x0000000000008ce4       0x28 zephyr/arch/arch/arm/core/libarch__arm__core.a(tls.c.obj)
 .text.arch_tls_stack_setup
                0x0000000000008d0c       0x28 zephyr/arch/arch/arm/core/libarch__arm__core.a(tls.c.obj)
                0x0000000000008d0c                arch_tls_stack_setup
 .text._HandlerModeExit
                0x0000000000008d34       0x28 zephyr/arch/arch/arm/core/cortex_m/libarch__arm__core__cortex_m.a(exc_exit.c.obj)
                0x0000000000008d34                z_arm_int_exit
                0x0000000000008d34                z_arm_exc_exit
 .text.z_arm_is_synchronous_svc
                0x0000000000008d5c       0x3c zephyr/arch/arch/arm/core/cortex_m/libarch__arm__core__cortex_m.a(fault.c.obj)
 .text.get_esf  0x0000000000008d98       0x68 zephyr/arch/arch/arm/core/cortex_m/libarch__arm__core__cortex_m.a(fault.c.obj)
 .text.bus_fault
                0x0000000000008e00      0x1c8 zephyr/arch/arch/arm/core/cortex_m/libarch__arm__core__cortex_m.a(fault.c.obj)
 .text.usage_fault
                0x0000000000008fc8      0x174 zephyr/arch/arch/arm/core/cortex_m/libarch__arm__core__cortex_m.a(fault.c.obj)
 .text.debug_monitor
                0x000000000000913c       0x38 zephyr/arch/arch/arm/core/cortex_m/libarch__arm__core__cortex_m.a(fault.c.obj)
 .text.reserved_exception
                0x0000000000009174       0x4c zephyr/arch/arch/arm/core/cortex_m/libarch__arm__core__cortex_m.a(fault.c.obj)
 .text.mem_manage_fault
                0x00000000000091c0      0x224 zephyr/arch/arch/arm/core/cortex_m/libarch__arm__core__cortex_m.a(fault.c.obj)
 .text.hard_fault
                0x00000000000093e4      0x194 zephyr/arch/arch/arm/core/cortex_m/libarch__arm__core__cortex_m.a(fault.c.obj)
 .text.z_arm_fault
                0x0000000000009578       0xa8 zephyr/arch/arch/arm/core/cortex_m/libarch__arm__core__cortex_m.a(fault.c.obj)
                0x0000000000009578                z_arm_fault
 .text.z_arm_fault_init
                0x0000000000009620       0x18 zephyr/arch/arch/arm/core/cortex_m/libarch__arm__core__cortex_m.a(fault.c.obj)
                0x0000000000009620                z_arm_fault_init
 .text.__fault  0x0000000000009638       0x14 zephyr/arch/arch/arm/core/cortex_m/libarch__arm__core__cortex_m.a(fault_s.S.obj)
                0x0000000000009638                z_arm_usage_fault
                0x0000000000009638                z_arm_mpu_fault
                0x0000000000009638                z_arm_exc_spurious
                0x0000000000009638                z_arm_debug_monitor
                0x0000000000009638                z_arm_hard_fault
                0x0000000000009638                z_arm_bus_fault
 .text._reset_section
                0x000000000000964c       0x6c zephyr/arch/arch/arm/core/cortex_m/libarch__arm__core__cortex_m.a(reset.S.obj)
                0x000000000000964c                __start
                0x000000000000964c                z_arm_reset
 .text.z_arm_clear_arm_mpu_config
                0x00000000000096b8       0x28 zephyr/arch/arch/arm/core/cortex_m/libarch__arm__core__cortex_m.a(scb.c.obj)
                0x00000000000096b8                z_arm_clear_arm_mpu_config
 .text.z_arm_init_arch_hw_at_boot
                0x00000000000096e0       0x54 zephyr/arch/arch/arm/core/cortex_m/libarch__arm__core__cortex_m.a(scb.c.obj)
                0x00000000000096e0                z_arm_init_arch_hw_at_boot
 .text.z_impl_k_thread_abort
                0x0000000000009734       0x34 zephyr/arch/arch/arm/core/cortex_m/libarch__arm__core__cortex_m.a(thread_abort.c.obj)
                0x0000000000009734                z_impl_k_thread_abort
 .text.z_arm_pendsv
                0x0000000000009768       0xa4 zephyr/arch/arch/arm/core/cortex_m/libarch__arm__core__cortex_m.a(swap_helper.S.obj)
                0x0000000000009768                z_arm_pendsv
 .text.z_arm_svc
                0x000000000000980c       0x24 zephyr/arch/arch/arm/core/cortex_m/libarch__arm__core__cortex_m.a(swap_helper.S.obj)
                0x000000000000980c                z_arm_svc
 .text.__NVIC_EnableIRQ
                0x0000000000009830       0x1c zephyr/arch/arch/arm/core/cortex_m/libarch__arm__core__cortex_m.a(irq_manage.c.obj)
 .text.__NVIC_SetPriority
                0x000000000000984c       0x28 zephyr/arch/arch/arm/core/cortex_m/libarch__arm__core__cortex_m.a(irq_manage.c.obj)
 .text.arch_irq_is_enabled
                0x0000000000009874       0x1c zephyr/arch/arch/arm/core/cortex_m/libarch__arm__core__cortex_m.a(irq_manage.c.obj)
                0x0000000000009874                arch_irq_is_enabled
 .text.z_arm_irq_priority_set
                0x0000000000009890       0x48 zephyr/arch/arch/arm/core/cortex_m/libarch__arm__core__cortex_m.a(irq_manage.c.obj)
                0x0000000000009890                z_arm_irq_priority_set
 .text.z_arm_floating_point_init
                0x00000000000098d8       0x38 zephyr/arch/arch/arm/core/cortex_m/libarch__arm__core__cortex_m.a(prep_c.c.obj)
 .text.z_prep_c
                0x0000000000009910       0x30 zephyr/arch/arch/arm/core/cortex_m/libarch__arm__core__cortex_m.a(prep_c.c.obj)
                0x0000000000009910                z_prep_c
 .text.arch_new_thread
                0x0000000000009940       0x7c zephyr/arch/arch/arm/core/cortex_m/libarch__arm__core__cortex_m.a(thread.c.obj)
                0x0000000000009940                arch_new_thread
 .text.z_arm_mpu_stack_guard_and_fpu_adjust
                0x00000000000099bc       0x8c zephyr/arch/arch/arm/core/cortex_m/libarch__arm__core__cortex_m.a(thread.c.obj)
                0x00000000000099bc                z_arm_mpu_stack_guard_and_fpu_adjust
 .text.z_check_thread_stack_fail
                0x0000000000009a48       0x60 zephyr/arch/arch/arm/core/cortex_m/libarch__arm__core__cortex_m.a(thread.c.obj)
                0x0000000000009a48                z_check_thread_stack_fail
 .text.arch_float_disable
                0x0000000000009aa8       0x50 zephyr/arch/arch/arm/core/cortex_m/libarch__arm__core__cortex_m.a(thread.c.obj)
                0x0000000000009aa8                arch_float_disable
 .text.arch_switch_to_main_thread
                0x0000000000009af8       0x48 zephyr/arch/arch/arm/core/cortex_m/libarch__arm__core__cortex_m.a(thread.c.obj)
                0x0000000000009af8                arch_switch_to_main_thread
 .text.z_arm_cpu_idle_init
                0x0000000000009b40        0xc zephyr/arch/arch/arm/core/cortex_m/libarch__arm__core__cortex_m.a(cpu_idle.c.obj)
                0x0000000000009b40                z_arm_cpu_idle_init
 .text.z_arm_interrupt_init
                0x0000000000009b4c       0x34 zephyr/arch/arch/arm/core/cortex_m/libarch__arm__core__cortex_m.a(irq_init.c.obj)
                0x0000000000009b4c                z_arm_interrupt_init
 .text._isr_wrapper
                0x0000000000009b80       0x20 zephyr/arch/arch/arm/core/cortex_m/libarch__arm__core__cortex_m.a(isr_wrapper.c.obj)
                0x0000000000009b80                _isr_wrapper
 .text.z_arm_configure_static_mpu_regions
                0x0000000000009ba0       0x1c zephyr/arch/arch/arm/core/mpu/libarch__arm__core__mpu.a(arm_core_mpu.c.obj)
                0x0000000000009ba0                z_arm_configure_static_mpu_regions
 .text.z_arm_configure_dynamic_mpu_regions
                0x0000000000009bbc       0x2c zephyr/arch/arch/arm/core/mpu/libarch__arm__core__mpu.a(arm_core_mpu.c.obj)
                0x0000000000009bbc                z_arm_configure_dynamic_mpu_regions
 .text.region_init
                0x0000000000009be8       0x28 zephyr/arch/arch/arm/core/mpu/libarch__arm__core__mpu.a(arm_mpu.c.obj)
 .text.region_allocate_and_init
                0x0000000000009c10       0x54 zephyr/arch/arch/arm/core/mpu/libarch__arm__core__mpu.a(arm_mpu.c.obj)
 .text.mpu_configure_regions
                0x0000000000009c64       0x7c zephyr/arch/arch/arm/core/mpu/libarch__arm__core__mpu.a(arm_mpu.c.obj)
 .text.mpu_configure_static_mpu_regions
                0x0000000000009ce0       0x14 zephyr/arch/arch/arm/core/mpu/libarch__arm__core__mpu.a(arm_mpu.c.obj)
 .text.mpu_configure_dynamic_mpu_regions
                0x0000000000009cf4       0x3c zephyr/arch/arch/arm/core/mpu/libarch__arm__core__mpu.a(arm_mpu.c.obj)
 .text.mpu_configure_regions_from_dt
                0x0000000000009d30      0x1f0 zephyr/arch/arch/arm/core/mpu/libarch__arm__core__mpu.a(arm_mpu.c.obj)
 .text.arm_core_mpu_enable
                0x0000000000009f20       0x18 zephyr/arch/arch/arm/core/mpu/libarch__arm__core__mpu.a(arm_mpu.c.obj)
                0x0000000000009f20                arm_core_mpu_enable
 .text.arm_core_mpu_disable
                0x0000000000009f38       0x14 zephyr/arch/arch/arm/core/mpu/libarch__arm__core__mpu.a(arm_mpu.c.obj)
                0x0000000000009f38                arm_core_mpu_disable
 .text.arm_core_mpu_configure_static_mpu_regions
                0x0000000000009f4c       0x44 zephyr/arch/arch/arm/core/mpu/libarch__arm__core__mpu.a(arm_mpu.c.obj)
                0x0000000000009f4c                arm_core_mpu_configure_static_mpu_regions
 .text.arm_core_mpu_configure_dynamic_mpu_regions
                0x0000000000009f90       0x44 zephyr/arch/arch/arm/core/mpu/libarch__arm__core__mpu.a(arm_mpu.c.obj)
                0x0000000000009f90                arm_core_mpu_configure_dynamic_mpu_regions
 .text.z_arm_mpu_init
                0x0000000000009fd4      0x110 zephyr/arch/arch/arm/core/mpu/libarch__arm__core__mpu.a(arm_mpu.c.obj)
                0x0000000000009fd4                z_arm_mpu_init
 .text.cbvprintf
                0x000000000000a0e4       0x34 zephyr/lib/libc/picolibc/liblib__libc__picolibc.a(cbprintf.c.obj)
                0x000000000000a0e4                cbvprintf
 .text.z_impl_zephyr_fputc
                0x000000000000a118       0x10 zephyr/lib/libc/picolibc/liblib__libc__picolibc.a(stdio.c.obj)
                0x000000000000a118                z_impl_zephyr_fputc
 .text.__stdout_hook_install
                0x000000000000a128       0x18 zephyr/lib/libc/picolibc/liblib__libc__picolibc.a(stdio.c.obj)
                0x000000000000a128                __stdout_hook_install
 .text.malloc_lock
                0x000000000000a140       0x3c zephyr/lib/libc/common/liblib__libc__common.a(malloc.c.obj)
 .text.malloc_prepare
                0x000000000000a17c       0x24 zephyr/lib/libc/common/liblib__libc__common.a(malloc.c.obj)
 .text.malloc   0x000000000000a1a0       0x3c zephyr/lib/libc/common/liblib__libc__common.a(malloc.c.obj)
                0x000000000000a1a0                malloc
 .text.realloc  0x000000000000a1dc       0x40 zephyr/lib/libc/common/liblib__libc__common.a(malloc.c.obj)
                0x000000000000a1dc                realloc
 .text.free     0x000000000000a21c       0x20 zephyr/lib/libc/common/liblib__libc__common.a(malloc.c.obj)
                0x000000000000a21c                free
 .text.rangematch
                0x000000000000a23c      0x148 zephyr/lib/posix/options/liblib__posix__options.a(fnmatch.c.obj)
 .text.fnmatchx
                0x000000000000a384      0x28c zephyr/lib/posix/options/liblib__posix__options.a(fnmatch.c.obj)
 .text.getopt_init
                0x000000000000a610       0x48 zephyr/lib/posix/options/liblib__posix__options.a(getopt.c.obj)
                0x000000000000a610                getopt_init
 .text.getopt   0x000000000000a658      0x130 zephyr/lib/posix/options/liblib__posix__options.a(getopt.c.obj)
                0x000000000000a658                getopt
 .text.z_getopt_global_state_update
                0x000000000000a788       0x34 zephyr/lib/posix/options/liblib__posix__options.a(getopt_common.c.obj)
                0x000000000000a788                z_getopt_global_state_update
 .text.getopt_state_get
                0x000000000000a7bc        0x8 zephyr/lib/posix/options/liblib__posix__options.a(getopt_common.c.obj)
                0x000000000000a7bc                getopt_state_get
 .text.nordicsemi_nrf52_init
                0x000000000000a7c4       0x34 zephyr/soc/soc/nrf52840/libsoc__nordic.a(soc.c.obj)
 .text.arch_busy_wait
                0x000000000000a7f8       0x18 zephyr/soc/soc/nrf52840/libsoc__nordic.a(soc.c.obj)
                0x000000000000a7f8                arch_busy_wait
 .text.registry_add
                0x000000000000a810       0x30 zephyr/subsys/fs/libsubsys__fs.a(fs.c.obj)
 .text.registry_find
                0x000000000000a840       0x2c zephyr/subsys/fs/libsubsys__fs.a(fs.c.obj)
 .text.fs_get_mnt_point
                0x000000000000a86c       0xa4 zephyr/subsys/fs/libsubsys__fs.a(fs.c.obj)
 .text.fs_open  0x000000000000a910      0x1b0 zephyr/subsys/fs/libsubsys__fs.a(fs.c.obj)
                0x000000000000a910                fs_open
 .text.fs_close
                0x000000000000aac0       0x54 zephyr/subsys/fs/libsubsys__fs.a(fs.c.obj)
                0x000000000000aac0                fs_close
 .text.fs_read  0x000000000000ab14       0x50 zephyr/subsys/fs/libsubsys__fs.a(fs.c.obj)
                0x000000000000ab14                fs_read
 .text.fs_opendir
                0x000000000000ab64      0x120 zephyr/subsys/fs/libsubsys__fs.a(fs.c.obj)
                0x000000000000ab64                fs_opendir
 .text.fs_readdir
                0x000000000000ac84      0x118 zephyr/subsys/fs/libsubsys__fs.a(fs.c.obj)
                0x000000000000ac84                fs_readdir
 .text.fs_closedir
                0x000000000000ad9c       0x58 zephyr/subsys/fs/libsubsys__fs.a(fs.c.obj)
                0x000000000000ad9c                fs_closedir
 .text.fs_mkdir
                0x000000000000adf4       0xcc zephyr/subsys/fs/libsubsys__fs.a(fs.c.obj)
                0x000000000000adf4                fs_mkdir
 .text.fs_unlink
                0x000000000000aec0       0xcc zephyr/subsys/fs/libsubsys__fs.a(fs.c.obj)
                0x000000000000aec0                fs_unlink
 .text.fs_stat  0x000000000000af8c       0xc8 zephyr/subsys/fs/libsubsys__fs.a(fs.c.obj)
                0x000000000000af8c                fs_stat
 .text.fs_mount
                0x000000000000b054      0x220 zephyr/subsys/fs/libsubsys__fs.a(fs.c.obj)
                0x000000000000b054                fs_mount
 .text.fs_register
                0x000000000000b274       0x3c zephyr/subsys/fs/libsubsys__fs.a(fs.c.obj)
                0x000000000000b274                fs_register
 .text.fs_impl_strip_prefix
                0x000000000000b2b0       0x1c zephyr/subsys/fs/libsubsys__fs.a(fs_impl.c.obj)
                0x000000000000b2b0                fs_impl_strip_prefix
 .text.littlefs_unmount
                0x000000000000b2cc       0x6c zephyr/subsys/fs/libsubsys__fs.a(littlefs_fs.c.obj)
 .text.littlefs_flash_init
                0x000000000000b338       0x8c zephyr/subsys/fs/libsubsys__fs.a(littlefs_fs.c.obj)
 .text.littlefs_init_backend
                0x000000000000b3c4       0x4c zephyr/subsys/fs/libsubsys__fs.a(littlefs_fs.c.obj)
 .text.get_block_size
                0x000000000000b410       0x24 zephyr/subsys/fs/libsubsys__fs.a(littlefs_fs.c.obj)
 .text.littlefs_init_cfg
                0x000000000000b434      0x2cc zephyr/subsys/fs/libsubsys__fs.a(littlefs_fs.c.obj)
 .text.littlefs_init_fs
                0x000000000000b700       0x70 zephyr/subsys/fs/libsubsys__fs.a(littlefs_fs.c.obj)
 .text.littlefs_mount
                0x000000000000b770      0x164 zephyr/subsys/fs/libsubsys__fs.a(littlefs_fs.c.obj)
 .text.littlefs_closedir
                0x000000000000b8d4       0x38 zephyr/subsys/fs/libsubsys__fs.a(littlefs_fs.c.obj)
 .text.littlefs_opendir
                0x000000000000b90c       0x68 zephyr/subsys/fs/libsubsys__fs.a(littlefs_fs.c.obj)
 .text.release_file_data
                0x000000000000b974       0x28 zephyr/subsys/fs/libsubsys__fs.a(littlefs_fs.c.obj)
 .text.fc_allocate
                0x000000000000b99c       0x14 zephyr/subsys/fs/libsubsys__fs.a(littlefs_fs.c.obj)
 .text.littlefs_open
                0x000000000000b9b0       0x9c zephyr/subsys/fs/libsubsys__fs.a(littlefs_fs.c.obj)
 .text.mount_init
                0x000000000000ba4c       0xa0 zephyr/subsys/fs/libsubsys__fs.a(littlefs_fs.c.obj)
 .text.littlefs_init
                0x000000000000baec       0x34 zephyr/subsys/fs/libsubsys__fs.a(littlefs_fs.c.obj)
 .text.get_hf_flags
                0x000000000000bb20        0x8 zephyr/drivers/clock_control/libdrivers__clock_control.a(clock_control_nrf.c.obj)
 .text.get_subsys
                0x000000000000bb28        0xc zephyr/drivers/clock_control/libdrivers__clock_control.a(clock_control_nrf.c.obj)
 .text.onoff_start
                0x000000000000bb34       0x34 zephyr/drivers/clock_control/libdrivers__clock_control.a(clock_control_nrf.c.obj)
 .text.generic_hfclk_stop
                0x000000000000bb68       0x34 zephyr/drivers/clock_control/libdrivers__clock_control.a(clock_control_nrf.c.obj)
 .text.sys_notify_init_spinwait
                0x000000000000bb9c       0x38 zephyr/drivers/clock_control/libdrivers__clock_control.a(clock_control_nrf.c.obj)
 .text.nrf_clock_is_running
                0x000000000000bbd4       0x60 zephyr/drivers/clock_control/libdrivers__clock_control.a(clock_control_nrf.c.obj)
 .text.generic_hfclk_start
                0x000000000000bc34       0x70 zephyr/drivers/clock_control/libdrivers__clock_control.a(clock_control_nrf.c.obj)
 .text.get_status
                0x000000000000bca4       0x38 zephyr/drivers/clock_control/libdrivers__clock_control.a(clock_control_nrf.c.obj)
 .text.stop     0x000000000000bcdc       0x54 zephyr/drivers/clock_control/libdrivers__clock_control.a(clock_control_nrf.c.obj)
 .text.onoff_stop
                0x000000000000bd30       0x20 zephyr/drivers/clock_control/libdrivers__clock_control.a(clock_control_nrf.c.obj)
 .text.clock_event_handler
                0x000000000000bd50       0x74 zephyr/drivers/clock_control/libdrivers__clock_control.a(clock_control_nrf.c.obj)
 .text.lfclk_spinwait
                0x000000000000bdc4       0xcc zephyr/drivers/clock_control/libdrivers__clock_control.a(clock_control_nrf.c.obj)
 .text.api_blocking_start
                0x000000000000be90       0x3c zephyr/drivers/clock_control/libdrivers__clock_control.a(clock_control_nrf.c.obj)
 .text.clk_init
                0x000000000000becc       0x60 zephyr/drivers/clock_control/libdrivers__clock_control.a(clock_control_nrf.c.obj)
 .text.z_nrf_clock_control_lf_on
                0x000000000000bf2c       0x9c zephyr/drivers/clock_control/libdrivers__clock_control.a(clock_control_nrf.c.obj)
                0x000000000000bf2c                z_nrf_clock_control_lf_on
 .text.console_out
                0x000000000000bfc8       0x28 zephyr/drivers/console/libdrivers__console.a(uart_console.c.obj)
 .text.uart_console_hook_install
                0x000000000000bff0       0x18 zephyr/drivers/console/libdrivers__console.a(uart_console.c.obj)
 .text.uart_console_init
                0x000000000000c008       0x1c zephyr/drivers/console/libdrivers__console.a(uart_console.c.obj)
 .text.qspi_nor_pages_layout
                0x000000000000c024       0x10 zephyr/drivers/flash/libdrivers__flash.a(nrf_qspi_nor.c.obj)
 .text.qspi_flash_get_parameters
                0x000000000000c034        0x8 zephyr/drivers/flash/libdrivers__flash.a(nrf_qspi_nor.c.obj)
 .text.qspi_wait_for_completion
                0x000000000000c03c       0x20 zephyr/drivers/flash/libdrivers__flash.a(nrf_qspi_nor.c.obj)
 .text.qspi_send_cmd
                0x000000000000c05c       0xac zephyr/drivers/flash/libdrivers__flash.a(nrf_qspi_nor.c.obj)
 .text.qspi_erase
                0x000000000000c108      0x148 zephyr/drivers/flash/libdrivers__flash.a(nrf_qspi_nor.c.obj)
 .text.qspi_wrsr
                0x000000000000c250       0x80 zephyr/drivers/flash/libdrivers__flash.a(nrf_qspi_nor.c.obj)
 .text.configure_chip
                0x000000000000c2d0       0xc4 zephyr/drivers/flash/libdrivers__flash.a(nrf_qspi_nor.c.obj)
 .text.write_sub_word
                0x000000000000c394       0x58 zephyr/drivers/flash/libdrivers__flash.a(nrf_qspi_nor.c.obj)
 .text.write_through_buffer
                0x000000000000c3ec       0x58 zephyr/drivers/flash/libdrivers__flash.a(nrf_qspi_nor.c.obj)
 .text.read_non_aligned
                0x000000000000c444      0x124 zephyr/drivers/flash/libdrivers__flash.a(nrf_qspi_nor.c.obj)
 .text.exit_dpd
                0x000000000000c568       0x7c zephyr/drivers/flash/libdrivers__flash.a(nrf_qspi_nor.c.obj)
 .text.qspi_init
                0x000000000000c5e4       0xa0 zephyr/drivers/flash/libdrivers__flash.a(nrf_qspi_nor.c.obj)
 .text.qspi_nor_erase
                0x000000000000c684       0x88 zephyr/drivers/flash/libdrivers__flash.a(nrf_qspi_nor.c.obj)
 .text.qspi_nor_write
                0x000000000000c70c       0xfc zephyr/drivers/flash/libdrivers__flash.a(nrf_qspi_nor.c.obj)
 .text.qspi_nor_read
                0x000000000000c808       0x7c zephyr/drivers/flash/libdrivers__flash.a(nrf_qspi_nor.c.obj)
 .text.nvmc_wait_ready
                0x000000000000c884       0x14 zephyr/drivers/flash/libdrivers__flash.a(soc_flash_nrf.c.obj)
 .text.flash_nrf_pages_layout
                0x000000000000c898       0x10 zephyr/drivers/flash/libdrivers__flash.a(soc_flash_nrf.c.obj)
 .text.flash_nrf_get_parameters
                0x000000000000c8a8        0x8 zephyr/drivers/flash/libdrivers__flash.a(soc_flash_nrf.c.obj)
 .text.nrf_power_pofcon_set
                0x000000000000c8b0       0x48 zephyr/drivers/flash/libdrivers__flash.a(soc_flash_nrf.c.obj)
 .text.suspend_pofwarn
                0x000000000000c8f8       0x58 zephyr/drivers/flash/libdrivers__flash.a(soc_flash_nrf.c.obj)
 .text.restore_pofwarn
                0x000000000000c950       0x28 zephyr/drivers/flash/libdrivers__flash.a(soc_flash_nrf.c.obj)
 .text.flash_nrf_erase
                0x000000000000c978       0xc0 zephyr/drivers/flash/libdrivers__flash.a(soc_flash_nrf.c.obj)
 .text.flash_nrf_write
                0x000000000000ca38       0xb4 zephyr/drivers/flash/libdrivers__flash.a(soc_flash_nrf.c.obj)
 .text.flash_nrf_read
                0x000000000000caec       0x5c zephyr/drivers/flash/libdrivers__flash.a(soc_flash_nrf.c.obj)
 .text.nrf_flash_init
                0x000000000000cb48       0x28 zephyr/drivers/flash/libdrivers__flash.a(soc_flash_nrf.c.obj)
 .text.get_dev  0x000000000000cb70       0x1c zephyr/drivers/gpio/libdrivers__gpio.a(gpio_nrfx.c.obj)
 .text.gpio_manage_callback
                0x000000000000cb8c       0x94 zephyr/drivers/gpio/libdrivers__gpio.a(gpio_nrfx.c.obj)
 .text.nrf_gpio_pin_port_decode
                0x000000000000cc20       0x70 zephyr/drivers/gpio/libdrivers__gpio.a(gpio_nrfx.c.obj)
 .text.gpio_fire_callbacks
                0x000000000000cc90       0x70 zephyr/drivers/gpio/libdrivers__gpio.a(gpio_nrfx.c.obj)
 .text.gpio_nrfx_pin_interrupt_configure
                0x000000000000cd00       0xe0 zephyr/drivers/gpio/libdrivers__gpio.a(gpio_nrfx.c.obj)
 .text.gpio_nrfx_pin_configure
                0x000000000000cde0      0x1e8 zephyr/drivers/gpio/libdrivers__gpio.a(gpio_nrfx.c.obj)
 .text.gpio_nrfx_init
                0x000000000000cfc8       0x54 zephyr/drivers/gpio/libdrivers__gpio.a(gpio_nrfx.c.obj)
 .text.nrf_gpio_pin_port_decode
                0x000000000000d01c       0x70 zephyr/drivers/pinctrl/libdrivers__pinctrl.a(pinctrl_nrf.c.obj)
 .text.nrf_gpio_cfg
                0x000000000000d08c       0x48 zephyr/drivers/pinctrl/libdrivers__pinctrl.a(pinctrl_nrf.c.obj)
 .text.pinctrl_configure_pins
                0x000000000000d0d4      0x29c zephyr/drivers/pinctrl/libdrivers__pinctrl.a(pinctrl_nrf.c.obj)
                0x000000000000d0d4                pinctrl_configure_pins
 .text.nrf_pwm_configure
                0x000000000000d370       0x3c zephyr/drivers/pwm/libdrivers__pwm.a(pwm_nrfx.c.obj)
 .text.nrf_pwm_pin_get
                0x000000000000d3ac       0x38 zephyr/drivers/pwm/libdrivers__pwm.a(pwm_nrfx.c.obj)
 .text.nrf_gpio_pin_port_decode
                0x000000000000d3e4       0x70 zephyr/drivers/pwm/libdrivers__pwm.a(pwm_nrfx.c.obj)
 .text.pwm_period_check_and_set
                0x000000000000d454       0xa0 zephyr/drivers/pwm/libdrivers__pwm.a(pwm_nrfx.c.obj)
 .text.pwm_nrfx_set_cycles
                0x000000000000d4f4      0x174 zephyr/drivers/pwm/libdrivers__pwm.a(pwm_nrfx.c.obj)
 .text.pwm_nrfx_init
                0x000000000000d668       0x64 zephyr/drivers/pwm/libdrivers__pwm.a(pwm_nrfx.c.obj)
 .text.uarte_nrfx_poll_out
                0x000000000000d6cc       0x68 zephyr/drivers/serial/libdrivers__serial.a(uart_nrfx_uarte.c.obj)
 .text.endtx_stoptx_ppi_init
                0x000000000000d734       0x68 zephyr/drivers/serial/libdrivers__serial.a(uart_nrfx_uarte.c.obj)
 .text.uarte_instance_init
                0x000000000000d79c       0x38 zephyr/drivers/serial/libdrivers__serial.a(uart_nrfx_uarte.c.obj)
 .text.set_comparator
                0x000000000000d7d4       0x14 zephyr/drivers/timer/libdrivers__timer.a(nrf_rtc_timer.c.obj)
 .text.event_enable
                0x000000000000d7e8       0x14 zephyr/drivers/timer/libdrivers__timer.a(nrf_rtc_timer.c.obj)
 .text.event_disable
                0x000000000000d7fc       0x14 zephyr/drivers/timer/libdrivers__timer.a(nrf_rtc_timer.c.obj)
 .text.counter  0x000000000000d810        0xc zephyr/drivers/timer/libdrivers__timer.a(nrf_rtc_timer.c.obj)
 .text.set_alarm
                0x000000000000d81c       0x88 zephyr/drivers/timer/libdrivers__timer.a(nrf_rtc_timer.c.obj)
 .text.int_event_disable_rtc
                0x000000000000d8a4       0x18 zephyr/drivers/timer/libdrivers__timer.a(nrf_rtc_timer.c.obj)
 .text.nrf_rtc_prescaler_set
                0x000000000000d8bc       0x34 zephyr/drivers/timer/libdrivers__timer.a(nrf_rtc_timer.c.obj)
 .text.channel_processing_check_and_clear
                0x000000000000d8f0       0x60 zephyr/drivers/timer/libdrivers__timer.a(nrf_rtc_timer.c.obj)
 .text.compare_int_lock
                0x000000000000d950       0x4c zephyr/drivers/timer/libdrivers__timer.a(nrf_rtc_timer.c.obj)
 .text.sys_clock_timeout_handler
                0x000000000000d99c       0x50 zephyr/drivers/timer/libdrivers__timer.a(nrf_rtc_timer.c.obj)
 .text.compare_int_unlock
                0x000000000000d9ec       0x60 zephyr/drivers/timer/libdrivers__timer.a(nrf_rtc_timer.c.obj)
 .text.z_nrf_rtc_timer_read
                0x000000000000da4c       0x40 zephyr/drivers/timer/libdrivers__timer.a(nrf_rtc_timer.c.obj)
                0x000000000000da4c                z_nrf_rtc_timer_read
 .text.process_channel
                0x000000000000da8c       0x7c zephyr/drivers/timer/libdrivers__timer.a(nrf_rtc_timer.c.obj)
 .text.rtc_nrf_isr
                0x000000000000db08       0x40 zephyr/drivers/timer/libdrivers__timer.a(nrf_rtc_timer.c.obj)
                0x000000000000db08                rtc_nrf_isr
 .text.compare_set_nolocks
                0x000000000000db48       0xac zephyr/drivers/timer/libdrivers__timer.a(nrf_rtc_timer.c.obj)
 .text.sys_clock_driver_init
                0x000000000000dbf4       0x9c zephyr/drivers/timer/libdrivers__timer.a(nrf_rtc_timer.c.obj)
 .text.sys_clock_set_timeout
                0x000000000000dc90       0x74 zephyr/drivers/timer/libdrivers__timer.a(nrf_rtc_timer.c.obj)
                0x000000000000dc90                sys_clock_set_timeout
 .text.sys_clock_elapsed
                0x000000000000dd04       0x14 zephyr/drivers/timer/libdrivers__timer.a(nrf_rtc_timer.c.obj)
                0x000000000000dd04                sys_clock_elapsed
 .text.__NVIC_SystemReset
                0x000000000000dd18       0x24 modules/hal_nordic/modules/hal_nordic/nrfx/libmodules__hal_nordic__nrfx.a(system_nrf52840.c.obj)
 .text.nvmc_wait
                0x000000000000dd3c       0x10 modules/hal_nordic/modules/hal_nordic/nrfx/libmodules__hal_nordic__nrfx.a(system_nrf52840.c.obj)
                0x000000000000dd3c                nvmc_wait
 .text.nvmc_config
                0x000000000000dd4c       0x14 modules/hal_nordic/modules/hal_nordic/nrfx/libmodules__hal_nordic__nrfx.a(system_nrf52840.c.obj)
                0x000000000000dd4c                nvmc_config
 .text.SystemInit
                0x000000000000dd60      0x194 modules/hal_nordic/modules/hal_nordic/nrfx/libmodules__hal_nordic__nrfx.a(system_nrf52840.c.obj)
                0x000000000000dd60                SystemInit
 .text.nrfx_flag32_alloc
                0x000000000000def4       0x48 modules/hal_nordic/modules/hal_nordic/nrfx/libmodules__hal_nordic__nrfx.a(nrfx_flag32_allocator.c.obj)
                0x000000000000def4                nrfx_flag32_alloc
 .text.nrfx_flag32_free
                0x000000000000df3c       0x44 modules/hal_nordic/modules/hal_nordic/nrfx/libmodules__hal_nordic__nrfx.a(nrfx_flag32_allocator.c.obj)
                0x000000000000df3c                nrfx_flag32_free
 .text.nrfx_gppi_channels_enable
                0x000000000000df80        0xc modules/hal_nordic/modules/hal_nordic/nrfx/libmodules__hal_nordic__nrfx.a(nrfx_gppi_ppi.c.obj)
                0x000000000000df80                nrfx_gppi_channels_enable
 .text.nrfx_gppi_channel_endpoints_setup
                0x000000000000df8c       0x14 modules/hal_nordic/modules/hal_nordic/nrfx/libmodules__hal_nordic__nrfx.a(nrfx_gppi_ppi.c.obj)
                0x000000000000df8c                nrfx_gppi_channel_endpoints_setup
 .text.nrf_clock_is_running
                0x000000000000dfa0       0x60 modules/hal_nordic/modules/hal_nordic/nrfx/libmodules__hal_nordic__nrfx.a(nrfx_clock.c.obj)
 .text.clock_stop
                0x000000000000e000       0xa4 modules/hal_nordic/modules/hal_nordic/nrfx/libmodules__hal_nordic__nrfx.a(nrfx_clock.c.obj)
 .text.nrfx_clock_init
                0x000000000000e0a4       0x28 modules/hal_nordic/modules/hal_nordic/nrfx/libmodules__hal_nordic__nrfx.a(nrfx_clock.c.obj)
                0x000000000000e0a4                nrfx_clock_init
 .text.nrfx_clock_enable
                0x000000000000e0cc       0x4c modules/hal_nordic/modules/hal_nordic/nrfx/libmodules__hal_nordic__nrfx.a(nrfx_clock.c.obj)
                0x000000000000e0cc                nrfx_clock_enable
 .text.nrfx_clock_start
                0x000000000000e118      0x124 modules/hal_nordic/modules/hal_nordic/nrfx/libmodules__hal_nordic__nrfx.a(nrfx_clock.c.obj)
                0x000000000000e118                nrfx_clock_start
 .text.nrfx_clock_stop
                0x000000000000e23c       0x38 modules/hal_nordic/modules/hal_nordic/nrfx/libmodules__hal_nordic__nrfx.a(nrfx_clock.c.obj)
                0x000000000000e23c                nrfx_clock_stop
 .text.nrfx_power_clock_irq_handler
                0x000000000000e274       0xb0 modules/hal_nordic/modules/hal_nordic/nrfx/libmodules__hal_nordic__nrfx.a(nrfx_clock.c.obj)
                0x000000000000e274                nrfx_power_clock_irq_handler
 .text.nrf_gpio_latches_read_and_clear
                0x000000000000e324       0x44 modules/hal_nordic/modules/hal_nordic/nrfx/libmodules__hal_nordic__nrfx.a(nrfx_gpiote.c.obj)
 .text.get_pin_idx
                0x000000000000e368       0x14 modules/hal_nordic/modules/hal_nordic/nrfx/libmodules__hal_nordic__nrfx.a(nrfx_gpiote.c.obj)
 .text.get_cb   0x000000000000e37c        0x8 modules/hal_nordic/modules/hal_nordic/nrfx/libmodules__hal_nordic__nrfx.a(nrfx_gpiote.c.obj)
 .text.latch_pending_read_and_check
                0x000000000000e384       0x50 modules/hal_nordic/modules/hal_nordic/nrfx/libmodules__hal_nordic__nrfx.a(nrfx_gpiote.c.obj)
 .text.nrf_gpio_pin_port_decode
                0x000000000000e3d4       0x70 modules/hal_nordic/modules/hal_nordic/nrfx/libmodules__hal_nordic__nrfx.a(nrfx_gpiote.c.obj)
 .text.gpiote_output_configure
                0x000000000000e444       0xf8 modules/hal_nordic/modules/hal_nordic/nrfx/libmodules__hal_nordic__nrfx.a(nrfx_gpiote.c.obj)
 .text.nrf_gpio_cfg_default
                0x000000000000e53c       0x2c modules/hal_nordic/modules/hal_nordic/nrfx/libmodules__hal_nordic__nrfx.a(nrfx_gpiote.c.obj)
 .text.gpiote_channel_get
                0x000000000000e568       0x60 modules/hal_nordic/modules/hal_nordic/nrfx/libmodules__hal_nordic__nrfx.a(nrfx_gpiote.c.obj)
 .text.nrf_gpiote_in_event_get
                0x000000000000e5c8       0x34 modules/hal_nordic/modules/hal_nordic/nrfx/libmodules__hal_nordic__nrfx.a(nrfx_gpiote.c.obj)
 .text.pin_trigger_enable
                0x000000000000e5fc       0xc4 modules/hal_nordic/modules/hal_nordic/nrfx/libmodules__hal_nordic__nrfx.a(nrfx_gpiote.c.obj)
 .text.release_handler
                0x000000000000e6c0       0x84 modules/hal_nordic/modules/hal_nordic/nrfx/libmodules__hal_nordic__nrfx.a(nrfx_gpiote.c.obj)
 .text.pin_handler_set
                0x000000000000e744       0x88 modules/hal_nordic/modules/hal_nordic/nrfx/libmodules__hal_nordic__nrfx.a(nrfx_gpiote.c.obj)
 .text.gpiote_input_configure
                0x000000000000e7cc      0x16c modules/hal_nordic/modules/hal_nordic/nrfx/libmodules__hal_nordic__nrfx.a(nrfx_gpiote.c.obj)
 .text.pin_uninit
                0x000000000000e938       0x34 modules/hal_nordic/modules/hal_nordic/nrfx/libmodules__hal_nordic__nrfx.a(nrfx_gpiote.c.obj)
 .text.gpiote_init
                0x000000000000e96c       0x4c modules/hal_nordic/modules/hal_nordic/nrfx/libmodules__hal_nordic__nrfx.a(nrfx_gpiote.c.obj)
 .text.port_event_handle
                0x000000000000e9b8       0xc4 modules/hal_nordic/modules/hal_nordic/nrfx/libmodules__hal_nordic__nrfx.a(nrfx_gpiote.c.obj)
 .text.nrfx_gpiote_0_irq_handler
                0x000000000000ea7c       0x14 modules/hal_nordic/modules/hal_nordic/nrfx/libmodules__hal_nordic__nrfx.a(nrfx_gpiote.c.obj)
                0x000000000000ea7c                nrfx_gpiote_0_irq_handler
 .text.nvmc_readonly_mode_set
                0x000000000000ea90       0x10 modules/hal_nordic/modules/hal_nordic/nrfx/libmodules__hal_nordic__nrfx.a(nrfx_nvmc.c.obj)
 .text.nvmc_write_mode_set
                0x000000000000eaa0       0x10 modules/hal_nordic/modules/hal_nordic/nrfx/libmodules__hal_nordic__nrfx.a(nrfx_nvmc.c.obj)
 .text.nvmc_erase_mode_set
                0x000000000000eab0       0x10 modules/hal_nordic/modules/hal_nordic/nrfx/libmodules__hal_nordic__nrfx.a(nrfx_nvmc.c.obj)
 .text.nvmc_word_write
                0x000000000000eac0       0x18 modules/hal_nordic/modules/hal_nordic/nrfx/libmodules__hal_nordic__nrfx.a(nrfx_nvmc.c.obj)
 .text.nrfx_nvmc_page_erase
                0x000000000000ead8       0x68 modules/hal_nordic/modules/hal_nordic/nrfx/libmodules__hal_nordic__nrfx.a(nrfx_nvmc.c.obj)
                0x000000000000ead8                nrfx_nvmc_page_erase
 .text.nrfx_nvmc_word_write
                0x000000000000eb40       0x74 modules/hal_nordic/modules/hal_nordic/nrfx/libmodules__hal_nordic__nrfx.a(nrfx_nvmc.c.obj)
                0x000000000000eb40                nrfx_nvmc_word_write
 .text.nrfx_ppi_channel_alloc
                0x000000000000ebb4       0x10 modules/hal_nordic/modules/hal_nordic/nrfx/libmodules__hal_nordic__nrfx.a(nrfx_ppi.c.obj)
                0x000000000000ebb4                nrfx_ppi_channel_alloc
 .text.pwm_stopped_check
                0x000000000000ebc4       0x48 modules/hal_nordic/modules/hal_nordic/nrfx/libmodules__hal_nordic__nrfx.a(nrfx_pwm.c.obj)
 .text.nrf_gpio_pin_port_decode
                0x000000000000ec0c       0x70 modules/hal_nordic/modules/hal_nordic/nrfx/libmodules__hal_nordic__nrfx.a(nrfx_pwm.c.obj)
 .text.nrf_gpio_cfg_output
                0x000000000000ec7c       0x2c modules/hal_nordic/modules/hal_nordic/nrfx/libmodules__hal_nordic__nrfx.a(nrfx_pwm.c.obj)
 .text.nrf_pwm_configure
                0x000000000000eca8       0x3c modules/hal_nordic/modules/hal_nordic/nrfx/libmodules__hal_nordic__nrfx.a(nrfx_pwm.c.obj)
 .text.nrf_pwm_seq_ptr_set
                0x000000000000ece4       0x54 modules/hal_nordic/modules/hal_nordic/nrfx/libmodules__hal_nordic__nrfx.a(nrfx_pwm.c.obj)
 .text.nrf_pwm_seq_cnt_set
                0x000000000000ed38       0x7c modules/hal_nordic/modules/hal_nordic/nrfx/libmodules__hal_nordic__nrfx.a(nrfx_pwm.c.obj)
 .text.nrf_pwm_seq_refresh_set
                0x000000000000edb4       0x5c modules/hal_nordic/modules/hal_nordic/nrfx/libmodules__hal_nordic__nrfx.a(nrfx_pwm.c.obj)
 .text.nrf_pwm_seq_end_delay_set
                0x000000000000ee10       0x5c modules/hal_nordic/modules/hal_nordic/nrfx/libmodules__hal_nordic__nrfx.a(nrfx_pwm.c.obj)
 .text.nrf_pwm_sequence_set
                0x000000000000ee6c       0x58 modules/hal_nordic/modules/hal_nordic/nrfx/libmodules__hal_nordic__nrfx.a(nrfx_pwm.c.obj)
 .text.nrf_pwm_seqstart_task_get
                0x000000000000eec4       0x38 modules/hal_nordic/modules/hal_nordic/nrfx/libmodules__hal_nordic__nrfx.a(nrfx_pwm.c.obj)
 .text.nrfx_pwm_init
                0x000000000000eefc       0x54 modules/hal_nordic/modules/hal_nordic/nrfx/libmodules__hal_nordic__nrfx.a(nrfx_pwm.c.obj)
                0x000000000000eefc                nrfx_pwm_init
 .text.nrfx_pwm_simple_playback
                0x000000000000ef50       0xec modules/hal_nordic/modules/hal_nordic/nrfx/libmodules__hal_nordic__nrfx.a(nrfx_pwm.c.obj)
                0x000000000000ef50                nrfx_pwm_simple_playback
 .text.nrfx_pwm_stop
                0x000000000000f03c       0x78 modules/hal_nordic/modules/hal_nordic/nrfx/libmodules__hal_nordic__nrfx.a(nrfx_pwm.c.obj)
                0x000000000000f03c                nrfx_pwm_stop
 .text.nrfx_pwm_stopped_check
                0x000000000000f0b4       0x44 modules/hal_nordic/modules/hal_nordic/nrfx/libmodules__hal_nordic__nrfx.a(nrfx_pwm.c.obj)
                0x000000000000f0b4                nrfx_pwm_stopped_check
 .text.nrfx_pwm_0_irq_handler
                0x000000000000f0f8       0x14 modules/hal_nordic/modules/hal_nordic/nrfx/libmodules__hal_nordic__nrfx.a(nrfx_pwm.c.obj)
                0x000000000000f0f8                nrfx_pwm_0_irq_handler
 .text.nrf_qspi_disable
                0x000000000000f10c       0x1c modules/hal_nordic/modules/hal_nordic/nrfx/libmodules__hal_nordic__nrfx.a(nrfx_qspi.c.obj)
 .text.qspi_deactivate
                0x000000000000f128       0x28 modules/hal_nordic/modules/hal_nordic/nrfx/libmodules__hal_nordic__nrfx.a(nrfx_qspi.c.obj)
 .text.qspi_workaround_215_43_apply
                0x000000000000f150       0x50 modules/hal_nordic/modules/hal_nordic/nrfx/libmodules__hal_nordic__nrfx.a(nrfx_qspi.c.obj)
 .text.qspi_event_xfer_handle
                0x000000000000f1a0       0x30 modules/hal_nordic/modules/hal_nordic/nrfx/libmodules__hal_nordic__nrfx.a(nrfx_qspi.c.obj)
 .text.qspi_event_erase_handle
                0x000000000000f1d0       0x14 modules/hal_nordic/modules/hal_nordic/nrfx/libmodules__hal_nordic__nrfx.a(nrfx_qspi.c.obj)
 .text.qspi_extended_event_process
                0x000000000000f1e4       0x40 modules/hal_nordic/modules/hal_nordic/nrfx/libmodules__hal_nordic__nrfx.a(nrfx_qspi.c.obj)
 .text.qspi_activate_event_process
                0x000000000000f224       0x34 modules/hal_nordic/modules/hal_nordic/nrfx/libmodules__hal_nordic__nrfx.a(nrfx_qspi.c.obj)
 .text.nrf_gpio_pin_port_decode
                0x000000000000f258       0x70 modules/hal_nordic/modules/hal_nordic/nrfx/libmodules__hal_nordic__nrfx.a(nrfx_qspi.c.obj)
 .text.qspi_pins_configure
                0x000000000000f2c8      0x124 modules/hal_nordic/modules/hal_nordic/nrfx/libmodules__hal_nordic__nrfx.a(nrfx_qspi.c.obj)
 .text.qspi_configure
                0x000000000000f3ec       0x64 modules/hal_nordic/modules/hal_nordic/nrfx/libmodules__hal_nordic__nrfx.a(nrfx_qspi.c.obj)
 .text.qspi_ready_wait
                0x000000000000f450       0x6c modules/hal_nordic/modules/hal_nordic/nrfx/libmodules__hal_nordic__nrfx.a(nrfx_qspi.c.obj)
 .text.qspi_activate
                0x000000000000f4bc       0x38 modules/hal_nordic/modules/hal_nordic/nrfx/libmodules__hal_nordic__nrfx.a(nrfx_qspi.c.obj)
 .text.qspi_xfer
                0x000000000000f4f4      0x164 modules/hal_nordic/modules/hal_nordic/nrfx/libmodules__hal_nordic__nrfx.a(nrfx_qspi.c.obj)
 .text.nrfx_qspi_init
                0x000000000000f658       0x68 modules/hal_nordic/modules/hal_nordic/nrfx/libmodules__hal_nordic__nrfx.a(nrfx_qspi.c.obj)
                0x000000000000f658                nrfx_qspi_init
 .text.nrfx_qspi_cinstr_xfer
                0x000000000000f6c0       0xec modules/hal_nordic/modules/hal_nordic/nrfx/libmodules__hal_nordic__nrfx.a(nrfx_qspi.c.obj)
                0x000000000000f6c0                nrfx_qspi_cinstr_xfer
 .text.nrfx_qspi_activate
                0x000000000000f7ac       0x4c modules/hal_nordic/modules/hal_nordic/nrfx/libmodules__hal_nordic__nrfx.a(nrfx_qspi.c.obj)
                0x000000000000f7ac                nrfx_qspi_activate
 .text.nrfx_qspi_deactivate
                0x000000000000f7f8       0x4c modules/hal_nordic/modules/hal_nordic/nrfx/libmodules__hal_nordic__nrfx.a(nrfx_qspi.c.obj)
                0x000000000000f7f8                nrfx_qspi_deactivate
 .text.nrfx_qspi_init_check
                0x000000000000f844       0x14 modules/hal_nordic/modules/hal_nordic/nrfx/libmodules__hal_nordic__nrfx.a(nrfx_qspi.c.obj)
                0x000000000000f844                nrfx_qspi_init_check
 .text.nrfx_qspi_erase
                0x000000000000f858       0xdc modules/hal_nordic/modules/hal_nordic/nrfx/libmodules__hal_nordic__nrfx.a(nrfx_qspi.c.obj)
                0x000000000000f858                nrfx_qspi_erase
 .text.nrfx_qspi_chip_erase
                0x000000000000f934       0x40 modules/hal_nordic/modules/hal_nordic/nrfx/libmodules__hal_nordic__nrfx.a(nrfx_qspi.c.obj)
                0x000000000000f934                nrfx_qspi_chip_erase
 .text.nrfx_qspi_irq_handler
                0x000000000000f974       0x6c modules/hal_nordic/modules/hal_nordic/nrfx/libmodules__hal_nordic__nrfx.a(nrfx_qspi.c.obj)
                0x000000000000f974                nrfx_qspi_irq_handler
 .text.lfs_fs_disk_version
                0x000000000000f9e0        0x8 modules/littlefs/libmodules__littlefs.a(lfs.c.obj)
 .text.lfs_dir_traverse_filter
                0x000000000000f9e8       0x7c modules/littlefs/libmodules__littlefs.a(lfs.c.obj)
 .text.lfs_fs_prepmove
                0x000000000000fa64       0x54 modules/littlefs/libmodules__littlefs.a(lfs.c.obj)
 .text.lfs_bd_erase
                0x000000000000fab8       0x58 modules/littlefs/libmodules__littlefs.a(lfs.c.obj)
 .text.lfs_fs_preporphans
                0x000000000000fb10       0x78 modules/littlefs/libmodules__littlefs.a(lfs.c.obj)
 .text.lfs_bd_read
                0x000000000000fb88      0x1f4 modules/littlefs/libmodules__littlefs.a(lfs.c.obj)
 .text.lfs_dir_getslice
                0x000000000000fd7c      0x168 modules/littlefs/libmodules__littlefs.a(lfs.c.obj)
 .text.lfs_dir_getgstate
                0x000000000000fee4       0x38 modules/littlefs/libmodules__littlefs.a(lfs.c.obj)
 .text.lfs_dir_traverse
                0x000000000000ff1c      0x338 modules/littlefs/libmodules__littlefs.a(lfs.c.obj)
 .text.lfs_bd_flush
                0x0000000000010254       0xcc modules/littlefs/libmodules__littlefs.a(lfs.c.obj)
 .text.lfs_bd_prog
                0x0000000000010320      0x114 modules/littlefs/libmodules__littlefs.a(lfs.c.obj)
 .text.lfs_bd_sync
                0x0000000000010434       0x44 modules/littlefs/libmodules__littlefs.a(lfs.c.obj)
 .text.lfs_file_flushedread
                0x0000000000010478      0x108 modules/littlefs/libmodules__littlefs.a(lfs.c.obj)
 .text.lfs_dir_fetchmatch
                0x0000000000010580      0x508 modules/littlefs/libmodules__littlefs.a(lfs.c.obj)
 .text.lfs_fs_parent
                0x0000000000010a88       0xf4 modules/littlefs/libmodules__littlefs.a(lfs.c.obj)
 .text.lfs_fs_traverse_
                0x0000000000010b7c      0x1dc modules/littlefs/libmodules__littlefs.a(lfs.c.obj)
 .text.lfs_alloc_scan
                0x0000000000010d58       0x54 modules/littlefs/libmodules__littlefs.a(lfs.c.obj)
 .text.lfs_alloc
                0x0000000000010dac       0xcc modules/littlefs/libmodules__littlefs.a(lfs.c.obj)
 .text.lfs_file_relocate
                0x0000000000010e78      0x104 modules/littlefs/libmodules__littlefs.a(lfs.c.obj)
 .text.lfs_file_read_
                0x0000000000010f7c       0x54 modules/littlefs/libmodules__littlefs.a(lfs.c.obj)
 .text.lfs_file_write_
                0x0000000000010fd0       0xbc modules/littlefs/libmodules__littlefs.a(lfs.c.obj)
 .text.lfs_file_truncate_
                0x000000000001108c      0x12c modules/littlefs/libmodules__littlefs.a(lfs.c.obj)
 .text.lfs_fs_size_
                0x00000000000111b8       0x20 modules/littlefs/libmodules__littlefs.a(lfs.c.obj)
 .text.lfs_fs_pred
                0x00000000000111d8       0xe4 modules/littlefs/libmodules__littlefs.a(lfs.c.obj)
 .text.lfs_dir_commitcrc
                0x00000000000112bc      0x1f8 modules/littlefs/libmodules__littlefs.a(lfs.c.obj)
 .text.lfs_dir_compact
                0x00000000000114b4      0x2c4 modules/littlefs/libmodules__littlefs.a(lfs.c.obj)
 .text.lfs_dir_splittingcompact
                0x0000000000011778      0x1c0 modules/littlefs/libmodules__littlefs.a(lfs.c.obj)
 .text.lfs_dir_relocatingcommit
                0x0000000000011938      0x384 modules/littlefs/libmodules__littlefs.a(lfs.c.obj)
 .text.lfs_dir_orphaningcommit
                0x0000000000011cbc      0x39c modules/littlefs/libmodules__littlefs.a(lfs.c.obj)
 .text.lfs_fs_deorphan
                0x0000000000012058      0x1ac modules/littlefs/libmodules__littlefs.a(lfs.c.obj)
 .text.lfs_fs_desuperblock
                0x0000000000012204       0x6c modules/littlefs/libmodules__littlefs.a(lfs.c.obj)
 .text.lfs_fs_demove
                0x0000000000012270       0x88 modules/littlefs/libmodules__littlefs.a(lfs.c.obj)
 .text.lfs_dir_drop
                0x00000000000122f8       0x40 modules/littlefs/libmodules__littlefs.a(lfs.c.obj)
 .text.lfs_init
                0x0000000000012338      0x418 modules/littlefs/libmodules__littlefs.a(lfs.c.obj)
 .text.lfs_format_
                0x0000000000012750      0x100 modules/littlefs/libmodules__littlefs.a(lfs.c.obj)
 .text.lfs_mount_
                0x0000000000012850      0x394 modules/littlefs/libmodules__littlefs.a(lfs.c.obj)
 .text.lfs_dir_find
                0x0000000000012be4      0x178 modules/littlefs/libmodules__littlefs.a(lfs.c.obj)
 .text.lfs_remove_
                0x0000000000012d5c      0x100 modules/littlefs/libmodules__littlefs.a(lfs.c.obj)
 .text.lfs_dir_open_
                0x0000000000012e5c       0x90 modules/littlefs/libmodules__littlefs.a(lfs.c.obj)
 .text.lfs_rename_
                0x0000000000012eec      0x2b4 modules/littlefs/libmodules__littlefs.a(lfs.c.obj)
 .text.lfs_file_opencfg_
                0x00000000000131a0      0x254 modules/littlefs/libmodules__littlefs.a(lfs.c.obj)
 .text.lfs_mkdir_
                0x00000000000133f4      0x168 modules/littlefs/libmodules__littlefs.a(lfs.c.obj)
 .text.lfs_dir_getinfo
                0x000000000001355c       0x94 modules/littlefs/libmodules__littlefs.a(lfs.c.obj)
 .text.lfs_dir_read_
                0x00000000000135f0       0xb8 modules/littlefs/libmodules__littlefs.a(lfs.c.obj)
 .text.lfs_file_opencfg
                0x00000000000136a8       0x50 modules/littlefs/libmodules__littlefs.a(lfs.c.obj)
                0x00000000000136a8                lfs_file_opencfg
 .text.lfs_file_close
                0x00000000000136f8       0x40 modules/littlefs/libmodules__littlefs.a(lfs.c.obj)
                0x00000000000136f8                lfs_file_close
 .text.lfs_file_sync
                0x0000000000013738       0x40 modules/littlefs/libmodules__littlefs.a(lfs.c.obj)
                0x0000000000013738                lfs_file_sync
 .text.lfs_file_read
                0x0000000000013778       0x48 modules/littlefs/libmodules__littlefs.a(lfs.c.obj)
                0x0000000000013778                lfs_file_read
 .text.lfs_file_write
                0x00000000000137c0       0x48 modules/littlefs/libmodules__littlefs.a(lfs.c.obj)
                0x00000000000137c0                lfs_file_write
 .text.lfs_file_seek
                0x0000000000013808       0x48 modules/littlefs/libmodules__littlefs.a(lfs.c.obj)
                0x0000000000013808                lfs_file_seek
 .text.lfs_file_truncate
                0x0000000000013850       0x44 modules/littlefs/libmodules__littlefs.a(lfs.c.obj)
                0x0000000000013850                lfs_file_truncate
 .text.lfs_file_tell
                0x0000000000013894       0x40 modules/littlefs/libmodules__littlefs.a(lfs.c.obj)
                0x0000000000013894                lfs_file_tell
 .text.lfs_dir_open
                0x00000000000138d4       0x44 modules/littlefs/libmodules__littlefs.a(lfs.c.obj)
                0x00000000000138d4                lfs_dir_open
 .text.lfs_crc  0x0000000000013918       0x40 modules/littlefs/libmodules__littlefs.a(zephyr_lfs_crc.c.obj)
                0x0000000000013918                lfs_crc
 .text._DoInit  0x0000000000013958       0x64 modules/segger/libmodules__segger.a(SEGGER_RTT.c.obj)
 .text.SEGGER_RTT_StrongCheckInit
                0x00000000000139bc       0x38 modules/segger/libmodules__segger.a(SEGGER_RTT.c.obj)
 .text.SEGGER_RTT_WriteSkipNoLock
                0x00000000000139f4       0xd0 modules/segger/libmodules__segger.a(SEGGER_RTT.c.obj)
                0x00000000000139f4                SEGGER_RTT_WriteSkipNoLock
 .text.SEGGER_RTT_HasDataUp
                0x0000000000013ac4       0x20 modules/segger/libmodules__segger.a(SEGGER_RTT.c.obj)
                0x0000000000013ac4                SEGGER_RTT_HasDataUp
 .text.z_device_state_init
                0x0000000000013ae4       0x4c zephyr/kernel/libkernel.a(device.c.obj)
                0x0000000000013ae4                z_device_state_init
 .text.z_device_get_all_static
                0x0000000000013b30       0x20 zephyr/kernel/libkernel.a(device.c.obj)
                0x0000000000013b30                z_device_get_all_static
 .text.reason_to_str
                0x0000000000013b50       0x40 zephyr/kernel/libkernel.a(fatal.c.obj)
 .text.thread_name_get
                0x0000000000013b90       0x20 zephyr/kernel/libkernel.a(fatal.c.obj)
 .text.k_sys_fatal_error_handler
                0x0000000000013bb0       0x38 zephyr/kernel/libkernel.a(fatal.c.obj)
                0x0000000000013bb0                k_sys_fatal_error_handler
 .text.z_fatal_error
                0x0000000000013be8       0xfc zephyr/kernel/libkernel.a(fatal.c.obj)
                0x0000000000013be8                z_fatal_error
 .text.z_sys_init_run_level
                0x0000000000013ce4       0x34 zephyr/kernel/libkernel.a(init.c.obj)
 .text.init_idle_thread
                0x0000000000013d18       0x60 zephyr/kernel/libkernel.a(init.c.obj)
 .text.thread_schedule_new
                0x0000000000013d78       0x1c zephyr/kernel/libkernel.a(init.c.obj)
 .text.z_init_static_threads
                0x0000000000013d94       0xc4 zephyr/kernel/libkernel.a(init.c.obj)
 .text.bg_thread_main
                0x0000000000013e58       0x38 zephyr/kernel/libkernel.a(init.c.obj)
 .text.switch_to_main_thread
                0x0000000000013e90       0x14 zephyr/kernel/libkernel.a(init.c.obj)
 .text.z_bss_zero
                0x0000000000013ea4       0x18 zephyr/kernel/libkernel.a(init.c.obj)
                0x0000000000013ea4                z_bss_zero
 .text.z_init_cpu
                0x0000000000013ebc       0x48 zephyr/kernel/libkernel.a(init.c.obj)
                0x0000000000013ebc                z_init_cpu
 .text.prepare_multithreading
                0x0000000000013f04       0x60 zephyr/kernel/libkernel.a(init.c.obj)
 .text.z_cstart
                0x0000000000013f64       0x98 zephyr/kernel/libkernel.a(init.c.obj)
                0x0000000000013f64                z_cstart
 .text.statics_init
                0x0000000000013ffc       0x58 zephyr/kernel/libkernel.a(kheap.c.obj)
 .text.k_heap_aligned_alloc
                0x0000000000014054      0x16c zephyr/kernel/libkernel.a(kheap.c.obj)
                0x0000000000014054                k_heap_aligned_alloc
 .text.k_heap_free
                0x00000000000141c0       0xac zephyr/kernel/libkernel.a(kheap.c.obj)
                0x00000000000141c0                k_heap_free
 .text.unpend_thread_no_timeout
                0x000000000001426c       0x44 zephyr/kernel/libkernel.a(mem_slab.c.obj)
 .text.init_mem_slab_obj_core_list
                0x00000000000142b0       0x58 zephyr/kernel/libkernel.a(mem_slab.c.obj)
 .text.k_mem_slab_alloc
                0x0000000000014308      0x124 zephyr/kernel/libkernel.a(mem_slab.c.obj)
                0x0000000000014308                k_mem_slab_alloc
 .text.k_mem_slab_free
                0x000000000001442c      0x168 zephyr/kernel/libkernel.a(mem_slab.c.obj)
                0x000000000001442c                k_mem_slab_free
 .text.idle     0x0000000000014594       0x48 zephyr/kernel/libkernel.a(idle.c.obj)
                0x0000000000014594                idle
 .text.arch_spin_relax
                0x00000000000145dc       0x44 zephyr/kernel/libkernel.a(idle.c.obj)
                0x00000000000145dc                arch_spin_relax
 .text.unpend_thread_no_timeout
                0x0000000000014620       0x44 zephyr/kernel/libkernel.a(mutex.c.obj)
 .text.z_impl_k_mutex_lock
                0x0000000000014664      0x230 zephyr/kernel/libkernel.a(mutex.c.obj)
                0x0000000000014664                z_impl_k_mutex_lock
 .text.z_impl_k_mutex_unlock
                0x0000000000014894      0x19c zephyr/kernel/libkernel.a(mutex.c.obj)
                0x0000000000014894                z_impl_k_mutex_unlock
 .text.unpend_thread_no_timeout
                0x0000000000014a30       0x44 zephyr/kernel/libkernel.a(sem.c.obj)
 .text.z_impl_k_sem_give
                0x0000000000014a74       0xf0 zephyr/kernel/libkernel.a(sem.c.obj)
                0x0000000000014a74                z_impl_k_sem_give
 .text.z_impl_k_sem_take
                0x0000000000014b64      0x124 zephyr/kernel/libkernel.a(sem.c.obj)
                0x0000000000014b64                z_impl_k_sem_take
 .text.thread_schedule_new
                0x0000000000014c88       0x1c zephyr/kernel/libkernel.a(thread.c.obj)
 .text.z_impl_k_thread_name_set
                0x0000000000014ca4       0x24 zephyr/kernel/libkernel.a(thread.c.obj)
                0x0000000000014ca4                z_impl_k_thread_name_set
 .text.k_thread_state_str
                0x0000000000014cc8       0x78 zephyr/kernel/libkernel.a(thread.c.obj)
                0x0000000000014cc8                k_thread_state_str
 .text.z_setup_new_thread
                0x0000000000014d40      0x190 zephyr/kernel/libkernel.a(thread.c.obj)
                0x0000000000014d40                z_setup_new_thread
 .text.z_impl_k_thread_create
                0x0000000000014ed0       0x7c zephyr/kernel/libkernel.a(thread.c.obj)
                0x0000000000014ed0                z_impl_k_thread_create
 .text.z_swap_irqlock
                0x0000000000014f4c       0x34 zephyr/kernel/libkernel.a(sched.c.obj)
 .text.unpend_thread_no_timeout
                0x0000000000014f80       0x44 zephyr/kernel/libkernel.a(sched.c.obj)
 .text.z_sched_lock